==== KGB ext shard 5/6 start Thu Jun  4 03:26:25 AM 2026 on <node> ====
GPU 0: NVIDIA H20 (UUID: GPU-<redacted>)
==== RQ-KGB-1 ====
2026-06-04 03:26:27,238 [INFO] run_kgb_mutation_test: KGB oracle available: True | mode=ext shard=5/6 cats=['A', 'B', 'C', 'D'] out=runs/kgb_ext_s5
2026-06-04 03:26:27,238 [INFO] run_kgb_mutation_test: subjects in shard: 11
2026-06-04 03:26:27,238 [INFO] run_kgb_mutation_test: === [1/11] softmax/bfloat16/(1024, 1024) (P5) ===
2026-06-04 03:26:35,384 [INFO] src.mutengine.mutant_runner: Generated 31 mutants for L0_P5 (A:24, B:2, C:4, D:1)
2026-06-04 03:26:35,385 [INFO] src.mutengine.report: Saved result to runs/kgb_ext_s5/details/L0_P5.json
2026-06-04 03:26:35,385 [INFO] run_kgb_mutation_test:   done: total=31 killed=10 survived=20 stillborn=1 crashes=0 (applied 31/31)
2026-06-04 03:26:35,386 [INFO] src.mutengine.report: Summary saved to runs/kgb_ext_s5/summary.json and runs/kgb_ext_s5/summary.md
2026-06-04 03:26:35,386 [INFO] run_kgb_mutation_test: === [2/11] rmsnorm/bfloat16/(128, 512) (P11) ===
2026-06-04 03:26:43,274 [INFO] src.mutengine.mutant_runner: Generated 30 mutants for L0_P11 (A:22, B:2, C:6, D:0)
2026-06-04 03:26:43,276 [INFO] src.mutengine.report: Saved result to runs/kgb_ext_s5/details/L0_P11.json
2026-06-04 03:26:43,276 [INFO] run_kgb_mutation_test:   done: total=30 killed=16 survived=13 stillborn=1 crashes=0 (applied 30/30)
2026-06-04 03:26:43,279 [INFO] src.mutengine.report: Summary saved to runs/kgb_ext_s5/summary.json and runs/kgb_ext_s5/summary.md
2026-06-04 03:26:43,279 [INFO] run_kgb_mutation_test: === [3/11] rmsnorm/bfloat16/(2048, 256) (P17) ===
2026-06-04 03:26:49,251 [WARNING] run_kgb_mutation_test:   worker crashed at mutant #12 (cuda_crash/illegal_memory_access); mark killed, restart at 13
2026-06-04 03:26:53,376 [WARNING] run_kgb_mutation_test:   worker crashed at mutant #14 (cuda_crash/illegal_memory_access); mark killed, restart at 15
2026-06-04 03:26:57,508 [INFO] src.mutengine.mutant_runner: Generated 30 mutants for L0_P17 (A:22, B:2, C:6, D:0)
2026-06-04 03:26:57,509 [INFO] src.mutengine.report: Saved result to runs/kgb_ext_s5/details/L0_P17.json
2026-06-04 03:26:57,509 [INFO] run_kgb_mutation_test:   done: total=30 killed=16 survived=13 stillborn=1 crashes=2 (applied 30/30)
2026-06-04 03:26:57,512 [INFO] src.mutengine.report: Summary saved to runs/kgb_ext_s5/summary.json and runs/kgb_ext_s5/summary.md
2026-06-04 03:26:57,512 [INFO] run_kgb_mutation_test: === [4/11] layernorm/bfloat16/(512, 1024) (P23) ===
2026-06-04 03:27:03,234 [WARNING] run_kgb_mutation_test:   worker crashed at mutant #20 (cuda_crash/illegal_memory_access); mark killed, restart at 21
2026-06-04 03:27:09,277 [INFO] src.mutengine.mutant_runner: Generated 49 mutants for L0_P23 (A:36, B:2, C:10, D:1)
2026-06-04 03:27:09,280 [INFO] src.mutengine.report: Saved result to runs/kgb_ext_s5/details/L0_P23.json
2026-06-04 03:27:09,280 [INFO] run_kgb_mutation_test:   done: total=49 killed=24 survived=24 stillborn=1 crashes=1 (applied 49/49)
2026-06-04 03:27:09,283 [INFO] src.mutengine.report: Summary saved to runs/kgb_ext_s5/summary.json and runs/kgb_ext_s5/summary.md
2026-06-04 03:27:09,283 [INFO] run_kgb_mutation_test: === [5/11] reduce/bfloat16/(128, 1024) (P29) ===
2026-06-04 03:27:15,330 [INFO] src.mutengine.mutant_runner: Generated 26 mutants for L0_P29 (A:19, B:2, C:4, D:1)
2026-06-04 03:27:15,332 [INFO] src.mutengine.report: Saved result to runs/kgb_ext_s5/details/L0_P29.json
2026-06-04 03:27:15,332 [INFO] run_kgb_mutation_test:   done: total=26 killed=14 survived=11 stillborn=1 crashes=0 (applied 26/26)
2026-06-04 03:27:15,337 [INFO] src.mutengine.report: Summary saved to runs/kgb_ext_s5/summary.json and runs/kgb_ext_s5/summary.md
2026-06-04 03:27:15,337 [INFO] run_kgb_mutation_test: === [6/11] reduce/bfloat16/(1024, 2048) (P35) ===
2026-06-04 03:27:20,733 [INFO] src.mutengine.mutant_runner: Generated 26 mutants for L0_P35 (A:19, B:2, C:4, D:1)
2026-06-04 03:27:20,735 [INFO] src.mutengine.report: Saved result to runs/kgb_ext_s5/details/L0_P35.json
2026-06-04 03:27:20,735 [INFO] run_kgb_mutation_test:   done: total=26 killed=14 survived=11 stillborn=1 crashes=0 (applied 26/26)
2026-06-04 03:27:20,739 [INFO] src.mutengine.report: Summary saved to runs/kgb_ext_s5/summary.json and runs/kgb_ext_s5/summary.md
2026-06-04 03:27:20,739 [INFO] run_kgb_mutation_test: === [7/11] matmul/bfloat16/(512, 256, 512) (P41) ===
2026-06-04 03:27:28,839 [INFO] src.mutengine.mutant_runner: Generated 42 mutants for L0_P41 (A:33, B:8, C:1, D:0)
2026-06-04 03:27:28,842 [INFO] src.mutengine.report: Saved result to runs/kgb_ext_s5/details/L0_P41.json
2026-06-04 03:27:28,842 [INFO] run_kgb_mutation_test:   done: total=42 killed=34 survived=7 stillborn=1 crashes=0 (applied 42/42)
2026-06-04 03:27:28,845 [INFO] src.mutengine.report: Summary saved to runs/kgb_ext_s5/summary.json and runs/kgb_ext_s5/summary.md
2026-06-04 03:27:28,845 [INFO] run_kgb_mutation_test: === [8/11] cross_entropy/bfloat16/(1024, 1024) (P47) ===
2026-06-04 03:27:35,769 [WARNING] run_kgb_mutation_test:   worker crashed at mutant #14 (cuda_crash/illegal_memory_access); mark killed, restart at 15
2026-06-04 03:27:41,841 [WARNING] run_kgb_mutation_test:   worker crashed at mutant #22 (cuda_crash/illegal_memory_access); mark killed, restart at 23
2026-06-04 03:27:49,333 [INFO] src.mutengine.mutant_runner: Generated 48 mutants for L0_P47 (A:32, B:2, C:14, D:0)
2026-06-04 03:27:49,336 [INFO] src.mutengine.report: Saved result to runs/kgb_ext_s5/details/L0_P47.json
2026-06-04 03:27:49,336 [INFO] run_kgb_mutation_test:   done: total=48 killed=15 survived=32 stillborn=1 crashes=2 (applied 48/48)
2026-06-04 03:27:49,340 [INFO] src.mutengine.report: Summary saved to runs/kgb_ext_s5/summary.json and runs/kgb_ext_s5/summary.md
2026-06-04 03:27:49,340 [INFO] run_kgb_mutation_test: === [9/11] rotary_embedding/bfloat16/(256, 128) (P53) ===
2026-06-04 03:27:54,312 [WARNING] run_kgb_mutation_test:   seed INVALID (killed: ); skip
2026-06-04 03:27:54,312 [INFO] run_kgb_mutation_test: === [10/11] fused_mlp/bfloat16/(256, 512, 512) (P59) ===
2026-06-04 03:27:59,135 [WARNING] run_kgb_mutation_test:   seed INVALID (killed: ); skip
2026-06-04 03:27:59,135 [INFO] run_kgb_mutation_test: === [11/11] flash_attention/bfloat16/(2, 4, 256, 64) (P65) ===
2026-06-04 03:28:06,309 [WARNING] run_kgb_mutation_test:   worker crashed at mutant #22 (cuda_crash/illegal_memory_access); mark killed, restart at 23
2026-06-04 03:28:14,683 [WARNING] run_kgb_mutation_test:   worker crashed at mutant #43 (cuda_crash/illegal_memory_access); mark killed, restart at 44
2026-06-04 03:28:21,356 [WARNING] run_kgb_mutation_test:   worker crashed at mutant #83 (cuda_crash/illegal_memory_access); mark killed, restart at 84
2026-06-04 03:28:25,276 [WARNING] run_kgb_mutation_test:   worker crashed at mutant #87 (cuda_crash/illegal_memory_access); mark killed, restart at 88
2026-06-04 03:28:29,395 [WARNING] run_kgb_mutation_test:   worker crashed at mutant #91 (cuda_crash/illegal_memory_access); mark killed, restart at 92
2026-06-04 03:28:34,717 [WARNING] run_kgb_mutation_test:   worker crashed at mutant #95 (cuda_crash/illegal_memory_access); mark killed, restart at 96
2026-06-04 03:28:38,386 [WARNING] run_kgb_mutation_test:   worker crashed at mutant #98 (cuda_crash/illegal_memory_access); mark killed, restart at 99
2026-06-04 03:28:46,823 [INFO] src.mutengine.mutant_runner: Generated 124 mutants for L0_P65 (A:97, B:8, C:19, D:0)
2026-06-04 03:28:46,831 [INFO] src.mutengine.report: Saved result to runs/kgb_ext_s5/details/L0_P65.json
2026-06-04 03:28:46,831 [INFO] run_kgb_mutation_test:   done: total=124 killed=87 survived=36 stillborn=1 crashes=7 (applied 124/124)
2026-06-04 03:28:46,835 [INFO] src.mutengine.report: Summary saved to runs/kgb_ext_s5/summary.json and runs/kgb_ext_s5/summary.md
2026-06-04 03:28:46,839 [INFO] src.mutengine.report: Summary saved to runs/kgb_ext_s5/summary.json and runs/kgb_ext_s5/summary.md
2026-06-04 03:28:46,840 [INFO] run_kgb_mutation_test: ALL DONE in 140s | valid_seeds=9/11 | mutants=406 killed=230 survived=167
KGB_RQ1_DONE valid_seeds=9/11 mutants=406 killed=230 survived=167 out=runs/kgb_ext_s5
==== RQ-KGB-2 (EMD) ====
2026-06-04 03:28:48,282 [INFO] run_kgb_emd: === rmsnorm__bfloat16__128x512 (P11): 13 survived ===
2026-06-04 03:28:49,906 [INFO] run_kgb_emd: === rmsnorm__bfloat16__2048x256 (P17): 13 survived ===
2026-06-04 03:28:50,544 [INFO] run_kgb_emd: === layernorm__bfloat16__512x1024 (P23): 24 survived ===
2026-06-04 03:28:51,719 [INFO] run_kgb_emd: === reduce__bfloat16__128x1024 (P29): 11 survived ===
2026-06-04 03:28:52,355 [INFO] run_kgb_emd: === reduce__bfloat16__1024x2048 (P35): 11 survived ===
2026-06-04 03:28:54,003 [INFO] run_kgb_emd: === matmul__bfloat16__512x256x512 (P41): 7 survived ===
2026-06-04 03:28:54,535 [INFO] run_kgb_emd: === cross_entropy__bfloat16__1024x1024 (P47): 32 survived ===
2026-06-04 03:28:55,547 [INFO] run_kgb_emd: === softmax__bfloat16__1024x1024 (P5): 20 survived ===
2026-06-04 03:28:55,603 [INFO] run_kgb_emd: === flash_attention__bfloat16__2x4x256x64 (P65): 36 survived ===
2026-06-04 03:28:55,883 [INFO] run_kgb_emd: EMD done: survived=167 strict_eq=26 cand_eq=50 true_escape=91 errors=0
KGB_EMD_DONE survived=167 true_escape=91 equivalent=76 faults={'tolerance_too_loose': 55, 'dtype_or_numerics_gap': 35, 'pattern_uncovered': 1}
==== RQ-KGB-3 (five-dim stress) ====
2026-06-04 03:28:57,445 [INFO] run_kgb_stress: true-escape mutants to enhance: 91 | policies=21 mode=ext
2026-06-04 03:28:57,445 [INFO] run_kgb_stress: === [1/91] rmsnorm__bfloat16__128x512 arith_replace@L32 ===
2026-06-04 03:28:59,377 [INFO] run_kgb_stress:     rescued=True by=['value_stress']
2026-06-04 03:28:59,377 [INFO] run_kgb_stress: === [2/91] rmsnorm__bfloat16__128x512 const_perturb@L45 ===
2026-06-04 03:28:59,527 [INFO] run_kgb_stress:     rescued=False by=[]
2026-06-04 03:28:59,529 [INFO] run_kgb_stress: === [3/91] rmsnorm__bfloat16__128x512 const_perturb@L45 ===
2026-06-04 03:28:59,665 [INFO] run_kgb_stress:     rescued=False by=[]
2026-06-04 03:28:59,669 [INFO] run_kgb_stress: === [4/91] rmsnorm__bfloat16__128x512 const_perturb@L45 ===
2026-06-04 03:28:59,804 [INFO] run_kgb_stress:     rescued=False by=[]
2026-06-04 03:28:59,810 [INFO] run_kgb_stress: === [5/91] rmsnorm__bfloat16__128x512 const_perturb@L45 ===
2026-06-04 03:28:59,912 [INFO] run_kgb_stress:     rescued=True by=['value_stress']
2026-06-04 03:28:59,915 [INFO] run_kgb_stress: === [6/91] rmsnorm__bfloat16__128x512 acc_downgrade@L28 ===
2026-06-04 03:29:00,162 [INFO] run_kgb_stress:     rescued=True by=['value_stress']
2026-06-04 03:29:00,165 [INFO] run_kgb_stress: === [7/91] rmsnorm__bfloat16__128x512 acc_downgrade@L38 ===
2026-06-04 03:29:00,421 [INFO] run_kgb_stress:     rescued=True by=['value_stress']
2026-06-04 03:29:00,423 [INFO] run_kgb_stress: === [8/91] rmsnorm__bfloat16__128x512 epsilon_modify@L45 ===
2026-06-04 03:29:00,528 [INFO] run_kgb_stress:     rescued=True by=['value_stress']
2026-06-04 03:29:00,531 [INFO] run_kgb_stress: === [9/91] rmsnorm__bfloat16__128x512 epsilon_modify@L45 ===
2026-06-04 03:29:00,914 [INFO] run_kgb_stress:     rescued=True by=['value_stress']
2026-06-04 03:29:00,917 [INFO] run_kgb_stress: === [10/91] rmsnorm__bfloat16__128x512 cast_remove@L28 ===
2026-06-04 03:29:01,238 [INFO] run_kgb_stress:     rescued=False by=[]
2026-06-04 03:29:01,241 [INFO] run_kgb_stress: === [11/91] rmsnorm__bfloat16__2048x256 arith_replace@L32 ===
2026-06-04 03:29:01,870 [INFO] run_kgb_stress:     rescued=True by=['value_stress']
2026-06-04 03:29:01,873 [INFO] run_kgb_stress: === [12/91] rmsnorm__bfloat16__2048x256 const_perturb@L45 ===
2026-06-04 03:29:02,169 [INFO] run_kgb_stress:     rescued=False by=[]
2026-06-04 03:29:02,172 [INFO] run_kgb_stress: === [13/91] rmsnorm__bfloat16__2048x256 const_perturb@L45 ===
2026-06-04 03:29:02,467 [INFO] run_kgb_stress:     rescued=False by=[]
2026-06-04 03:29:02,470 [INFO] run_kgb_stress: === [14/91] rmsnorm__bfloat16__2048x256 const_perturb@L45 ===
2026-06-04 03:29:02,655 [INFO] run_kgb_stress:     rescued=True by=['value_stress']
2026-06-04 03:29:02,658 [INFO] run_kgb_stress: === [15/91] rmsnorm__bfloat16__2048x256 const_perturb@L45 ===
2026-06-04 03:29:02,837 [INFO] run_kgb_stress:     rescued=True by=['value_stress']
2026-06-04 03:29:02,840 [INFO] run_kgb_stress: === [16/91] rmsnorm__bfloat16__2048x256 acc_downgrade@L28 ===
2026-06-04 03:29:03,169 [INFO] run_kgb_stress:     rescued=True by=['value_stress']
2026-06-04 03:29:03,172 [INFO] run_kgb_stress: === [17/91] rmsnorm__bfloat16__2048x256 acc_downgrade@L38 ===
2026-06-04 03:29:03,509 [INFO] run_kgb_stress:     rescued=True by=['value_stress']
2026-06-04 03:29:03,511 [INFO] run_kgb_stress: === [18/91] rmsnorm__bfloat16__2048x256 epsilon_modify@L45 ===
2026-06-04 03:29:03,683 [INFO] run_kgb_stress:     rescued=True by=['value_stress', 'dtype_stress']
2026-06-04 03:29:03,686 [INFO] run_kgb_stress: === [19/91] rmsnorm__bfloat16__2048x256 epsilon_modify@L45 ===
2026-06-04 03:29:04,237 [INFO] run_kgb_stress:     rescued=True by=['value_stress']
2026-06-04 03:29:04,241 [INFO] run_kgb_stress: === [20/91] rmsnorm__bfloat16__2048x256 cast_remove@L28 ===
2026-06-04 03:29:04,842 [INFO] run_kgb_stress:     rescued=False by=[]
2026-06-04 03:29:04,845 [INFO] run_kgb_stress: === [21/91] layernorm__bfloat16__512x1024 arith_replace@L51 ===
2026-06-04 03:29:05,048 [INFO] run_kgb_stress:     rescued=True by=['value_stress']
2026-06-04 03:29:05,051 [INFO] run_kgb_stress: === [22/91] layernorm__bfloat16__512x1024 const_perturb@L69 ===
2026-06-04 03:29:05,255 [INFO] run_kgb_stress:     rescued=True by=['value_stress']
2026-06-04 03:29:05,260 [INFO] run_kgb_stress: === [23/91] layernorm__bfloat16__512x1024 const_perturb@L69 ===
2026-06-04 03:29:05,464 [INFO] run_kgb_stress:     rescued=True by=['value_stress']
2026-06-04 03:29:05,467 [INFO] run_kgb_stress: === [24/91] layernorm__bfloat16__512x1024 const_perturb@L69 ===
2026-06-04 03:29:05,655 [INFO] run_kgb_stress:     rescued=True by=['value_stress']
2026-06-04 03:29:05,659 [INFO] run_kgb_stress: === [25/91] layernorm__bfloat16__512x1024 const_perturb@L69 ===
2026-06-04 03:29:05,852 [INFO] run_kgb_stress:     rescued=True by=['value_stress']
2026-06-04 03:29:05,855 [INFO] run_kgb_stress: === [26/91] layernorm__bfloat16__512x1024 acc_downgrade@L41 ===
2026-06-04 03:29:05,926 [INFO] run_kgb_stress:     rescued=True by=['value_stress']
2026-06-04 03:29:05,928 [INFO] run_kgb_stress: === [27/91] layernorm__bfloat16__512x1024 acc_downgrade@L55 ===
2026-06-04 03:29:06,213 [INFO] run_kgb_stress:     rescued=True by=['value_stress']
2026-06-04 03:29:06,216 [INFO] run_kgb_stress: === [28/91] layernorm__bfloat16__512x1024 acc_downgrade@L56 ===
2026-06-04 03:29:06,299 [INFO] run_kgb_stress:     rescued=True by=['value_stress']
2026-06-04 03:29:06,302 [INFO] run_kgb_stress: === [29/91] layernorm__bfloat16__512x1024 epsilon_modify@L69 ===
2026-06-04 03:29:06,502 [INFO] run_kgb_stress:     rescued=True by=['value_stress']
2026-06-04 03:29:06,506 [INFO] run_kgb_stress: === [30/91] layernorm__bfloat16__512x1024 epsilon_modify@L69 ===
2026-06-04 03:29:06,606 [INFO] run_kgb_stress:     rescued=True by=['value_stress']
2026-06-04 03:29:06,610 [INFO] run_kgb_stress: === [31/91] layernorm__bfloat16__512x1024 cast_remove@L41 ===
2026-06-04 03:29:06,679 [INFO] run_kgb_stress:     rescued=True by=['value_stress']
2026-06-04 03:29:06,683 [INFO] run_kgb_stress: === [32/91] cross_entropy__bfloat16__1024x1024 arith_replace@L40 ===
2026-06-04 03:29:06,865 [INFO] run_kgb_stress:     rescued=True by=['value_stress', 'repeated_run']
2026-06-04 03:29:06,869 [INFO] run_kgb_stress: === [33/91] cross_entropy__bfloat16__1024x1024 arith_replace@L60 ===
2026-06-04 03:29:06,907 [INFO] run_kgb_stress:     rescued=False by=[]
2026-06-04 03:29:06,910 [INFO] run_kgb_stress: === [34/91] cross_entropy__bfloat16__1024x1024 relop_replace@L37 ===
2026-06-04 03:29:06,948 [INFO] run_kgb_stress:     rescued=False by=[]
2026-06-04 03:29:06,951 [INFO] run_kgb_stress: === [35/91] cross_entropy__bfloat16__1024x1024 relop_replace@L84 ===
2026-06-04 03:29:06,987 [INFO] run_kgb_stress:     rescued=False by=[]
2026-06-04 03:29:06,991 [INFO] run_kgb_stress: === [36/91] cross_entropy__bfloat16__1024x1024 const_perturb@L84 ===
2026-06-04 03:29:07,029 [INFO] run_kgb_stress:     rescued=False by=[]
2026-06-04 03:29:07,033 [INFO] run_kgb_stress: === [37/91] cross_entropy__bfloat16__1024x1024 const_perturb@L84 ===
2026-06-04 03:29:07,068 [INFO] run_kgb_stress:     rescued=False by=[]
2026-06-04 03:29:07,071 [INFO] run_kgb_stress: === [38/91] cross_entropy__bfloat16__1024x1024 stab_remove@L4 ===
2026-06-04 03:29:07,104 [INFO] run_kgb_stress:     rescued=False by=[]
2026-06-04 03:29:07,108 [INFO] run_kgb_stress: === [39/91] cross_entropy__bfloat16__1024x1024 stab_remove@L8 ===
2026-06-04 03:29:07,145 [INFO] run_kgb_stress:     rescued=False by=[]
2026-06-04 03:29:07,148 [INFO] run_kgb_stress: === [40/91] cross_entropy__bfloat16__1024x1024 acc_downgrade@L40 ===
2026-06-04 03:29:07,182 [INFO] run_kgb_stress:     rescued=False by=[]
2026-06-04 03:29:07,185 [INFO] run_kgb_stress: === [41/91] cross_entropy__bfloat16__1024x1024 acc_downgrade@L60 ===
2026-06-04 03:29:07,218 [INFO] run_kgb_stress:     rescued=False by=[]
2026-06-04 03:29:07,222 [INFO] run_kgb_stress: === [42/91] cross_entropy__bfloat16__1024x1024 cast_remove@L40 ===
2026-06-04 03:29:07,255 [INFO] run_kgb_stress:     rescued=False by=[]
2026-06-04 03:29:07,258 [INFO] run_kgb_stress: === [43/91] cross_entropy__bfloat16__1024x1024 cast_remove@L60 ===
2026-06-04 03:29:07,291 [INFO] run_kgb_stress:     rescued=False by=[]
2026-06-04 03:29:07,294 [INFO] run_kgb_stress: === [44/91] cross_entropy__bfloat16__1024x1024 init_modify@L40 ===
2026-06-04 03:29:07,327 [INFO] run_kgb_stress:     rescued=False by=[]
2026-06-04 03:29:07,330 [INFO] run_kgb_stress: === [45/91] cross_entropy__bfloat16__1024x1024 init_modify@L40 ===
2026-06-04 03:29:07,363 [INFO] run_kgb_stress:     rescued=False by=[]
2026-06-04 03:29:07,367 [INFO] run_kgb_stress: === [46/91] softmax__bfloat16__1024x1024 arith_replace@L4 ===
2026-06-04 03:29:07,397 [INFO] run_kgb_stress:     rescued=False by=[]
2026-06-04 03:29:07,400 [INFO] run_kgb_stress: === [47/91] softmax__bfloat16__1024x1024 arith_replace@L28 ===
2026-06-04 03:29:07,436 [INFO] run_kgb_stress:     rescued=False by=[]
2026-06-04 03:29:07,439 [INFO] run_kgb_stress: === [48/91] softmax__bfloat16__1024x1024 arith_replace@L31 ===
2026-06-04 03:29:07,469 [INFO] run_kgb_stress:     rescued=False by=[]
2026-06-04 03:29:07,473 [INFO] run_kgb_stress: === [49/91] softmax__bfloat16__1024x1024 arith_replace@L38 ===
2026-06-04 03:29:07,505 [INFO] run_kgb_stress:     rescued=False by=[]
2026-06-04 03:29:07,508 [INFO] run_kgb_stress: === [50/91] softmax__bfloat16__1024x1024 arith_replace@L42 ===
2026-06-04 03:29:07,539 [INFO] run_kgb_stress:     rescued=False by=[]
2026-06-04 03:29:07,543 [INFO] run_kgb_stress: === [51/91] softmax__bfloat16__1024x1024 relop_replace@L9 ===
2026-06-04 03:29:07,572 [INFO] run_kgb_stress:     rescued=False by=[]
2026-06-04 03:29:07,577 [INFO] run_kgb_stress: === [52/91] softmax__bfloat16__1024x1024 relop_replace@L9 ===
2026-06-04 03:29:07,609 [INFO] run_kgb_stress:     rescued=False by=[]
2026-06-04 03:29:07,614 [INFO] run_kgb_stress: === [53/91] softmax__bfloat16__1024x1024 relop_replace@L9 ===
2026-06-04 03:29:07,646 [INFO] run_kgb_stress:     rescued=False by=[]
2026-06-04 03:29:07,650 [INFO] run_kgb_stress: === [54/91] softmax__bfloat16__1024x1024 relop_replace@L9 ===
2026-06-04 03:29:07,684 [INFO] run_kgb_stress:     rescued=False by=[]
2026-06-04 03:29:07,689 [INFO] run_kgb_stress: === [55/91] softmax__bfloat16__1024x1024 relop_replace@L35 ===
2026-06-04 03:29:07,723 [INFO] run_kgb_stress:     rescued=False by=[]
2026-06-04 03:29:07,727 [INFO] run_kgb_stress: === [56/91] softmax__bfloat16__1024x1024 relop_replace@L65 ===
2026-06-04 03:29:07,759 [INFO] run_kgb_stress:     rescued=False by=[]
2026-06-04 03:29:07,764 [INFO] run_kgb_stress: === [57/91] softmax__bfloat16__1024x1024 const_perturb@L65 ===
2026-06-04 03:29:07,796 [INFO] run_kgb_stress:     rescued=False by=[]
2026-06-04 03:29:07,799 [INFO] run_kgb_stress: === [58/91] softmax__bfloat16__1024x1024 const_perturb@L65 ===
2026-06-04 03:29:07,833 [INFO] run_kgb_stress:     rescued=False by=[]
2026-06-04 03:29:07,837 [INFO] run_kgb_stress: === [59/91] softmax__bfloat16__1024x1024 init_modify@L38 ===
2026-06-04 03:29:07,879 [INFO] run_kgb_stress:     rescued=False by=[]
2026-06-04 03:29:07,883 [INFO] run_kgb_stress: === [60/91] softmax__bfloat16__1024x1024 init_modify@L38 ===
2026-06-04 03:29:07,917 [INFO] run_kgb_stress:     rescued=False by=[]
2026-06-04 03:29:07,922 [INFO] run_kgb_stress: === [61/91] softmax__bfloat16__1024x1024 broadcast_unsafe@L64 ===
2026-06-04 03:29:07,954 [INFO] run_kgb_stress:     rescued=False by=[]
2026-06-04 03:29:07,958 [INFO] run_kgb_stress: === [62/91] flash_attention__bfloat16__2x4x256x64 arith_replace@L4 ===
2026-06-04 03:29:08,025 [INFO] run_kgb_stress:     rescued=False by=[]
2026-06-04 03:29:08,029 [INFO] run_kgb_stress: === [63/91] flash_attention__bfloat16__2x4x256x64 arith_replace@L9 ===
2026-06-04 03:29:08,105 [INFO] run_kgb_stress:     rescued=False by=[]
2026-06-04 03:29:08,109 [INFO] run_kgb_stress: === [64/91] flash_attention__bfloat16__2x4x256x64 arith_replace@L36 ===
2026-06-04 03:29:08,174 [INFO] run_kgb_stress:     rescued=False by=[]
2026-06-04 03:29:08,178 [INFO] run_kgb_stress: === [65/91] flash_attention__bfloat16__2x4x256x64 arith_replace@L145 ===
2026-06-04 03:29:08,331 [INFO] run_kgb_stress:     rescued=False by=[]
2026-06-04 03:29:08,335 [INFO] run_kgb_stress: === [66/91] flash_attention__bfloat16__2x4x256x64 relop_replace@L60 ===
2026-06-04 03:29:08,406 [INFO] run_kgb_stress:     rescued=False by=[]
2026-06-04 03:29:08,412 [INFO] run_kgb_stress: === [67/91] flash_attention__bfloat16__2x4x256x64 relop_replace@L80 ===
2026-06-04 03:29:08,480 [INFO] run_kgb_stress:     rescued=False by=[]
2026-06-04 03:29:08,484 [INFO] run_kgb_stress: === [68/91] flash_attention__bfloat16__2x4x256x64 relop_replace@L94 ===
2026-06-04 03:29:08,553 [INFO] run_kgb_stress:     rescued=False by=[]
2026-06-04 03:29:08,558 [INFO] run_kgb_stress: === [69/91] flash_attention__bfloat16__2x4x256x64 relop_replace@L114 ===
2026-06-04 03:29:08,625 [INFO] run_kgb_stress:     rescued=False by=[]
2026-06-04 03:29:08,629 [INFO] run_kgb_stress: === [70/91] flash_attention__bfloat16__2x4x256x64 relop_replace@L126 ===
2026-06-04 03:29:08,701 [INFO] run_kgb_stress:     rescued=False by=[]
2026-06-04 03:29:08,705 [INFO] run_kgb_stress: === [71/91] flash_attention__bfloat16__2x4x256x64 const_perturb@L159 ===
2026-06-04 03:29:08,822 [INFO] run_kgb_stress:     rescued=False by=[]
2026-06-04 03:29:08,826 [INFO] run_kgb_stress: === [72/91] flash_attention__bfloat16__2x4x256x64 const_perturb@L159 ===
2026-06-04 03:29:08,893 [INFO] run_kgb_stress:     rescued=False by=[]
2026-06-04 03:29:08,898 [INFO] run_kgb_stress: === [73/91] flash_attention__bfloat16__2x4x256x64 const_perturb@L159 ===
2026-06-04 03:29:08,967 [INFO] run_kgb_stress:     rescued=False by=[]
2026-06-04 03:29:08,978 [INFO] run_kgb_stress: === [74/91] flash_attention__bfloat16__2x4x256x64 const_perturb@L159 ===
2026-06-04 03:29:09,044 [INFO] run_kgb_stress:     rescued=False by=[]
2026-06-04 03:29:09,049 [INFO] run_kgb_stress: === [75/91] flash_attention__bfloat16__2x4x256x64 const_perturb@L159 ===
2026-06-04 03:29:09,115 [INFO] run_kgb_stress:     rescued=False by=[]
2026-06-04 03:29:09,120 [INFO] run_kgb_stress: === [76/91] flash_attention__bfloat16__2x4x256x64 const_perturb@L159 ===
2026-06-04 03:29:09,186 [INFO] run_kgb_stress:     rescued=False by=[]
2026-06-04 03:29:09,373 [INFO] run_kgb_stress: === [77/91] flash_attention__bfloat16__2x4x256x64 const_perturb@L159 ===
2026-06-04 03:29:09,461 [INFO] run_kgb_stress:     rescued=False by=[]
2026-06-04 03:29:09,468 [INFO] run_kgb_stress: === [78/91] flash_attention__bfloat16__2x4x256x64 const_perturb@L159 ===
2026-06-04 03:29:09,535 [INFO] run_kgb_stress:     rescued=False by=[]
2026-06-04 03:29:09,543 [INFO] run_kgb_stress: === [79/91] flash_attention__bfloat16__2x4x256x64 const_perturb@L159 ===
2026-06-04 03:29:09,626 [INFO] run_kgb_stress:     rescued=False by=[]
2026-06-04 03:29:09,631 [INFO] run_kgb_stress: === [80/91] flash_attention__bfloat16__2x4x256x64 const_perturb@L159 ===
2026-06-04 03:29:09,692 [INFO] run_kgb_stress:     rescued=False by=[]
2026-06-04 03:29:09,697 [INFO] run_kgb_stress: === [81/91] flash_attention__bfloat16__2x4x256x64 const_perturb@L159 ===
2026-06-04 03:29:09,754 [INFO] run_kgb_stress:     rescued=False by=[]
2026-06-04 03:29:09,758 [INFO] run_kgb_stress: === [82/91] flash_attention__bfloat16__2x4x256x64 const_perturb@L159 ===
2026-06-04 03:29:09,816 [INFO] run_kgb_stress:     rescued=False by=[]
2026-06-04 03:29:09,824 [INFO] run_kgb_stress: === [83/91] flash_attention__bfloat16__2x4x256x64 acc_downgrade@L84 ===
2026-06-04 03:29:09,890 [INFO] run_kgb_stress:     rescued=False by=[]
2026-06-04 03:29:09,894 [INFO] run_kgb_stress: === [84/91] flash_attention__bfloat16__2x4x256x64 acc_downgrade@L117 ===
2026-06-04 03:29:09,960 [INFO] run_kgb_stress:     rescued=False by=[]
2026-06-04 03:29:09,964 [INFO] run_kgb_stress: === [85/91] flash_attention__bfloat16__2x4x256x64 scale_modify@L145 ===
2026-06-04 03:29:10,030 [INFO] run_kgb_stress:     rescued=False by=[]
2026-06-04 03:29:10,035 [INFO] run_kgb_stress: === [86/91] flash_attention__bfloat16__2x4x256x64 cast_remove@L117 ===
2026-06-04 03:29:10,103 [INFO] run_kgb_stress:     rescued=False by=[]
2026-06-04 03:29:10,108 [INFO] run_kgb_stress: === [87/91] flash_attention__bfloat16__2x4x256x64 init_modify@L64 ===
2026-06-04 03:29:10,173 [INFO] run_kgb_stress:     rescued=False by=[]
2026-06-04 03:29:10,178 [INFO] run_kgb_stress: === [88/91] flash_attention__bfloat16__2x4x256x64 init_modify@L64 ===
2026-06-04 03:29:10,247 [INFO] run_kgb_stress:     rescued=False by=[]
2026-06-04 03:29:10,252 [INFO] run_kgb_stress: === [89/91] flash_attention__bfloat16__2x4x256x64 init_modify@L91 ===
2026-06-04 03:29:10,316 [INFO] run_kgb_stress:     rescued=False by=[]
2026-06-04 03:29:10,321 [INFO] run_kgb_stress: === [90/91] flash_attention__bfloat16__2x4x256x64 init_modify@L95 ===
2026-06-04 03:29:10,385 [INFO] run_kgb_stress:     rescued=False by=[]
2026-06-04 03:29:10,389 [INFO] run_kgb_stress: === [91/91] flash_attention__bfloat16__2x4x256x64 init_modify@L95 ===
2026-06-04 03:29:10,455 [INFO] run_kgb_stress:     rescued=False by=[]
2026-06-04 03:29:10,459 [INFO] run_kgb_stress: STRESS done: rescued 25/91 (27.5%) by_dim={'value_stress': 25, 'dtype_stress': 1, 'repeated_run': 1}
KGB_STRESS_DONE rescued=25/91 rate=0.275 by_dim={'value_stress': 25, 'dtype_stress': 1, 'repeated_run': 1}
EXT_SHARD_DONE 5 Thu Jun  4 03:29:11 AM 2026
