==== KGB ext shard 4/6 start Thu Jun  4 03:26:25 AM 2026 on <node> ====
GPU 0: NVIDIA H20 (UUID: GPU-<redacted>)
==== RQ-KGB-1 ====
2026-06-04 03:26:27,238 [INFO] run_kgb_mutation_test: KGB oracle available: True | mode=ext shard=4/6 cats=['A', 'B', 'C', 'D'] out=runs/kgb_ext_s4
2026-06-04 03:26:27,238 [INFO] run_kgb_mutation_test: subjects in shard: 11
2026-06-04 03:26:27,239 [INFO] run_kgb_mutation_test: === [1/11] softmax/float32/(1024, 1024) (P4) ===
2026-06-04 03:26:35,681 [INFO] src.mutengine.mutant_runner: Generated 31 mutants for L0_P4 (A:24, B:2, C:4, D:1)
2026-06-04 03:26:35,682 [INFO] src.mutengine.report: Saved result to runs/kgb_ext_s4/details/L0_P4.json
2026-06-04 03:26:35,682 [INFO] run_kgb_mutation_test:   done: total=31 killed=9 survived=21 stillborn=1 crashes=0 (applied 31/31)
2026-06-04 03:26:35,683 [INFO] src.mutengine.report: Summary saved to runs/kgb_ext_s4/summary.json and runs/kgb_ext_s4/summary.md
2026-06-04 03:26:35,683 [INFO] run_kgb_mutation_test: === [2/11] rmsnorm/float32/(128, 512) (P10) ===
2026-06-04 03:26:41,956 [WARNING] run_kgb_mutation_test:   worker crashed at mutant #12 (cuda_crash/illegal_memory_access); mark killed, restart at 13
2026-06-04 03:26:46,689 [INFO] src.mutengine.mutant_runner: Generated 30 mutants for L0_P10 (A:22, B:2, C:6, D:0)
2026-06-04 03:26:46,691 [INFO] src.mutengine.report: Saved result to runs/kgb_ext_s4/details/L0_P10.json
2026-06-04 03:26:46,691 [INFO] run_kgb_mutation_test:   done: total=30 killed=17 survived=12 stillborn=1 crashes=1 (applied 30/30)
2026-06-04 03:26:46,694 [INFO] src.mutengine.report: Summary saved to runs/kgb_ext_s4/summary.json and runs/kgb_ext_s4/summary.md
2026-06-04 03:26:46,694 [INFO] run_kgb_mutation_test: === [3/11] rmsnorm/float32/(2048, 256) (P16) ===
2026-06-04 03:26:51,934 [INFO] src.mutengine.mutant_runner: Generated 30 mutants for L0_P16 (A:22, B:2, C:6, D:0)
2026-06-04 03:26:51,935 [INFO] src.mutengine.report: Saved result to runs/kgb_ext_s4/details/L0_P16.json
2026-06-04 03:26:51,935 [INFO] run_kgb_mutation_test:   done: total=30 killed=17 survived=12 stillborn=1 crashes=0 (applied 30/30)
2026-06-04 03:26:51,939 [INFO] src.mutengine.report: Summary saved to runs/kgb_ext_s4/summary.json and runs/kgb_ext_s4/summary.md
2026-06-04 03:26:51,939 [INFO] run_kgb_mutation_test: === [4/11] layernorm/float32/(512, 1024) (P22) ===
2026-06-04 03:26:59,583 [INFO] src.mutengine.mutant_runner: Generated 49 mutants for L0_P22 (A:36, B:2, C:10, D:1)
2026-06-04 03:26:59,585 [INFO] src.mutengine.report: Saved result to runs/kgb_ext_s4/details/L0_P22.json
2026-06-04 03:26:59,585 [INFO] run_kgb_mutation_test:   done: total=49 killed=24 survived=24 stillborn=1 crashes=0 (applied 49/49)
2026-06-04 03:26:59,588 [INFO] src.mutengine.report: Summary saved to runs/kgb_ext_s4/summary.json and runs/kgb_ext_s4/summary.md
2026-06-04 03:26:59,588 [INFO] run_kgb_mutation_test: === [5/11] reduce/float32/(128, 1024) (P28) ===
2026-06-04 03:27:02,807 [WARNING] run_kgb_mutation_test:   worker crashed at mutant #5 (cuda_crash/illegal_memory_access); mark killed, restart at 6
2026-06-04 03:27:07,801 [INFO] src.mutengine.mutant_runner: Generated 26 mutants for L0_P28 (A:19, B:2, C:4, D:1)
2026-06-04 03:27:07,803 [INFO] src.mutengine.report: Saved result to runs/kgb_ext_s4/details/L0_P28.json
2026-06-04 03:27:07,803 [INFO] run_kgb_mutation_test:   done: total=26 killed=14 survived=11 stillborn=1 crashes=1 (applied 26/26)
2026-06-04 03:27:07,806 [INFO] src.mutengine.report: Summary saved to runs/kgb_ext_s4/summary.json and runs/kgb_ext_s4/summary.md
2026-06-04 03:27:07,807 [INFO] run_kgb_mutation_test: === [6/11] reduce/float32/(1024, 2048) (P34) ===
2026-06-04 03:27:12,902 [INFO] src.mutengine.mutant_runner: Generated 26 mutants for L0_P34 (A:19, B:2, C:4, D:1)
2026-06-04 03:27:12,904 [INFO] src.mutengine.report: Saved result to runs/kgb_ext_s4/details/L0_P34.json
2026-06-04 03:27:12,904 [INFO] run_kgb_mutation_test:   done: total=26 killed=14 survived=11 stillborn=1 crashes=0 (applied 26/26)
2026-06-04 03:27:12,907 [INFO] src.mutengine.report: Summary saved to runs/kgb_ext_s4/summary.json and runs/kgb_ext_s4/summary.md
2026-06-04 03:27:12,907 [INFO] run_kgb_mutation_test: === [7/11] matmul/float32/(512, 256, 512) (P40) ===
2026-06-04 03:27:16,429 [WARNING] run_kgb_mutation_test:   seed INVALID (killed: ); skip
2026-06-04 03:27:16,429 [INFO] run_kgb_mutation_test: === [8/11] cross_entropy/float32/(1024, 1024) (P46) ===
2026-06-04 03:27:21,751 [WARNING] run_kgb_mutation_test:   worker crashed at mutant #14 (cuda_crash/illegal_memory_access); mark killed, restart at 15
2026-06-04 03:27:26,071 [WARNING] run_kgb_mutation_test:   worker crashed at mutant #22 (cuda_crash/illegal_memory_access); mark killed, restart at 23
2026-06-04 03:27:31,463 [INFO] src.mutengine.mutant_runner: Generated 48 mutants for L0_P46 (A:32, B:2, C:14, D:0)
2026-06-04 03:27:31,465 [INFO] src.mutengine.report: Saved result to runs/kgb_ext_s4/details/L0_P46.json
2026-06-04 03:27:31,465 [INFO] run_kgb_mutation_test:   done: total=48 killed=15 survived=32 stillborn=1 crashes=2 (applied 48/48)
2026-06-04 03:27:31,468 [INFO] src.mutengine.report: Summary saved to runs/kgb_ext_s4/summary.json and runs/kgb_ext_s4/summary.md
2026-06-04 03:27:31,468 [INFO] run_kgb_mutation_test: === [9/11] rotary_embedding/float32/(256, 128) (P52) ===
2026-06-04 03:27:42,131 [INFO] src.mutengine.mutant_runner: Generated 120 mutants for L0_P52 (A:107, B:5, C:8, D:0)
2026-06-04 03:27:42,139 [INFO] src.mutengine.report: Saved result to runs/kgb_ext_s4/details/L0_P52.json
2026-06-04 03:27:42,139 [INFO] run_kgb_mutation_test:   done: total=120 killed=47 survived=72 stillborn=1 crashes=0 (applied 120/120)
2026-06-04 03:27:42,327 [INFO] src.mutengine.report: Summary saved to runs/kgb_ext_s4/summary.json and runs/kgb_ext_s4/summary.md
2026-06-04 03:27:42,327 [INFO] run_kgb_mutation_test: === [10/11] fused_mlp/float32/(256, 512, 512) (P58) ===
2026-06-04 03:27:48,501 [WARNING] run_kgb_mutation_test:   seed INVALID (killed: ); skip
2026-06-04 03:27:48,501 [INFO] run_kgb_mutation_test: === [11/11] flash_attention/float32/(2, 4, 256, 64) (P64) ===
2026-06-04 03:28:05,592 [WARNING] run_kgb_mutation_test:   worker crashed at mutant #43 (cuda_crash/illegal_memory_access); mark killed, restart at 44
2026-06-04 03:28:13,518 [WARNING] run_kgb_mutation_test:   worker crashed at mutant #83 (cuda_crash/illegal_memory_access); mark killed, restart at 84
2026-06-04 03:28:17,894 [WARNING] run_kgb_mutation_test:   worker crashed at mutant #87 (cuda_crash/illegal_memory_access); mark killed, restart at 88
2026-06-04 03:28:21,814 [WARNING] run_kgb_mutation_test:   worker crashed at mutant #91 (cuda_crash/illegal_memory_access); mark killed, restart at 92
2026-06-04 03:28:25,684 [WARNING] run_kgb_mutation_test:   worker crashed at mutant #95 (cuda_crash/illegal_memory_access); mark killed, restart at 96
2026-06-04 03:28:29,303 [WARNING] run_kgb_mutation_test:   worker crashed at mutant #97 (cuda_crash/illegal_memory_access); mark killed, restart at 98
2026-06-04 03:28:33,223 [WARNING] run_kgb_mutation_test:   worker crashed at mutant #99 (cuda_crash/illegal_memory_access); mark killed, restart at 100
2026-06-04 03:28:43,394 [INFO] src.mutengine.mutant_runner: Generated 124 mutants for L0_P64 (A:97, B:8, C:19, D:0)
2026-06-04 03:28:43,402 [INFO] src.mutengine.report: Saved result to runs/kgb_ext_s4/details/L0_P64.json
2026-06-04 03:28:43,402 [INFO] run_kgb_mutation_test:   done: total=124 killed=85 survived=38 stillborn=1 crashes=7 (applied 124/124)
2026-06-04 03:28:43,408 [INFO] src.mutengine.report: Summary saved to runs/kgb_ext_s4/summary.json and runs/kgb_ext_s4/summary.md
2026-06-04 03:28:43,412 [INFO] src.mutengine.report: Summary saved to runs/kgb_ext_s4/summary.json and runs/kgb_ext_s4/summary.md
2026-06-04 03:28:43,414 [INFO] run_kgb_mutation_test: ALL DONE in 136s | valid_seeds=9/11 | mutants=484 killed=242 survived=233
KGB_RQ1_DONE valid_seeds=9/11 mutants=484 killed=242 survived=233 out=runs/kgb_ext_s4
==== RQ-KGB-2 (EMD) ====
2026-06-04 03:28:44,692 [INFO] run_kgb_emd: === rmsnorm__float32__128x512 (P10): 12 survived ===
2026-06-04 03:28:47,622 [INFO] run_kgb_emd: === rmsnorm__float32__2048x256 (P16): 12 survived ===
2026-06-04 03:28:48,231 [INFO] run_kgb_emd: === layernorm__float32__512x1024 (P22): 24 survived ===
2026-06-04 03:28:49,405 [INFO] run_kgb_emd: === reduce__float32__128x1024 (P28): 11 survived ===
2026-06-04 03:28:49,964 [INFO] run_kgb_emd: === reduce__float32__1024x2048 (P34): 11 survived ===
2026-06-04 03:28:51,389 [INFO] run_kgb_emd: === softmax__float32__1024x1024 (P4): 21 survived ===
2026-06-04 03:28:52,912 [INFO] run_kgb_emd: === cross_entropy__float32__1024x1024 (P46): 32 survived ===
2026-06-04 03:28:54,097 [INFO] run_kgb_emd: === rotary_embedding__float32__256x128 (P52): 72 survived ===
2026-06-04 03:28:54,347 [INFO] run_kgb_emd: === flash_attention__float32__2x4x256x64 (P64): 38 survived ===
2026-06-04 03:28:54,686 [INFO] run_kgb_emd: EMD done: survived=233 strict_eq=48 cand_eq=57 true_escape=128 errors=0
KGB_EMD_DONE survived=233 true_escape=128 equivalent=105 faults={'tolerance_too_loose': 89, 'dtype_or_numerics_gap': 37, 'shape_coverage_gap': 2}
==== RQ-KGB-3 (five-dim stress) ====
2026-06-04 03:28:56,200 [INFO] run_kgb_stress: true-escape mutants to enhance: 128 | policies=21 mode=ext
2026-06-04 03:28:56,200 [INFO] run_kgb_stress: === [1/128] rmsnorm__float32__128x512 arith_replace@L32 ===
2026-06-04 03:28:58,497 [INFO] run_kgb_stress:     rescued=True by=['value_stress']
2026-06-04 03:28:58,498 [INFO] run_kgb_stress: === [2/128] rmsnorm__float32__128x512 const_perturb@L45 ===
2026-06-04 03:28:58,807 [INFO] run_kgb_stress:     rescued=True by=['value_stress']
2026-06-04 03:28:58,810 [INFO] run_kgb_stress: === [3/128] rmsnorm__float32__128x512 const_perturb@L45 ===
2026-06-04 03:28:58,919 [INFO] run_kgb_stress:     rescued=True by=['value_stress']
2026-06-04 03:28:58,922 [INFO] run_kgb_stress: === [4/128] rmsnorm__float32__128x512 const_perturb@L45 ===
2026-06-04 03:28:59,036 [INFO] run_kgb_stress:     rescued=True by=['value_stress']
2026-06-04 03:28:59,039 [INFO] run_kgb_stress: === [5/128] rmsnorm__float32__128x512 const_perturb@L45 ===
2026-06-04 03:28:59,144 [INFO] run_kgb_stress:     rescued=True by=['value_stress']
2026-06-04 03:28:59,148 [INFO] run_kgb_stress: === [6/128] rmsnorm__float32__128x512 acc_downgrade@L28 ===
2026-06-04 03:28:59,582 [INFO] run_kgb_stress:     rescued=True by=['value_stress']
2026-06-04 03:28:59,585 [INFO] run_kgb_stress: === [7/128] rmsnorm__float32__128x512 acc_downgrade@L38 ===
2026-06-04 03:29:00,017 [INFO] run_kgb_stress:     rescued=True by=['value_stress']
2026-06-04 03:29:00,020 [INFO] run_kgb_stress: === [8/128] rmsnorm__float32__128x512 epsilon_modify@L45 ===
2026-06-04 03:29:00,597 [INFO] run_kgb_stress:     rescued=True by=['value_stress']
2026-06-04 03:29:00,600 [INFO] run_kgb_stress: === [9/128] rmsnorm__float32__2048x256 arith_replace@L32 ===
2026-06-04 03:29:01,457 [INFO] run_kgb_stress:     rescued=True by=['value_stress']
2026-06-04 03:29:01,461 [INFO] run_kgb_stress: === [10/128] rmsnorm__float32__2048x256 const_perturb@L45 ===
2026-06-04 03:29:01,669 [INFO] run_kgb_stress:     rescued=True by=['value_stress']
2026-06-04 03:29:01,674 [INFO] run_kgb_stress: === [11/128] rmsnorm__float32__2048x256 const_perturb@L45 ===
2026-06-04 03:29:01,873 [INFO] run_kgb_stress:     rescued=True by=['value_stress']
2026-06-04 03:29:01,876 [INFO] run_kgb_stress: === [12/128] rmsnorm__float32__2048x256 const_perturb@L45 ===
2026-06-04 03:29:02,062 [INFO] run_kgb_stress:     rescued=True by=['value_stress']
2026-06-04 03:29:02,065 [INFO] run_kgb_stress: === [13/128] rmsnorm__float32__2048x256 const_perturb@L45 ===
2026-06-04 03:29:02,248 [INFO] run_kgb_stress:     rescued=True by=['value_stress']
2026-06-04 03:29:02,252 [INFO] run_kgb_stress: === [14/128] rmsnorm__float32__2048x256 acc_downgrade@L28 ===
2026-06-04 03:29:02,667 [INFO] run_kgb_stress:     rescued=True by=['value_stress']
2026-06-04 03:29:02,669 [INFO] run_kgb_stress: === [15/128] rmsnorm__float32__2048x256 acc_downgrade@L38 ===
2026-06-04 03:29:03,090 [INFO] run_kgb_stress:     rescued=True by=['value_stress']
2026-06-04 03:29:03,093 [INFO] run_kgb_stress: === [16/128] rmsnorm__float32__2048x256 epsilon_modify@L45 ===
2026-06-04 03:29:03,526 [INFO] run_kgb_stress:     rescued=True by=['value_stress']
2026-06-04 03:29:03,529 [INFO] run_kgb_stress: === [17/128] layernorm__float32__512x1024 arith_replace@L51 ===
2026-06-04 03:29:04,026 [INFO] run_kgb_stress:     rescued=True by=['value_stress']
2026-06-04 03:29:04,030 [INFO] run_kgb_stress: === [18/128] layernorm__float32__512x1024 const_perturb@L69 ===
2026-06-04 03:29:04,334 [INFO] run_kgb_stress:     rescued=True by=['value_stress']
2026-06-04 03:29:04,340 [INFO] run_kgb_stress: === [19/128] layernorm__float32__512x1024 const_perturb@L69 ===
2026-06-04 03:29:04,555 [INFO] run_kgb_stress:     rescued=True by=['value_stress']
2026-06-04 03:29:04,558 [INFO] run_kgb_stress: === [20/128] layernorm__float32__512x1024 const_perturb@L69 ===
2026-06-04 03:29:04,749 [INFO] run_kgb_stress:     rescued=True by=['value_stress']
2026-06-04 03:29:04,752 [INFO] run_kgb_stress: === [21/128] layernorm__float32__512x1024 const_perturb@L69 ===
2026-06-04 03:29:04,941 [INFO] run_kgb_stress:     rescued=True by=['value_stress']
2026-06-04 03:29:04,944 [INFO] run_kgb_stress: === [22/128] layernorm__float32__512x1024 acc_downgrade@L41 ===
2026-06-04 03:29:05,229 [INFO] run_kgb_stress:     rescued=True by=['value_stress']
2026-06-04 03:29:05,232 [INFO] run_kgb_stress: === [23/128] layernorm__float32__512x1024 acc_downgrade@L55 ===
2026-06-04 03:29:05,511 [INFO] run_kgb_stress:     rescued=True by=['value_stress']
2026-06-04 03:29:05,514 [INFO] run_kgb_stress: === [24/128] layernorm__float32__512x1024 acc_downgrade@L56 ===
2026-06-04 03:29:05,787 [INFO] run_kgb_stress:     rescued=True by=['value_stress']
2026-06-04 03:29:05,790 [INFO] run_kgb_stress: === [25/128] layernorm__float32__512x1024 epsilon_modify@L69 ===
2026-06-04 03:29:05,990 [INFO] run_kgb_stress:     rescued=True by=['value_stress']
2026-06-04 03:29:05,996 [INFO] run_kgb_stress: === [26/128] layernorm__float32__512x1024 epsilon_modify@L69 ===
2026-06-04 03:29:06,302 [INFO] run_kgb_stress:     rescued=True by=['value_stress']
2026-06-04 03:29:06,306 [INFO] run_kgb_stress: === [27/128] reduce__float32__128x1024 acc_downgrade@L44 ===
2026-06-04 03:29:06,748 [INFO] run_kgb_stress:     rescued=True by=['value_stress']
2026-06-04 03:29:06,752 [INFO] run_kgb_stress: === [28/128] reduce__float32__1024x2048 acc_downgrade@L44 ===
2026-06-04 03:29:07,212 [INFO] run_kgb_stress:     rescued=True by=['value_stress']
2026-06-04 03:29:07,215 [INFO] run_kgb_stress: === [29/128] softmax__float32__1024x1024 arith_replace@L31 ===
2026-06-04 03:29:07,599 [INFO] run_kgb_stress:     rescued=True by=['value_stress']
2026-06-04 03:29:07,602 [INFO] run_kgb_stress: === [30/128] softmax__float32__1024x1024 arith_replace@L38 ===
2026-06-04 03:29:07,635 [INFO] run_kgb_stress:     rescued=False by=[]
2026-06-04 03:29:07,639 [INFO] run_kgb_stress: === [31/128] softmax__float32__1024x1024 arith_replace@L42 ===
2026-06-04 03:29:07,671 [INFO] run_kgb_stress:     rescued=False by=[]
2026-06-04 03:29:07,675 [INFO] run_kgb_stress: === [32/128] softmax__float32__1024x1024 stab_remove@L42 ===
2026-06-04 03:29:07,710 [INFO] run_kgb_stress:     rescued=False by=[]
2026-06-04 03:29:07,714 [INFO] run_kgb_stress: === [33/128] cross_entropy__float32__1024x1024 arith_replace@L40 ===
2026-06-04 03:29:07,751 [INFO] run_kgb_stress:     rescued=False by=[]
2026-06-04 03:29:07,754 [INFO] run_kgb_stress: === [34/128] cross_entropy__float32__1024x1024 arith_replace@L60 ===
2026-06-04 03:29:07,790 [INFO] run_kgb_stress:     rescued=False by=[]
2026-06-04 03:29:07,793 [INFO] run_kgb_stress: === [35/128] cross_entropy__float32__1024x1024 relop_replace@L37 ===
2026-06-04 03:29:07,829 [INFO] run_kgb_stress:     rescued=False by=[]
2026-06-04 03:29:07,832 [INFO] run_kgb_stress: === [36/128] cross_entropy__float32__1024x1024 relop_replace@L84 ===
2026-06-04 03:29:07,866 [INFO] run_kgb_stress:     rescued=False by=[]
2026-06-04 03:29:07,870 [INFO] run_kgb_stress: === [37/128] cross_entropy__float32__1024x1024 const_perturb@L84 ===
2026-06-04 03:29:07,905 [INFO] run_kgb_stress:     rescued=False by=[]
2026-06-04 03:29:07,910 [INFO] run_kgb_stress: === [38/128] cross_entropy__float32__1024x1024 const_perturb@L84 ===
2026-06-04 03:29:07,945 [INFO] run_kgb_stress:     rescued=False by=[]
2026-06-04 03:29:07,949 [INFO] run_kgb_stress: === [39/128] cross_entropy__float32__1024x1024 stab_remove@L4 ===
2026-06-04 03:29:07,985 [INFO] run_kgb_stress:     rescued=False by=[]
2026-06-04 03:29:07,989 [INFO] run_kgb_stress: === [40/128] cross_entropy__float32__1024x1024 stab_remove@L8 ===
2026-06-04 03:29:08,025 [INFO] run_kgb_stress:     rescued=False by=[]
2026-06-04 03:29:08,029 [INFO] run_kgb_stress: === [41/128] cross_entropy__float32__1024x1024 acc_downgrade@L40 ===
2026-06-04 03:29:08,073 [INFO] run_kgb_stress:     rescued=False by=[]
2026-06-04 03:29:08,078 [INFO] run_kgb_stress: === [42/128] cross_entropy__float32__1024x1024 acc_downgrade@L60 ===
2026-06-04 03:29:08,113 [INFO] run_kgb_stress:     rescued=False by=[]
2026-06-04 03:29:08,116 [INFO] run_kgb_stress: === [43/128] cross_entropy__float32__1024x1024 cast_remove@L40 ===
2026-06-04 03:29:08,151 [INFO] run_kgb_stress:     rescued=False by=[]
2026-06-04 03:29:08,154 [INFO] run_kgb_stress: === [44/128] cross_entropy__float32__1024x1024 cast_remove@L60 ===
2026-06-04 03:29:08,192 [INFO] run_kgb_stress:     rescued=False by=[]
2026-06-04 03:29:08,198 [INFO] run_kgb_stress: === [45/128] cross_entropy__float32__1024x1024 init_modify@L40 ===
2026-06-04 03:29:08,234 [INFO] run_kgb_stress:     rescued=False by=[]
2026-06-04 03:29:08,238 [INFO] run_kgb_stress: === [46/128] cross_entropy__float32__1024x1024 init_modify@L40 ===
2026-06-04 03:29:08,273 [INFO] run_kgb_stress:     rescued=False by=[]
2026-06-04 03:29:08,277 [INFO] run_kgb_stress: === [47/128] rotary_embedding__float32__256x128 arith_replace@L8 ===
2026-06-04 03:29:08,315 [INFO] run_kgb_stress:     rescued=False by=[]
2026-06-04 03:29:08,319 [INFO] run_kgb_stress: === [48/128] rotary_embedding__float32__256x128 arith_replace@L10 ===
2026-06-04 03:29:08,365 [INFO] run_kgb_stress:     rescued=False by=[]
2026-06-04 03:29:08,369 [INFO] run_kgb_stress: === [49/128] rotary_embedding__float32__256x128 arith_replace@L13 ===
2026-06-04 03:29:08,409 [INFO] run_kgb_stress:     rescued=False by=[]
2026-06-04 03:29:08,413 [INFO] run_kgb_stress: === [50/128] rotary_embedding__float32__256x128 arith_replace@L13 ===
2026-06-04 03:29:08,454 [INFO] run_kgb_stress:     rescued=False by=[]
2026-06-04 03:29:08,458 [INFO] run_kgb_stress: === [51/128] rotary_embedding__float32__256x128 arith_replace@L13 ===
2026-06-04 03:29:08,500 [INFO] run_kgb_stress:     rescued=False by=[]
2026-06-04 03:29:08,504 [INFO] run_kgb_stress: === [52/128] rotary_embedding__float32__256x128 arith_replace@L14 ===
2026-06-04 03:29:08,545 [INFO] run_kgb_stress:     rescued=False by=[]
2026-06-04 03:29:08,548 [INFO] run_kgb_stress: === [53/128] rotary_embedding__float32__256x128 arith_replace@L14 ===
2026-06-04 03:29:08,587 [INFO] run_kgb_stress:     rescued=False by=[]
2026-06-04 03:29:08,590 [INFO] run_kgb_stress: === [54/128] rotary_embedding__float32__256x128 arith_replace@L14 ===
2026-06-04 03:29:08,629 [INFO] run_kgb_stress:     rescued=False by=[]
2026-06-04 03:29:08,634 [INFO] run_kgb_stress: === [55/128] rotary_embedding__float32__256x128 arith_replace@L14 ===
2026-06-04 03:29:08,676 [INFO] run_kgb_stress:     rescued=False by=[]
2026-06-04 03:29:08,680 [INFO] run_kgb_stress: === [56/128] rotary_embedding__float32__256x128 arith_replace@L40 ===
2026-06-04 03:29:08,719 [INFO] run_kgb_stress:     rescued=False by=[]
2026-06-04 03:29:08,723 [INFO] run_kgb_stress: === [57/128] rotary_embedding__float32__256x128 arith_replace@L43 ===
2026-06-04 03:29:08,817 [INFO] run_kgb_stress:     rescued=False by=[]
2026-06-04 03:29:08,821 [INFO] run_kgb_stress: === [58/128] rotary_embedding__float32__256x128 arith_replace@L44 ===
2026-06-04 03:29:08,862 [INFO] run_kgb_stress:     rescued=False by=[]
2026-06-04 03:29:08,866 [INFO] run_kgb_stress: === [59/128] rotary_embedding__float32__256x128 arith_replace@L46 ===
2026-06-04 03:29:08,907 [INFO] run_kgb_stress:     rescued=False by=[]
2026-06-04 03:29:08,911 [INFO] run_kgb_stress: === [60/128] rotary_embedding__float32__256x128 arith_replace@L46 ===
2026-06-04 03:29:08,954 [INFO] run_kgb_stress:     rescued=False by=[]
2026-06-04 03:29:08,958 [INFO] run_kgb_stress: === [61/128] rotary_embedding__float32__256x128 arith_replace@L46 ===
2026-06-04 03:29:09,003 [INFO] run_kgb_stress:     rescued=False by=[]
2026-06-04 03:29:09,007 [INFO] run_kgb_stress: === [62/128] rotary_embedding__float32__256x128 arith_replace@L47 ===
2026-06-04 03:29:09,047 [INFO] run_kgb_stress:     rescued=False by=[]
2026-06-04 03:29:09,051 [INFO] run_kgb_stress: === [63/128] rotary_embedding__float32__256x128 arith_replace@L47 ===
2026-06-04 03:29:09,089 [INFO] run_kgb_stress:     rescued=False by=[]
2026-06-04 03:29:09,094 [INFO] run_kgb_stress: === [64/128] rotary_embedding__float32__256x128 arith_replace@L47 ===
2026-06-04 03:29:09,375 [INFO] run_kgb_stress:     rescued=False by=[]
2026-06-04 03:29:09,381 [INFO] run_kgb_stress: === [65/128] rotary_embedding__float32__256x128 arith_replace@L47 ===
2026-06-04 03:29:09,424 [INFO] run_kgb_stress:     rescued=False by=[]
2026-06-04 03:29:09,428 [INFO] run_kgb_stress: === [66/128] rotary_embedding__float32__256x128 arith_replace@L111 ===
2026-06-04 03:29:09,492 [INFO] run_kgb_stress:     rescued=False by=[]
2026-06-04 03:29:09,498 [INFO] run_kgb_stress: === [67/128] rotary_embedding__float32__256x128 arith_replace@L111 ===
2026-06-04 03:29:09,538 [INFO] run_kgb_stress:     rescued=False by=[]
2026-06-04 03:29:09,544 [INFO] run_kgb_stress: === [68/128] rotary_embedding__float32__256x128 relop_replace@L52 ===
2026-06-04 03:29:09,588 [INFO] run_kgb_stress:     rescued=False by=[]
2026-06-04 03:29:09,592 [INFO] run_kgb_stress: === [69/128] rotary_embedding__float32__256x128 relop_replace@L110 ===
2026-06-04 03:29:09,632 [INFO] run_kgb_stress:     rescued=False by=[]
2026-06-04 03:29:09,639 [INFO] run_kgb_stress: === [70/128] rotary_embedding__float32__256x128 const_perturb@L11 ===
2026-06-04 03:29:09,681 [INFO] run_kgb_stress:     rescued=False by=[]
2026-06-04 03:29:09,685 [INFO] run_kgb_stress: === [71/128] rotary_embedding__float32__256x128 const_perturb@L11 ===
2026-06-04 03:29:09,726 [INFO] run_kgb_stress:     rescued=False by=[]
2026-06-04 03:29:09,731 [INFO] run_kgb_stress: === [72/128] rotary_embedding__float32__256x128 const_perturb@L11 ===
2026-06-04 03:29:09,770 [INFO] run_kgb_stress:     rescued=False by=[]
2026-06-04 03:29:09,775 [INFO] run_kgb_stress: === [73/128] rotary_embedding__float32__256x128 const_perturb@L11 ===
2026-06-04 03:29:09,815 [INFO] run_kgb_stress:     rescued=False by=[]
2026-06-04 03:29:09,823 [INFO] run_kgb_stress: === [74/128] rotary_embedding__float32__256x128 const_perturb@L12 ===
2026-06-04 03:29:09,864 [INFO] run_kgb_stress:     rescued=False by=[]
2026-06-04 03:29:09,868 [INFO] run_kgb_stress: === [75/128] rotary_embedding__float32__256x128 const_perturb@L12 ===
2026-06-04 03:29:09,909 [INFO] run_kgb_stress:     rescued=False by=[]
2026-06-04 03:29:09,913 [INFO] run_kgb_stress: === [76/128] rotary_embedding__float32__256x128 const_perturb@L12 ===
2026-06-04 03:29:09,953 [INFO] run_kgb_stress:     rescued=False by=[]
2026-06-04 03:29:09,956 [INFO] run_kgb_stress: === [77/128] rotary_embedding__float32__256x128 const_perturb@L12 ===
2026-06-04 03:29:09,995 [INFO] run_kgb_stress:     rescued=False by=[]
2026-06-04 03:29:09,999 [INFO] run_kgb_stress: === [78/128] rotary_embedding__float32__256x128 const_perturb@L43 ===
2026-06-04 03:29:10,037 [INFO] run_kgb_stress:     rescued=False by=[]
2026-06-04 03:29:10,041 [INFO] run_kgb_stress: === [79/128] rotary_embedding__float32__256x128 const_perturb@L43 ===
2026-06-04 03:29:10,079 [INFO] run_kgb_stress:     rescued=False by=[]
2026-06-04 03:29:10,083 [INFO] run_kgb_stress: === [80/128] rotary_embedding__float32__256x128 const_perturb@L43 ===
2026-06-04 03:29:10,122 [INFO] run_kgb_stress:     rescued=False by=[]
2026-06-04 03:29:10,126 [INFO] run_kgb_stress: === [81/128] rotary_embedding__float32__256x128 const_perturb@L43 ===
2026-06-04 03:29:10,167 [INFO] run_kgb_stress:     rescued=False by=[]
2026-06-04 03:29:10,171 [INFO] run_kgb_stress: === [82/128] rotary_embedding__float32__256x128 const_perturb@L44 ===
2026-06-04 03:29:10,210 [INFO] run_kgb_stress:     rescued=False by=[]
2026-06-04 03:29:10,214 [INFO] run_kgb_stress: === [83/128] rotary_embedding__float32__256x128 const_perturb@L44 ===
2026-06-04 03:29:10,253 [INFO] run_kgb_stress:     rescued=False by=[]
2026-06-04 03:29:10,257 [INFO] run_kgb_stress: === [84/128] rotary_embedding__float32__256x128 const_perturb@L44 ===
2026-06-04 03:29:10,297 [INFO] run_kgb_stress:     rescued=False by=[]
2026-06-04 03:29:10,301 [INFO] run_kgb_stress: === [85/128] rotary_embedding__float32__256x128 const_perturb@L44 ===
2026-06-04 03:29:10,342 [INFO] run_kgb_stress:     rescued=False by=[]
2026-06-04 03:29:10,347 [INFO] run_kgb_stress: === [86/128] rotary_embedding__float32__256x128 const_perturb@L85 ===
2026-06-04 03:29:10,385 [INFO] run_kgb_stress:     rescued=False by=[]
2026-06-04 03:29:10,389 [INFO] run_kgb_stress: === [87/128] rotary_embedding__float32__256x128 const_perturb@L85 ===
2026-06-04 03:29:10,429 [INFO] run_kgb_stress:     rescued=False by=[]
2026-06-04 03:29:10,433 [INFO] run_kgb_stress: === [88/128] rotary_embedding__float32__256x128 const_perturb@L86 ===
2026-06-04 03:29:10,471 [INFO] run_kgb_stress:     rescued=False by=[]
2026-06-04 03:29:10,476 [INFO] run_kgb_stress: === [89/128] rotary_embedding__float32__256x128 const_perturb@L86 ===
2026-06-04 03:29:10,514 [INFO] run_kgb_stress:     rescued=False by=[]
2026-06-04 03:29:10,518 [INFO] run_kgb_stress: === [90/128] rotary_embedding__float32__256x128 const_perturb@L97 ===
2026-06-04 03:29:10,556 [INFO] run_kgb_stress:     rescued=False by=[]
2026-06-04 03:29:10,560 [INFO] run_kgb_stress: === [91/128] rotary_embedding__float32__256x128 launch_config_mutate@L85 ===
2026-06-04 03:29:10,600 [INFO] run_kgb_stress:     rescued=False by=[]
2026-06-04 03:29:10,604 [INFO] run_kgb_stress: === [92/128] rotary_embedding__float32__256x128 launch_config_mutate@L86 ===
2026-06-04 03:29:10,643 [INFO] run_kgb_stress:     rescued=False by=[]
2026-06-04 03:29:10,648 [INFO] run_kgb_stress: === [93/128] rotary_embedding__float32__256x128 cast_remove@L58 ===
2026-06-04 03:29:10,685 [INFO] run_kgb_stress:     rescued=False by=[]
2026-06-04 03:29:10,689 [INFO] run_kgb_stress: === [94/128] rotary_embedding__float32__256x128 cast_remove@L59 ===
2026-06-04 03:29:10,727 [INFO] run_kgb_stress:     rescued=False by=[]
2026-06-04 03:29:10,731 [INFO] run_kgb_stress: === [95/128] rotary_embedding__float32__256x128 cast_remove@L62 ===
2026-06-04 03:29:10,769 [INFO] run_kgb_stress:     rescued=False by=[]
2026-06-04 03:29:10,773 [INFO] run_kgb_stress: === [96/128] rotary_embedding__float32__256x128 cast_remove@L63 ===
2026-06-04 03:29:10,811 [INFO] run_kgb_stress:     rescued=False by=[]
2026-06-04 03:29:10,815 [INFO] run_kgb_stress: === [97/128] flash_attention__float32__2x4x256x64 arith_replace@L4 ===
2026-06-04 03:29:10,879 [INFO] run_kgb_stress:     rescued=False by=[]
2026-06-04 03:29:10,883 [INFO] run_kgb_stress: === [98/128] flash_attention__float32__2x4x256x64 arith_replace@L9 ===
2026-06-04 03:29:10,946 [INFO] run_kgb_stress:     rescued=False by=[]
2026-06-04 03:29:10,951 [INFO] run_kgb_stress: === [99/128] flash_attention__float32__2x4x256x64 arith_replace@L36 ===
2026-06-04 03:29:11,014 [INFO] run_kgb_stress:     rescued=False by=[]
2026-06-04 03:29:11,019 [INFO] run_kgb_stress: === [100/128] flash_attention__float32__2x4x256x64 arith_replace@L145 ===
2026-06-04 03:29:11,083 [INFO] run_kgb_stress:     rescued=False by=[]
2026-06-04 03:29:11,089 [INFO] run_kgb_stress: === [101/128] flash_attention__float32__2x4x256x64 relop_replace@L60 ===
2026-06-04 03:29:11,157 [INFO] run_kgb_stress:     rescued=False by=[]
2026-06-04 03:29:11,162 [INFO] run_kgb_stress: === [102/128] flash_attention__float32__2x4x256x64 relop_replace@L80 ===
2026-06-04 03:29:11,227 [INFO] run_kgb_stress:     rescued=False by=[]
2026-06-04 03:29:11,231 [INFO] run_kgb_stress: === [103/128] flash_attention__float32__2x4x256x64 relop_replace@L94 ===
2026-06-04 03:29:11,295 [INFO] run_kgb_stress:     rescued=False by=[]
2026-06-04 03:29:11,300 [INFO] run_kgb_stress: === [104/128] flash_attention__float32__2x4x256x64 relop_replace@L114 ===
2026-06-04 03:29:11,364 [INFO] run_kgb_stress:     rescued=False by=[]
2026-06-04 03:29:11,369 [INFO] run_kgb_stress: === [105/128] flash_attention__float32__2x4x256x64 relop_replace@L126 ===
2026-06-04 03:29:11,434 [INFO] run_kgb_stress:     rescued=False by=[]
2026-06-04 03:29:11,439 [INFO] run_kgb_stress: === [106/128] flash_attention__float32__2x4x256x64 const_perturb@L159 ===
2026-06-04 03:29:11,506 [INFO] run_kgb_stress:     rescued=False by=[]
2026-06-04 03:29:11,512 [INFO] run_kgb_stress: === [107/128] flash_attention__float32__2x4x256x64 const_perturb@L159 ===
2026-06-04 03:29:11,577 [INFO] run_kgb_stress:     rescued=False by=[]
2026-06-04 03:29:11,582 [INFO] run_kgb_stress: === [108/128] flash_attention__float32__2x4x256x64 const_perturb@L159 ===
2026-06-04 03:29:11,649 [INFO] run_kgb_stress:     rescued=False by=[]
2026-06-04 03:29:11,654 [INFO] run_kgb_stress: === [109/128] flash_attention__float32__2x4x256x64 const_perturb@L159 ===
2026-06-04 03:29:11,719 [INFO] run_kgb_stress:     rescued=False by=[]
2026-06-04 03:29:11,724 [INFO] run_kgb_stress: === [110/128] flash_attention__float32__2x4x256x64 const_perturb@L159 ===
2026-06-04 03:29:11,790 [INFO] run_kgb_stress:     rescued=False by=[]
2026-06-04 03:29:11,795 [INFO] run_kgb_stress: === [111/128] flash_attention__float32__2x4x256x64 const_perturb@L159 ===
2026-06-04 03:29:11,860 [INFO] run_kgb_stress:     rescued=False by=[]
2026-06-04 03:29:11,865 [INFO] run_kgb_stress: === [112/128] flash_attention__float32__2x4x256x64 const_perturb@L159 ===
2026-06-04 03:29:11,931 [INFO] run_kgb_stress:     rescued=False by=[]
2026-06-04 03:29:11,936 [INFO] run_kgb_stress: === [113/128] flash_attention__float32__2x4x256x64 const_perturb@L159 ===
2026-06-04 03:29:12,002 [INFO] run_kgb_stress:     rescued=False by=[]
2026-06-04 03:29:12,007 [INFO] run_kgb_stress: === [114/128] flash_attention__float32__2x4x256x64 const_perturb@L159 ===
2026-06-04 03:29:12,074 [INFO] run_kgb_stress:     rescued=False by=[]
2026-06-04 03:29:12,079 [INFO] run_kgb_stress: === [115/128] flash_attention__float32__2x4x256x64 const_perturb@L159 ===
2026-06-04 03:29:12,147 [INFO] run_kgb_stress:     rescued=False by=[]
2026-06-04 03:29:12,151 [INFO] run_kgb_stress: === [116/128] flash_attention__float32__2x4x256x64 const_perturb@L159 ===
2026-06-04 03:29:12,219 [INFO] run_kgb_stress:     rescued=False by=[]
2026-06-04 03:29:12,224 [INFO] run_kgb_stress: === [117/128] flash_attention__float32__2x4x256x64 const_perturb@L159 ===
2026-06-04 03:29:12,294 [INFO] run_kgb_stress:     rescued=False by=[]
2026-06-04 03:29:12,299 [INFO] run_kgb_stress: === [118/128] flash_attention__float32__2x4x256x64 acc_downgrade@L84 ===
2026-06-04 03:29:12,364 [INFO] run_kgb_stress:     rescued=False by=[]
2026-06-04 03:29:12,369 [INFO] run_kgb_stress: === [119/128] flash_attention__float32__2x4x256x64 acc_downgrade@L117 ===
2026-06-04 03:29:12,435 [INFO] run_kgb_stress:     rescued=False by=[]
2026-06-04 03:29:12,440 [INFO] run_kgb_stress: === [120/128] flash_attention__float32__2x4x256x64 scale_modify@L145 ===
2026-06-04 03:29:12,618 [INFO] run_kgb_stress:     rescued=False by=[]
2026-06-04 03:29:12,623 [INFO] run_kgb_stress: === [121/128] flash_attention__float32__2x4x256x64 cast_remove@L85 ===
2026-06-04 03:29:12,693 [INFO] run_kgb_stress:     rescued=False by=[]
2026-06-04 03:29:12,698 [INFO] run_kgb_stress: === [122/128] flash_attention__float32__2x4x256x64 cast_remove@L85 ===
2026-06-04 03:29:12,763 [INFO] run_kgb_stress:     rescued=False by=[]
2026-06-04 03:29:12,769 [INFO] run_kgb_stress: === [123/128] flash_attention__float32__2x4x256x64 cast_remove@L117 ===
2026-06-04 03:29:12,834 [INFO] run_kgb_stress:     rescued=False by=[]
2026-06-04 03:29:12,839 [INFO] run_kgb_stress: === [124/128] flash_attention__float32__2x4x256x64 init_modify@L64 ===
2026-06-04 03:29:12,904 [INFO] run_kgb_stress:     rescued=False by=[]
2026-06-04 03:29:12,909 [INFO] run_kgb_stress: === [125/128] flash_attention__float32__2x4x256x64 init_modify@L64 ===
2026-06-04 03:29:12,974 [INFO] run_kgb_stress:     rescued=False by=[]
2026-06-04 03:29:12,980 [INFO] run_kgb_stress: === [126/128] flash_attention__float32__2x4x256x64 init_modify@L91 ===
2026-06-04 03:29:13,045 [INFO] run_kgb_stress:     rescued=False by=[]
2026-06-04 03:29:13,058 [INFO] run_kgb_stress: === [127/128] flash_attention__float32__2x4x256x64 init_modify@L95 ===
2026-06-04 03:29:13,123 [INFO] run_kgb_stress:     rescued=False by=[]
2026-06-04 03:29:13,128 [INFO] run_kgb_stress: === [128/128] flash_attention__float32__2x4x256x64 init_modify@L95 ===
2026-06-04 03:29:13,193 [INFO] run_kgb_stress:     rescued=False by=[]
2026-06-04 03:29:13,198 [INFO] run_kgb_stress: STRESS done: rescued 29/128 (22.7%) by_dim={'value_stress': 29}
KGB_STRESS_DONE rescued=29/128 rate=0.227 by_dim={'value_stress': 29}
EXT_SHARD_DONE 4 Thu Jun  4 03:29:13 AM 2026
