==== KGB ext shard 1/6 start Thu Jun  4 03:26:25 AM 2026 on <node> ====
GPU 0: NVIDIA H20 (UUID: GPU-<redacted>)
==== RQ-KGB-1 ====
2026-06-04 03:26:27,242 [INFO] run_kgb_mutation_test: KGB oracle available: True | mode=ext shard=1/6 cats=['A', 'B', 'C', 'D'] out=runs/kgb_ext_s1
2026-06-04 03:26:27,243 [INFO] run_kgb_mutation_test: subjects in shard: 11
2026-06-04 03:26:27,243 [INFO] run_kgb_mutation_test: === [1/11] softmax/float32/(128, 512) (P1) ===
2026-06-04 03:26:34,468 [WARNING] run_kgb_mutation_test:   worker crashed at mutant #10 (cuda_crash/illegal_memory_access); mark killed, restart at 11
2026-06-04 03:26:38,552 [INFO] src.mutengine.mutant_runner: Generated 31 mutants for L0_P1 (A:24, B:2, C:4, D:1)
2026-06-04 03:26:38,553 [INFO] src.mutengine.report: Saved result to runs/kgb_ext_s1/details/L0_P1.json
2026-06-04 03:26:38,554 [INFO] run_kgb_mutation_test:   done: total=31 killed=12 survived=18 stillborn=1 crashes=1 (applied 31/31)
2026-06-04 03:26:38,554 [INFO] src.mutengine.report: Summary saved to runs/kgb_ext_s1/summary.json and runs/kgb_ext_s1/summary.md
2026-06-04 03:26:38,554 [INFO] run_kgb_mutation_test: === [2/11] softmax/float32/(2048, 256) (P7) ===
2026-06-04 03:26:42,992 [INFO] src.mutengine.mutant_runner: Generated 31 mutants for L0_P7 (A:24, B:2, C:4, D:1)
2026-06-04 03:26:42,993 [INFO] src.mutengine.report: Saved result to runs/kgb_ext_s1/details/L0_P7.json
2026-06-04 03:26:42,994 [INFO] run_kgb_mutation_test:   done: total=31 killed=11 survived=19 stillborn=1 crashes=0 (applied 31/31)
2026-06-04 03:26:42,997 [INFO] src.mutengine.report: Summary saved to runs/kgb_ext_s1/summary.json and runs/kgb_ext_s1/summary.md
2026-06-04 03:26:42,997 [INFO] run_kgb_mutation_test: === [3/11] rmsnorm/float32/(512, 1024) (P13) ===
2026-06-04 03:26:50,584 [INFO] src.mutengine.mutant_runner: Generated 30 mutants for L0_P13 (A:22, B:2, C:6, D:0)
2026-06-04 03:26:50,585 [INFO] src.mutengine.report: Saved result to runs/kgb_ext_s1/details/L0_P13.json
2026-06-04 03:26:50,585 [INFO] run_kgb_mutation_test:   done: total=30 killed=16 survived=13 stillborn=1 crashes=0 (applied 30/30)
2026-06-04 03:26:50,588 [INFO] src.mutengine.report: Summary saved to runs/kgb_ext_s1/summary.json and runs/kgb_ext_s1/summary.md
2026-06-04 03:26:50,588 [INFO] run_kgb_mutation_test: === [4/11] layernorm/float32/(128, 512) (P19) ===
2026-06-04 03:26:57,119 [WARNING] run_kgb_mutation_test:   worker crashed at mutant #20 (cuda_crash/illegal_memory_access); mark killed, restart at 21
2026-06-04 03:27:02,010 [INFO] src.mutengine.mutant_runner: Generated 49 mutants for L0_P19 (A:36, B:2, C:10, D:1)
2026-06-04 03:27:02,013 [INFO] src.mutengine.report: Saved result to runs/kgb_ext_s1/details/L0_P19.json
2026-06-04 03:27:02,013 [INFO] run_kgb_mutation_test:   done: total=49 killed=25 survived=23 stillborn=1 crashes=1 (applied 49/49)
2026-06-04 03:27:02,016 [INFO] src.mutengine.report: Summary saved to runs/kgb_ext_s1/summary.json and runs/kgb_ext_s1/summary.md
2026-06-04 03:27:02,016 [INFO] run_kgb_mutation_test: === [5/11] layernorm/float32/(2048, 256) (P25) ===
2026-06-04 03:27:08,160 [INFO] src.mutengine.mutant_runner: Generated 49 mutants for L0_P25 (A:36, B:2, C:10, D:1)
2026-06-04 03:27:08,162 [INFO] src.mutengine.report: Saved result to runs/kgb_ext_s1/details/L0_P25.json
2026-06-04 03:27:08,162 [INFO] run_kgb_mutation_test:   done: total=49 killed=25 survived=23 stillborn=1 crashes=0 (applied 49/49)
2026-06-04 03:27:08,167 [INFO] src.mutengine.report: Summary saved to runs/kgb_ext_s1/summary.json and runs/kgb_ext_s1/summary.md
2026-06-04 03:27:08,167 [INFO] run_kgb_mutation_test: === [6/11] reduce/float32/(256, 4096) (P31) ===
2026-06-04 03:27:13,612 [INFO] src.mutengine.mutant_runner: Generated 26 mutants for L0_P31 (A:19, B:2, C:4, D:1)
2026-06-04 03:27:13,614 [INFO] src.mutengine.report: Saved result to runs/kgb_ext_s1/details/L0_P31.json
2026-06-04 03:27:13,614 [INFO] run_kgb_mutation_test:   done: total=26 killed=14 survived=11 stillborn=1 crashes=0 (applied 26/26)
2026-06-04 03:27:13,618 [INFO] src.mutengine.report: Summary saved to runs/kgb_ext_s1/summary.json and runs/kgb_ext_s1/summary.md
2026-06-04 03:27:13,618 [INFO] run_kgb_mutation_test: === [7/11] matmul/float32/(256, 256, 256) (P37) ===
2026-06-04 03:27:17,188 [WARNING] run_kgb_mutation_test:   seed INVALID (killed: ); skip
2026-06-04 03:27:17,188 [INFO] run_kgb_mutation_test: === [8/11] cross_entropy/float32/(256, 512) (P43) ===
2026-06-04 03:27:21,859 [WARNING] run_kgb_mutation_test:   worker crashed at mutant #14 (cuda_crash/illegal_memory_access); mark killed, restart at 15
2026-06-04 03:27:25,429 [WARNING] run_kgb_mutation_test:   worker crashed at mutant #18 (cuda_crash/illegal_memory_access); mark killed, restart at 19
2026-06-04 03:27:28,697 [WARNING] run_kgb_mutation_test:   worker crashed at mutant #22 (cuda_crash/illegal_memory_access); mark killed, restart at 23
2026-06-04 03:27:35,688 [INFO] src.mutengine.mutant_runner: Generated 48 mutants for L0_P43 (A:32, B:2, C:14, D:0)
2026-06-04 03:27:35,690 [INFO] src.mutengine.report: Saved result to runs/kgb_ext_s1/details/L0_P43.json
2026-06-04 03:27:35,690 [INFO] run_kgb_mutation_test:   done: total=48 killed=16 survived=31 stillborn=1 crashes=3 (applied 48/48)
2026-06-04 03:27:35,694 [INFO] src.mutengine.report: Summary saved to runs/kgb_ext_s1/summary.json and runs/kgb_ext_s1/summary.md
2026-06-04 03:27:35,694 [INFO] run_kgb_mutation_test: === [9/11] rotary_embedding/float32/(1024, 64) (P49) ===
2026-06-04 03:27:48,059 [INFO] src.mutengine.mutant_runner: Generated 120 mutants for L0_P49 (A:107, B:5, C:8, D:0)
2026-06-04 03:27:48,066 [INFO] src.mutengine.report: Saved result to runs/kgb_ext_s1/details/L0_P49.json
2026-06-04 03:27:48,066 [INFO] run_kgb_mutation_test:   done: total=120 killed=47 survived=72 stillborn=1 crashes=0 (applied 120/120)
2026-06-04 03:27:48,069 [INFO] src.mutengine.report: Summary saved to runs/kgb_ext_s1/summary.json and runs/kgb_ext_s1/summary.md
2026-06-04 03:27:48,070 [INFO] run_kgb_mutation_test: === [10/11] fused_mlp/float32/(128, 256, 512) (P55) ===
2026-06-04 03:27:53,243 [WARNING] run_kgb_mutation_test:   seed INVALID (killed: ); skip
2026-06-04 03:27:53,243 [INFO] run_kgb_mutation_test: === [11/11] flash_attention/float32/(1, 2, 128, 64) (P61) ===
2026-06-04 03:28:26,162 [INFO] src.mutengine.mutant_runner: Generated 124 mutants for L0_P61 (A:97, B:8, C:19, D:0)
2026-06-04 03:28:26,170 [INFO] src.mutengine.report: Saved result to runs/kgb_ext_s1/details/L0_P61.json
2026-06-04 03:28:26,170 [INFO] run_kgb_mutation_test:   done: total=124 killed=81 survived=42 stillborn=1 crashes=0 (applied 124/124)
2026-06-04 03:28:26,174 [INFO] src.mutengine.report: Summary saved to runs/kgb_ext_s1/summary.json and runs/kgb_ext_s1/summary.md
2026-06-04 03:28:26,178 [INFO] src.mutengine.report: Summary saved to runs/kgb_ext_s1/summary.json and runs/kgb_ext_s1/summary.md
2026-06-04 03:28:26,180 [INFO] run_kgb_mutation_test: ALL DONE in 119s | valid_seeds=9/11 | mutants=508 killed=247 survived=252
KGB_RQ1_DONE valid_seeds=9/11 mutants=508 killed=247 survived=252 out=runs/kgb_ext_s1
==== RQ-KGB-2 (EMD) ====
2026-06-04 03:28:27,528 [INFO] run_kgb_emd: === softmax__float32__128x512 (P1): 18 survived ===
2026-06-04 03:28:30,888 [INFO] run_kgb_emd: === rmsnorm__float32__512x1024 (P13): 13 survived ===
2026-06-04 03:28:31,500 [INFO] run_kgb_emd: === layernorm__float32__128x512 (P19): 23 survived ===
2026-06-04 03:28:32,267 [INFO] run_kgb_emd: === layernorm__float32__2048x256 (P25): 23 survived ===
2026-06-04 03:28:33,433 [INFO] run_kgb_emd: === reduce__float32__256x4096 (P31): 11 survived ===
2026-06-04 03:28:34,413 [INFO] run_kgb_emd: === cross_entropy__float32__256x512 (P43): 31 survived ===
2026-06-04 03:28:35,465 [INFO] run_kgb_emd: === rotary_embedding__float32__1024x64 (P49): 72 survived ===
2026-06-04 03:28:39,053 [INFO] run_kgb_emd: === flash_attention__float32__1x2x128x64 (P61): 42 survived ===
2026-06-04 03:28:41,522 [INFO] run_kgb_emd: === softmax__float32__2048x256 (P7): 19 survived ===
2026-06-04 03:28:42,611 [INFO] run_kgb_emd: EMD done: survived=252 strict_eq=53 cand_eq=162 true_escape=37 errors=0
KGB_EMD_DONE survived=252 true_escape=37 equivalent=215 faults={'tolerance_too_loose': 18, 'dtype_or_numerics_gap': 19}
==== RQ-KGB-3 (five-dim stress) ====
2026-06-04 03:28:44,187 [INFO] run_kgb_stress: true-escape mutants to enhance: 37 | policies=21 mode=ext
2026-06-04 03:28:44,188 [INFO] run_kgb_stress: === [1/37] softmax__float32__128x512 arith_replace@L42 ===
2026-06-04 03:28:47,268 [INFO] run_kgb_stress:     rescued=True by=['value_stress']
2026-06-04 03:28:47,269 [INFO] run_kgb_stress: === [2/37] softmax__float32__128x512 stab_remove@L42 ===
2026-06-04 03:28:47,365 [INFO] run_kgb_stress:     rescued=True by=['value_stress']
2026-06-04 03:28:47,368 [INFO] run_kgb_stress: === [3/37] rmsnorm__float32__512x1024 arith_replace@L32 ===
2026-06-04 03:28:48,429 [INFO] run_kgb_stress:     rescued=True by=['value_stress']
2026-06-04 03:28:48,432 [INFO] run_kgb_stress: === [4/37] rmsnorm__float32__512x1024 const_perturb@L45 ===
2026-06-04 03:28:48,642 [INFO] run_kgb_stress:     rescued=True by=['value_stress']
2026-06-04 03:28:48,646 [INFO] run_kgb_stress: === [5/37] rmsnorm__float32__512x1024 const_perturb@L45 ===
2026-06-04 03:28:48,851 [INFO] run_kgb_stress:     rescued=True by=['value_stress']
2026-06-04 03:28:48,854 [INFO] run_kgb_stress: === [6/37] rmsnorm__float32__512x1024 const_perturb@L45 ===
2026-06-04 03:28:49,049 [INFO] run_kgb_stress:     rescued=True by=['value_stress']
2026-06-04 03:28:49,054 [INFO] run_kgb_stress: === [7/37] rmsnorm__float32__512x1024 const_perturb@L45 ===
2026-06-04 03:28:49,241 [INFO] run_kgb_stress:     rescued=True by=['value_stress']
2026-06-04 03:28:49,244 [INFO] run_kgb_stress: === [8/37] rmsnorm__float32__512x1024 acc_downgrade@L28 ===
2026-06-04 03:28:49,712 [INFO] run_kgb_stress:     rescued=True by=['value_stress']
2026-06-04 03:28:49,715 [INFO] run_kgb_stress: === [9/37] rmsnorm__float32__512x1024 acc_downgrade@L38 ===
2026-06-04 03:28:50,148 [INFO] run_kgb_stress:     rescued=True by=['value_stress']
2026-06-04 03:28:50,152 [INFO] run_kgb_stress: === [10/37] rmsnorm__float32__512x1024 epsilon_modify@L45 ===
2026-06-04 03:28:50,337 [INFO] run_kgb_stress:     rescued=True by=['value_stress']
2026-06-04 03:28:50,340 [INFO] run_kgb_stress: === [11/37] rmsnorm__float32__512x1024 epsilon_modify@L45 ===
2026-06-04 03:28:50,921 [INFO] run_kgb_stress:     rescued=True by=['value_stress']
2026-06-04 03:28:50,923 [INFO] run_kgb_stress: === [12/37] layernorm__float32__128x512 arith_replace@L51 ===
2026-06-04 03:28:51,433 [INFO] run_kgb_stress:     rescued=True by=['value_stress']
2026-06-04 03:28:51,437 [INFO] run_kgb_stress: === [13/37] layernorm__float32__128x512 const_perturb@L69 ===
2026-06-04 03:28:51,556 [INFO] run_kgb_stress:     rescued=True by=['value_stress']
2026-06-04 03:28:51,560 [INFO] run_kgb_stress: === [14/37] layernorm__float32__128x512 const_perturb@L69 ===
2026-06-04 03:28:51,676 [INFO] run_kgb_stress:     rescued=True by=['value_stress']
2026-06-04 03:28:51,679 [INFO] run_kgb_stress: === [15/37] layernorm__float32__128x512 const_perturb@L69 ===
2026-06-04 03:28:51,791 [INFO] run_kgb_stress:     rescued=True by=['value_stress']
2026-06-04 03:28:51,794 [INFO] run_kgb_stress: === [16/37] layernorm__float32__128x512 const_perturb@L69 ===
2026-06-04 03:28:51,905 [INFO] run_kgb_stress:     rescued=True by=['value_stress']
2026-06-04 03:28:51,908 [INFO] run_kgb_stress: === [17/37] layernorm__float32__128x512 acc_downgrade@L41 ===
2026-06-04 03:28:52,178 [INFO] run_kgb_stress:     rescued=True by=['value_stress']
2026-06-04 03:28:52,181 [INFO] run_kgb_stress: === [18/37] layernorm__float32__128x512 acc_downgrade@L55 ===
2026-06-04 03:28:52,511 [INFO] run_kgb_stress:     rescued=True by=['value_stress']
2026-06-04 03:28:52,515 [INFO] run_kgb_stress: === [19/37] layernorm__float32__128x512 acc_downgrade@L56 ===
2026-06-04 03:28:52,794 [INFO] run_kgb_stress:     rescued=True by=['value_stress']
2026-06-04 03:28:52,798 [INFO] run_kgb_stress: === [20/37] layernorm__float32__128x512 epsilon_modify@L69 ===
2026-06-04 03:28:53,101 [INFO] run_kgb_stress:     rescued=True by=['value_stress']
2026-06-04 03:28:53,104 [INFO] run_kgb_stress: === [21/37] layernorm__float32__2048x256 arith_replace@L51 ===
2026-06-04 03:28:53,586 [INFO] run_kgb_stress:     rescued=True by=['value_stress']
2026-06-04 03:28:53,590 [INFO] run_kgb_stress: === [22/37] layernorm__float32__2048x256 const_perturb@L69 ===
2026-06-04 03:28:53,804 [INFO] run_kgb_stress:     rescued=True by=['value_stress']
2026-06-04 03:28:53,807 [INFO] run_kgb_stress: === [23/37] layernorm__float32__2048x256 const_perturb@L69 ===
2026-06-04 03:28:54,012 [INFO] run_kgb_stress:     rescued=True by=['value_stress']
2026-06-04 03:28:54,016 [INFO] run_kgb_stress: === [24/37] layernorm__float32__2048x256 const_perturb@L69 ===
2026-06-04 03:28:54,221 [INFO] run_kgb_stress:     rescued=True by=['value_stress']
2026-06-04 03:28:54,225 [INFO] run_kgb_stress: === [25/37] layernorm__float32__2048x256 const_perturb@L69 ===
2026-06-04 03:28:54,417 [INFO] run_kgb_stress:     rescued=True by=['value_stress']
2026-06-04 03:28:54,420 [INFO] run_kgb_stress: === [26/37] layernorm__float32__2048x256 acc_downgrade@L41 ===
2026-06-04 03:28:54,700 [INFO] run_kgb_stress:     rescued=True by=['value_stress']
2026-06-04 03:28:54,704 [INFO] run_kgb_stress: === [27/37] layernorm__float32__2048x256 acc_downgrade@L55 ===
2026-06-04 03:28:54,962 [INFO] run_kgb_stress:     rescued=True by=['value_stress']
2026-06-04 03:28:54,965 [INFO] run_kgb_stress: === [28/37] layernorm__float32__2048x256 acc_downgrade@L56 ===
2026-06-04 03:28:55,230 [INFO] run_kgb_stress:     rescued=True by=['value_stress']
2026-06-04 03:28:55,233 [INFO] run_kgb_stress: === [29/37] layernorm__float32__2048x256 epsilon_modify@L69 ===
2026-06-04 03:28:55,534 [INFO] run_kgb_stress:     rescued=True by=['value_stress']
2026-06-04 03:28:55,538 [INFO] run_kgb_stress: === [30/37] reduce__float32__256x4096 acc_downgrade@L44 ===
2026-06-04 03:28:56,054 [INFO] run_kgb_stress:     rescued=True by=['value_stress']
2026-06-04 03:28:56,058 [INFO] run_kgb_stress: === [31/37] cross_entropy__float32__256x512 arith_replace@L40 ===
2026-06-04 03:28:56,284 [INFO] run_kgb_stress:     rescued=True by=['value_stress', 'config_stress', 'dtype_stress']
2026-06-04 03:28:56,289 [INFO] run_kgb_stress: === [32/37] cross_entropy__float32__256x512 acc_downgrade@L40 ===
2026-06-04 03:28:56,787 [INFO] run_kgb_stress:     rescued=False by=[]
2026-06-04 03:28:56,790 [INFO] run_kgb_stress: === [33/37] cross_entropy__float32__256x512 acc_downgrade@L60 ===
2026-06-04 03:28:57,055 [INFO] run_kgb_stress:     rescued=True by=['value_stress']
2026-06-04 03:28:57,060 [INFO] run_kgb_stress: === [34/37] flash_attention__float32__1x2x128x64 acc_downgrade@L117 ===
2026-06-04 03:28:59,978 [INFO] run_kgb_stress:     rescued=False by=[]
2026-06-04 03:28:59,982 [INFO] run_kgb_stress: === [35/37] flash_attention__float32__1x2x128x64 init_modify@L64 ===
2026-06-04 03:29:01,467 [INFO] run_kgb_stress:     rescued=False by=[]
2026-06-04 03:29:01,470 [INFO] run_kgb_stress: === [36/37] softmax__float32__2048x256 arith_replace@L42 ===
2026-06-04 03:29:01,879 [INFO] run_kgb_stress:     rescued=True by=['value_stress']
2026-06-04 03:29:01,882 [INFO] run_kgb_stress: === [37/37] softmax__float32__2048x256 stab_remove@L42 ===
2026-06-04 03:29:01,996 [INFO] run_kgb_stress:     rescued=True by=['value_stress']
2026-06-04 03:29:01,999 [INFO] run_kgb_stress: STRESS done: rescued 34/37 (91.9%) by_dim={'value_stress': 34, 'config_stress': 1, 'dtype_stress': 1}
KGB_STRESS_DONE rescued=34/37 rate=0.919 by_dim={'value_stress': 34, 'config_stress': 1, 'dtype_stress': 1}
EXT_SHARD_DONE 1 Thu Jun  4 03:29:02 AM 2026
