==== KGB ext shard 3/6 start Thu Jun  4 03:26:25 AM 2026 on <node> ====
GPU 0: NVIDIA H20 (UUID: GPU-<redacted>)
==== RQ-KGB-1 ====
2026-06-04 03:26:27,240 [INFO] run_kgb_mutation_test: KGB oracle available: True | mode=ext shard=3/6 cats=['A', 'B', 'C', 'D'] out=runs/kgb_ext_s3
2026-06-04 03:26:27,241 [INFO] run_kgb_mutation_test: subjects in shard: 11
2026-06-04 03:26:27,241 [INFO] run_kgb_mutation_test: === [1/11] softmax/float16/(1024, 1024) (P3) ===
2026-06-04 03:26:35,482 [INFO] src.mutengine.mutant_runner: Generated 31 mutants for L0_P3 (A:24, B:2, C:4, D:1)
2026-06-04 03:26:35,484 [INFO] src.mutengine.report: Saved result to runs/kgb_ext_s3/details/L0_P3.json
2026-06-04 03:26:35,484 [INFO] run_kgb_mutation_test:   done: total=31 killed=10 survived=20 stillborn=1 crashes=0 (applied 31/31)
2026-06-04 03:26:35,485 [INFO] src.mutengine.report: Summary saved to runs/kgb_ext_s3/summary.json and runs/kgb_ext_s3/summary.md
2026-06-04 03:26:35,485 [INFO] run_kgb_mutation_test: === [2/11] rmsnorm/float16/(128, 512) (P9) ===
2026-06-04 03:26:43,123 [INFO] src.mutengine.mutant_runner: Generated 30 mutants for L0_P9 (A:22, B:2, C:6, D:0)
2026-06-04 03:26:43,124 [INFO] src.mutengine.report: Saved result to runs/kgb_ext_s3/details/L0_P9.json
2026-06-04 03:26:43,124 [INFO] run_kgb_mutation_test:   done: total=30 killed=17 survived=12 stillborn=1 crashes=0 (applied 30/30)
2026-06-04 03:26:43,129 [INFO] src.mutengine.report: Summary saved to runs/kgb_ext_s3/summary.json and runs/kgb_ext_s3/summary.md
2026-06-04 03:26:43,129 [INFO] run_kgb_mutation_test: === [3/11] rmsnorm/float16/(2048, 256) (P15) ===
2026-06-04 03:26:49,352 [WARNING] run_kgb_mutation_test:   worker crashed at mutant #12 (cuda_crash/illegal_memory_access); mark killed, restart at 13
2026-06-04 03:26:54,723 [WARNING] run_kgb_mutation_test:   worker crashed at mutant #14 (cuda_crash/illegal_memory_access); mark killed, restart at 15
2026-06-04 03:26:58,405 [INFO] src.mutengine.mutant_runner: Generated 30 mutants for L0_P15 (A:22, B:2, C:6, D:0)
2026-06-04 03:26:58,406 [INFO] src.mutengine.report: Saved result to runs/kgb_ext_s3/details/L0_P15.json
2026-06-04 03:26:58,406 [INFO] run_kgb_mutation_test:   done: total=30 killed=17 survived=12 stillborn=1 crashes=2 (applied 30/30)
2026-06-04 03:26:58,409 [INFO] src.mutengine.report: Summary saved to runs/kgb_ext_s3/summary.json and runs/kgb_ext_s3/summary.md
2026-06-04 03:26:58,409 [INFO] run_kgb_mutation_test: === [4/11] layernorm/float16/(512, 1024) (P21) ===
2026-06-04 03:27:04,332 [WARNING] run_kgb_mutation_test:   worker crashed at mutant #20 (cuda_crash/illegal_memory_access); mark killed, restart at 21
2026-06-04 03:27:09,623 [INFO] src.mutengine.mutant_runner: Generated 49 mutants for L0_P21 (A:36, B:2, C:10, D:1)
2026-06-04 03:27:09,625 [INFO] src.mutengine.report: Saved result to runs/kgb_ext_s3/details/L0_P21.json
2026-06-04 03:27:09,625 [INFO] run_kgb_mutation_test:   done: total=49 killed=24 survived=24 stillborn=1 crashes=1 (applied 49/49)
2026-06-04 03:27:09,629 [INFO] src.mutengine.report: Summary saved to runs/kgb_ext_s3/summary.json and runs/kgb_ext_s3/summary.md
2026-06-04 03:27:09,629 [INFO] run_kgb_mutation_test: === [5/11] reduce/float16/(128, 1024) (P27) ===
2026-06-04 03:27:15,475 [INFO] src.mutengine.mutant_runner: Generated 26 mutants for L0_P27 (A:19, B:2, C:4, D:1)
2026-06-04 03:27:15,477 [INFO] src.mutengine.report: Saved result to runs/kgb_ext_s3/details/L0_P27.json
2026-06-04 03:27:15,477 [INFO] run_kgb_mutation_test:   done: total=26 killed=14 survived=11 stillborn=1 crashes=0 (applied 26/26)
2026-06-04 03:27:15,480 [INFO] src.mutengine.report: Summary saved to runs/kgb_ext_s3/summary.json and runs/kgb_ext_s3/summary.md
2026-06-04 03:27:15,480 [INFO] run_kgb_mutation_test: === [6/11] reduce/float16/(1024, 2048) (P33) ===
2026-06-04 03:27:21,177 [INFO] src.mutengine.mutant_runner: Generated 26 mutants for L0_P33 (A:19, B:2, C:4, D:1)
2026-06-04 03:27:21,178 [INFO] src.mutengine.report: Saved result to runs/kgb_ext_s3/details/L0_P33.json
2026-06-04 03:27:21,178 [INFO] run_kgb_mutation_test:   done: total=26 killed=14 survived=11 stillborn=1 crashes=0 (applied 26/26)
2026-06-04 03:27:21,182 [INFO] src.mutengine.report: Summary saved to runs/kgb_ext_s3/summary.json and runs/kgb_ext_s3/summary.md
2026-06-04 03:27:21,182 [INFO] run_kgb_mutation_test: === [7/11] matmul/float16/(512, 256, 512) (P39) ===
2026-06-04 03:27:28,630 [INFO] src.mutengine.mutant_runner: Generated 42 mutants for L0_P39 (A:33, B:8, C:1, D:0)
2026-06-04 03:27:28,632 [INFO] src.mutengine.report: Saved result to runs/kgb_ext_s3/details/L0_P39.json
2026-06-04 03:27:28,632 [INFO] run_kgb_mutation_test:   done: total=42 killed=34 survived=7 stillborn=1 crashes=0 (applied 42/42)
2026-06-04 03:27:28,635 [INFO] src.mutengine.report: Summary saved to runs/kgb_ext_s3/summary.json and runs/kgb_ext_s3/summary.md
2026-06-04 03:27:28,635 [INFO] run_kgb_mutation_test: === [8/11] cross_entropy/float16/(1024, 1024) (P45) ===
2026-06-04 03:27:35,509 [WARNING] run_kgb_mutation_test:   worker crashed at mutant #14 (cuda_crash/illegal_memory_access); mark killed, restart at 15
2026-06-04 03:27:41,782 [WARNING] run_kgb_mutation_test:   worker crashed at mutant #22 (cuda_crash/illegal_memory_access); mark killed, restart at 23
2026-06-04 03:27:48,974 [INFO] src.mutengine.mutant_runner: Generated 48 mutants for L0_P45 (A:32, B:2, C:14, D:0)
2026-06-04 03:27:48,976 [INFO] src.mutengine.report: Saved result to runs/kgb_ext_s3/details/L0_P45.json
2026-06-04 03:27:48,976 [INFO] run_kgb_mutation_test:   done: total=48 killed=15 survived=32 stillborn=1 crashes=2 (applied 48/48)
2026-06-04 03:27:48,980 [INFO] src.mutengine.report: Summary saved to runs/kgb_ext_s3/summary.json and runs/kgb_ext_s3/summary.md
2026-06-04 03:27:48,980 [INFO] run_kgb_mutation_test: === [9/11] rotary_embedding/float16/(256, 128) (P51) ===
2026-06-04 03:27:54,203 [WARNING] run_kgb_mutation_test:   seed INVALID (killed: ); skip
2026-06-04 03:27:54,203 [INFO] run_kgb_mutation_test: === [10/11] fused_mlp/float16/(256, 512, 512) (P57) ===
2026-06-04 03:27:58,374 [WARNING] run_kgb_mutation_test:   seed INVALID (killed: ); skip
2026-06-04 03:27:58,374 [INFO] run_kgb_mutation_test: === [11/11] flash_attention/float16/(2, 4, 256, 64) (P63) ===
2026-06-04 03:28:04,797 [WARNING] run_kgb_mutation_test:   worker crashed at mutant #22 (cuda_crash/illegal_memory_access); mark killed, restart at 23
2026-06-04 03:28:13,674 [WARNING] run_kgb_mutation_test:   worker crashed at mutant #43 (cuda_crash/illegal_memory_access); mark killed, restart at 44
2026-06-04 03:28:20,699 [WARNING] run_kgb_mutation_test:   worker crashed at mutant #83 (cuda_crash/illegal_memory_access); mark killed, restart at 84
2026-06-04 03:28:24,369 [WARNING] run_kgb_mutation_test:   worker crashed at mutant #87 (cuda_crash/illegal_memory_access); mark killed, restart at 88
2026-06-04 03:28:28,538 [WARNING] run_kgb_mutation_test:   worker crashed at mutant #91 (cuda_crash/illegal_memory_access); mark killed, restart at 92
2026-06-04 03:28:32,408 [WARNING] run_kgb_mutation_test:   worker crashed at mutant #95 (cuda_crash/illegal_memory_access); mark killed, restart at 96
2026-06-04 03:28:36,028 [WARNING] run_kgb_mutation_test:   worker crashed at mutant #98 (cuda_crash/illegal_memory_access); mark killed, restart at 99
2026-06-04 03:28:44,277 [INFO] src.mutengine.mutant_runner: Generated 124 mutants for L0_P63 (A:97, B:8, C:19, D:0)
2026-06-04 03:28:44,286 [INFO] src.mutengine.report: Saved result to runs/kgb_ext_s3/details/L0_P63.json
2026-06-04 03:28:44,286 [INFO] run_kgb_mutation_test:   done: total=124 killed=87 survived=36 stillborn=1 crashes=7 (applied 124/124)
2026-06-04 03:28:44,291 [INFO] src.mutengine.report: Summary saved to runs/kgb_ext_s3/summary.json and runs/kgb_ext_s3/summary.md
2026-06-04 03:28:44,296 [INFO] src.mutengine.report: Summary saved to runs/kgb_ext_s3/summary.json and runs/kgb_ext_s3/summary.md
2026-06-04 03:28:44,298 [INFO] run_kgb_mutation_test: ALL DONE in 137s | valid_seeds=9/11 | mutants=406 killed=232 survived=165
KGB_RQ1_DONE valid_seeds=9/11 mutants=406 killed=232 survived=165 out=runs/kgb_ext_s3
==== RQ-KGB-2 (EMD) ====
2026-06-04 03:28:45,597 [INFO] run_kgb_emd: === rmsnorm__float16__2048x256 (P15): 12 survived ===
2026-06-04 03:28:47,968 [INFO] run_kgb_emd: === layernorm__float16__512x1024 (P21): 24 survived ===
2026-06-04 03:28:49,445 [INFO] run_kgb_emd: === reduce__float16__128x1024 (P27): 11 survived ===
2026-06-04 03:28:50,089 [INFO] run_kgb_emd: === softmax__float16__1024x1024 (P3): 20 survived ===
2026-06-04 03:28:51,764 [INFO] run_kgb_emd: === reduce__float16__1024x2048 (P33): 11 survived ===
2026-06-04 03:28:53,441 [INFO] run_kgb_emd: === matmul__float16__512x256x512 (P39): 7 survived ===
2026-06-04 03:28:53,978 [INFO] run_kgb_emd: === cross_entropy__float16__1024x1024 (P45): 32 survived ===
2026-06-04 03:28:56,285 [INFO] run_kgb_emd: === flash_attention__float16__2x4x256x64 (P63): 36 survived ===
2026-06-04 03:28:59,127 [INFO] run_kgb_emd: === rmsnorm__float16__128x512 (P9): 12 survived ===
2026-06-04 03:28:59,535 [INFO] run_kgb_emd: EMD done: survived=165 strict_eq=26 cand_eq=107 true_escape=32 errors=0
KGB_EMD_DONE survived=165 true_escape=32 equivalent=133 faults={'tolerance_too_loose': 20, 'dtype_or_numerics_gap': 12}
==== RQ-KGB-3 (five-dim stress) ====
2026-06-04 03:29:01,034 [INFO] run_kgb_stress: true-escape mutants to enhance: 32 | policies=21 mode=ext
2026-06-04 03:29:01,035 [INFO] run_kgb_stress: === [1/32] rmsnorm__float16__2048x256 arith_replace@L32 ===
2026-06-04 03:29:03,362 [INFO] run_kgb_stress:     rescued=True by=['value_stress']
2026-06-04 03:29:03,363 [INFO] run_kgb_stress: === [2/32] rmsnorm__float16__2048x256 const_perturb@L45 ===
2026-06-04 03:29:03,719 [INFO] run_kgb_stress:     rescued=False by=[]
2026-06-04 03:29:03,722 [INFO] run_kgb_stress: === [3/32] rmsnorm__float16__2048x256 const_perturb@L45 ===
2026-06-04 03:29:04,035 [INFO] run_kgb_stress:     rescued=False by=[]
2026-06-04 03:29:04,040 [INFO] run_kgb_stress: === [4/32] rmsnorm__float16__2048x256 const_perturb@L45 ===
2026-06-04 03:29:04,238 [INFO] run_kgb_stress:     rescued=True by=['value_stress']
2026-06-04 03:29:04,241 [INFO] run_kgb_stress: === [5/32] rmsnorm__float16__2048x256 const_perturb@L45 ===
2026-06-04 03:29:04,435 [INFO] run_kgb_stress:     rescued=True by=['value_stress']
2026-06-04 03:29:04,438 [INFO] run_kgb_stress: === [6/32] rmsnorm__float16__2048x256 acc_downgrade@L28 ===
2026-06-04 03:29:05,001 [INFO] run_kgb_stress:     rescued=True by=['value_stress']
2026-06-04 03:29:05,005 [INFO] run_kgb_stress: === [7/32] rmsnorm__float16__2048x256 epsilon_modify@L45 ===
2026-06-04 03:29:05,605 [INFO] run_kgb_stress:     rescued=True by=['value_stress']
2026-06-04 03:29:05,608 [INFO] run_kgb_stress: === [8/32] rmsnorm__float16__2048x256 cast_remove@L28 ===
2026-06-04 03:29:06,150 [INFO] run_kgb_stress:     rescued=True by=['value_stress']
2026-06-04 03:29:06,153 [INFO] run_kgb_stress: === [9/32] layernorm__float16__512x1024 arith_replace@L51 ===
2026-06-04 03:29:06,650 [INFO] run_kgb_stress:     rescued=True by=['value_stress']
2026-06-04 03:29:06,653 [INFO] run_kgb_stress: === [10/32] layernorm__float16__512x1024 const_perturb@L69 ===
2026-06-04 03:29:06,862 [INFO] run_kgb_stress:     rescued=True by=['value_stress']
2026-06-04 03:29:06,865 [INFO] run_kgb_stress: === [11/32] layernorm__float16__512x1024 const_perturb@L69 ===
2026-06-04 03:29:07,069 [INFO] run_kgb_stress:     rescued=True by=['value_stress']
2026-06-04 03:29:07,072 [INFO] run_kgb_stress: === [12/32] layernorm__float16__512x1024 const_perturb@L69 ===
2026-06-04 03:29:07,260 [INFO] run_kgb_stress:     rescued=True by=['value_stress']
2026-06-04 03:29:07,262 [INFO] run_kgb_stress: === [13/32] layernorm__float16__512x1024 const_perturb@L69 ===
2026-06-04 03:29:07,452 [INFO] run_kgb_stress:     rescued=True by=['value_stress']
2026-06-04 03:29:07,454 [INFO] run_kgb_stress: === [14/32] layernorm__float16__512x1024 acc_downgrade@L41 ===
2026-06-04 03:29:07,729 [INFO] run_kgb_stress:     rescued=True by=['value_stress']
2026-06-04 03:29:07,732 [INFO] run_kgb_stress: === [15/32] layernorm__float16__512x1024 epsilon_modify@L69 ===
2026-06-04 03:29:07,938 [INFO] run_kgb_stress:     rescued=True by=['value_stress']
2026-06-04 03:29:07,941 [INFO] run_kgb_stress: === [16/32] layernorm__float16__512x1024 epsilon_modify@L69 ===
2026-06-04 03:29:08,257 [INFO] run_kgb_stress:     rescued=True by=['value_stress']
2026-06-04 03:29:08,260 [INFO] run_kgb_stress: === [17/32] layernorm__float16__512x1024 cast_remove@L41 ===
2026-06-04 03:29:08,533 [INFO] run_kgb_stress:     rescued=True by=['value_stress']
2026-06-04 03:29:08,537 [INFO] run_kgb_stress: === [18/32] softmax__float16__1024x1024 arith_replace@L31 ===
2026-06-04 03:29:09,074 [INFO] run_kgb_stress:     rescued=True by=['value_stress']
2026-06-04 03:29:09,077 [INFO] run_kgb_stress: === [19/32] softmax__float16__1024x1024 arith_replace@L38 ===
2026-06-04 03:29:09,110 [INFO] run_kgb_stress:     rescued=False by=[]
2026-06-04 03:29:09,115 [INFO] run_kgb_stress: === [20/32] softmax__float16__1024x1024 arith_replace@L42 ===
2026-06-04 03:29:09,147 [INFO] run_kgb_stress:     rescued=False by=[]
2026-06-04 03:29:09,150 [INFO] run_kgb_stress: === [21/32] cross_entropy__float16__1024x1024 arith_replace@L40 ===
2026-06-04 03:29:09,374 [INFO] run_kgb_stress:     rescued=False by=[]
2026-06-04 03:29:09,379 [INFO] run_kgb_stress: === [22/32] cross_entropy__float16__1024x1024 arith_replace@L60 ===
2026-06-04 03:29:09,416 [INFO] run_kgb_stress:     rescued=False by=[]
2026-06-04 03:29:09,421 [INFO] run_kgb_stress: === [23/32] flash_attention__float16__2x4x256x64 acc_downgrade@L117 ===
2026-06-04 03:29:09,510 [INFO] run_kgb_stress:     rescued=False by=[]
2026-06-04 03:29:09,514 [INFO] run_kgb_stress: === [24/32] flash_attention__float16__2x4x256x64 init_modify@L64 ===
2026-06-04 03:29:09,592 [INFO] run_kgb_stress:     rescued=False by=[]
2026-06-04 03:29:09,596 [INFO] run_kgb_stress: === [25/32] rmsnorm__float16__128x512 arith_replace@L32 ===
2026-06-04 03:29:09,631 [INFO] run_kgb_stress:     rescued=False by=[]
2026-06-04 03:29:09,636 [INFO] run_kgb_stress: === [26/32] rmsnorm__float16__128x512 const_perturb@L45 ===
2026-06-04 03:29:09,670 [INFO] run_kgb_stress:     rescued=False by=[]
2026-06-04 03:29:09,673 [INFO] run_kgb_stress: === [27/32] rmsnorm__float16__128x512 const_perturb@L45 ===
2026-06-04 03:29:09,706 [INFO] run_kgb_stress:     rescued=False by=[]
2026-06-04 03:29:09,709 [INFO] run_kgb_stress: === [28/32] rmsnorm__float16__128x512 const_perturb@L45 ===
2026-06-04 03:29:09,744 [INFO] run_kgb_stress:     rescued=False by=[]
2026-06-04 03:29:09,748 [INFO] run_kgb_stress: === [29/32] rmsnorm__float16__128x512 const_perturb@L45 ===
2026-06-04 03:29:09,781 [INFO] run_kgb_stress:     rescued=False by=[]
2026-06-04 03:29:09,785 [INFO] run_kgb_stress: === [30/32] rmsnorm__float16__128x512 acc_downgrade@L28 ===
2026-06-04 03:29:09,818 [INFO] run_kgb_stress:     rescued=False by=[]
2026-06-04 03:29:09,825 [INFO] run_kgb_stress: === [31/32] rmsnorm__float16__128x512 epsilon_modify@L45 ===
2026-06-04 03:29:09,861 [INFO] run_kgb_stress:     rescued=False by=[]
2026-06-04 03:29:09,864 [INFO] run_kgb_stress: === [32/32] rmsnorm__float16__128x512 cast_remove@L28 ===
2026-06-04 03:29:09,900 [INFO] run_kgb_stress:     rescued=False by=[]
2026-06-04 03:29:09,903 [INFO] run_kgb_stress: STRESS done: rescued 16/32 (50.0%) by_dim={'value_stress': 16}
KGB_STRESS_DONE rescued=16/32 rate=0.500 by_dim={'value_stress': 16}
EXT_SHARD_DONE 3 Thu Jun  4 03:29:10 AM 2026
