==== KGB ext shard 2/6 start Thu Jun  4 03:26:25 AM 2026 on <node> ====
GPU 0: NVIDIA H20 (UUID: GPU-<redacted>)
==== RQ-KGB-1 ====
2026-06-04 03:26:27,238 [INFO] run_kgb_mutation_test: KGB oracle available: True | mode=ext shard=2/6 cats=['A', 'B', 'C', 'D'] out=runs/kgb_ext_s2
2026-06-04 03:26:27,239 [INFO] run_kgb_mutation_test: subjects in shard: 11
2026-06-04 03:26:27,239 [INFO] run_kgb_mutation_test: === [1/11] softmax/bfloat16/(128, 512) (P2) ===
2026-06-04 03:26:35,580 [INFO] src.mutengine.mutant_runner: Generated 31 mutants for L0_P2 (A:24, B:2, C:4, D:1)
2026-06-04 03:26:35,582 [INFO] src.mutengine.report: Saved result to runs/kgb_ext_s2/details/L0_P2.json
2026-06-04 03:26:35,582 [INFO] run_kgb_mutation_test:   done: total=31 killed=12 survived=18 stillborn=1 crashes=0 (applied 31/31)
2026-06-04 03:26:35,583 [INFO] src.mutengine.report: Summary saved to runs/kgb_ext_s2/summary.json and runs/kgb_ext_s2/summary.md
2026-06-04 03:26:35,583 [INFO] run_kgb_mutation_test: === [2/11] softmax/bfloat16/(2048, 256) (P8) ===
2026-06-04 03:26:42,520 [INFO] src.mutengine.mutant_runner: Generated 31 mutants for L0_P8 (A:24, B:2, C:4, D:1)
2026-06-04 03:26:42,521 [INFO] src.mutengine.report: Saved result to runs/kgb_ext_s2/details/L0_P8.json
2026-06-04 03:26:42,521 [INFO] run_kgb_mutation_test:   done: total=31 killed=12 survived=18 stillborn=1 crashes=0 (applied 31/31)
2026-06-04 03:26:42,525 [INFO] src.mutengine.report: Summary saved to runs/kgb_ext_s2/summary.json and runs/kgb_ext_s2/summary.md
2026-06-04 03:26:42,525 [INFO] run_kgb_mutation_test: === [3/11] rmsnorm/bfloat16/(512, 1024) (P14) ===
2026-06-04 03:26:49,449 [WARNING] run_kgb_mutation_test:   worker crashed at mutant #12 (cuda_crash/illegal_memory_access); mark killed, restart at 13
2026-06-04 03:26:53,769 [WARNING] run_kgb_mutation_test:   worker crashed at mutant #14 (cuda_crash/illegal_memory_access); mark killed, restart at 15
2026-06-04 03:26:57,651 [INFO] src.mutengine.mutant_runner: Generated 30 mutants for L0_P14 (A:22, B:2, C:6, D:0)
2026-06-04 03:26:57,653 [INFO] src.mutengine.report: Saved result to runs/kgb_ext_s2/details/L0_P14.json
2026-06-04 03:26:57,653 [INFO] run_kgb_mutation_test:   done: total=30 killed=16 survived=13 stillborn=1 crashes=2 (applied 30/30)
2026-06-04 03:26:57,657 [INFO] src.mutengine.report: Summary saved to runs/kgb_ext_s2/summary.json and runs/kgb_ext_s2/summary.md
2026-06-04 03:26:57,657 [INFO] run_kgb_mutation_test: === [4/11] layernorm/bfloat16/(128, 512) (P20) ===
2026-06-04 03:27:05,802 [INFO] src.mutengine.mutant_runner: Generated 49 mutants for L0_P20 (A:36, B:2, C:10, D:1)
2026-06-04 03:27:05,804 [INFO] src.mutengine.report: Saved result to runs/kgb_ext_s2/details/L0_P20.json
2026-06-04 03:27:05,804 [INFO] run_kgb_mutation_test:   done: total=49 killed=24 survived=24 stillborn=1 crashes=0 (applied 49/49)
2026-06-04 03:27:05,807 [INFO] src.mutengine.report: Summary saved to runs/kgb_ext_s2/summary.json and runs/kgb_ext_s2/summary.md
2026-06-04 03:27:05,807 [INFO] run_kgb_mutation_test: === [5/11] layernorm/bfloat16/(2048, 256) (P26) ===
2026-06-04 03:27:10,378 [WARNING] run_kgb_mutation_test:   worker crashed at mutant #20 (cuda_crash/illegal_memory_access); mark killed, restart at 21
2026-06-04 03:27:15,719 [INFO] src.mutengine.mutant_runner: Generated 49 mutants for L0_P26 (A:36, B:2, C:10, D:1)
2026-06-04 03:27:15,721 [INFO] src.mutengine.report: Saved result to runs/kgb_ext_s2/details/L0_P26.json
2026-06-04 03:27:15,721 [INFO] run_kgb_mutation_test:   done: total=49 killed=24 survived=24 stillborn=1 crashes=1 (applied 49/49)
2026-06-04 03:27:15,725 [INFO] src.mutengine.report: Summary saved to runs/kgb_ext_s2/summary.json and runs/kgb_ext_s2/summary.md
2026-06-04 03:27:15,725 [INFO] run_kgb_mutation_test: === [6/11] reduce/bfloat16/(256, 4096) (P32) ===
2026-06-04 03:27:22,372 [INFO] src.mutengine.mutant_runner: Generated 26 mutants for L0_P32 (A:19, B:2, C:4, D:1)
2026-06-04 03:27:22,374 [INFO] src.mutengine.report: Saved result to runs/kgb_ext_s2/details/L0_P32.json
2026-06-04 03:27:22,374 [INFO] run_kgb_mutation_test:   done: total=26 killed=14 survived=11 stillborn=1 crashes=0 (applied 26/26)
2026-06-04 03:27:22,377 [INFO] src.mutengine.report: Summary saved to runs/kgb_ext_s2/summary.json and runs/kgb_ext_s2/summary.md
2026-06-04 03:27:22,377 [INFO] run_kgb_mutation_test: === [7/11] matmul/bfloat16/(256, 256, 256) (P38) ===
2026-06-04 03:27:29,525 [INFO] src.mutengine.mutant_runner: Generated 42 mutants for L0_P38 (A:33, B:8, C:1, D:0)
2026-06-04 03:27:29,527 [INFO] src.mutengine.report: Saved result to runs/kgb_ext_s2/details/L0_P38.json
2026-06-04 03:27:29,527 [INFO] run_kgb_mutation_test:   done: total=42 killed=34 survived=7 stillborn=1 crashes=0 (applied 42/42)
2026-06-04 03:27:29,531 [INFO] src.mutengine.report: Summary saved to runs/kgb_ext_s2/summary.json and runs/kgb_ext_s2/summary.md
2026-06-04 03:27:29,531 [INFO] run_kgb_mutation_test: === [8/11] cross_entropy/bfloat16/(256, 512) (P44) ===
2026-06-04 03:27:35,253 [WARNING] run_kgb_mutation_test:   worker crashed at mutant #8 (cuda_crash/illegal_memory_access); mark killed, restart at 9
2026-06-04 03:27:39,523 [WARNING] run_kgb_mutation_test:   worker crashed at mutant #10 (cuda_crash/illegal_memory_access); mark killed, restart at 11
2026-06-04 03:27:43,943 [WARNING] run_kgb_mutation_test:   worker crashed at mutant #14 (cuda_crash/illegal_memory_access); mark killed, restart at 15
2026-06-04 03:27:48,163 [WARNING] run_kgb_mutation_test:   worker crashed at mutant #18 (cuda_crash/illegal_memory_access); mark killed, restart at 19
2026-06-04 03:27:54,754 [INFO] src.mutengine.mutant_runner: Generated 48 mutants for L0_P44 (A:32, B:2, C:14, D:0)
2026-06-04 03:27:54,757 [INFO] src.mutengine.report: Saved result to runs/kgb_ext_s2/details/L0_P44.json
2026-06-04 03:27:54,757 [INFO] run_kgb_mutation_test:   done: total=48 killed=17 survived=30 stillborn=1 crashes=4 (applied 48/48)
2026-06-04 03:27:54,761 [INFO] src.mutengine.report: Summary saved to runs/kgb_ext_s2/summary.json and runs/kgb_ext_s2/summary.md
2026-06-04 03:27:54,761 [INFO] run_kgb_mutation_test: === [9/11] rotary_embedding/bfloat16/(1024, 64) (P50) ===
2026-06-04 03:27:58,883 [WARNING] run_kgb_mutation_test:   seed INVALID (killed: ); skip
2026-06-04 03:27:58,883 [INFO] run_kgb_mutation_test: === [10/11] fused_mlp/bfloat16/(128, 256, 512) (P56) ===
2026-06-04 03:28:03,105 [WARNING] run_kgb_mutation_test:   seed INVALID (killed: ); skip
2026-06-04 03:28:03,105 [INFO] run_kgb_mutation_test: === [11/11] flash_attention/bfloat16/(1, 2, 128, 64) (P62) ===
2026-06-04 03:28:29,665 [INFO] src.mutengine.mutant_runner: Generated 124 mutants for L0_P62 (A:97, B:8, C:19, D:0)
2026-06-04 03:28:29,673 [INFO] src.mutengine.report: Saved result to runs/kgb_ext_s2/details/L0_P62.json
2026-06-04 03:28:29,673 [INFO] run_kgb_mutation_test:   done: total=124 killed=83 survived=40 stillborn=1 crashes=0 (applied 124/124)
2026-06-04 03:28:29,677 [INFO] src.mutengine.report: Summary saved to runs/kgb_ext_s2/summary.json and runs/kgb_ext_s2/summary.md
2026-06-04 03:28:29,680 [INFO] src.mutengine.report: Summary saved to runs/kgb_ext_s2/summary.json and runs/kgb_ext_s2/summary.md
2026-06-04 03:28:29,682 [INFO] run_kgb_mutation_test: ALL DONE in 122s | valid_seeds=9/11 | mutants=430 killed=236 survived=185
KGB_RQ1_DONE valid_seeds=9/11 mutants=430 killed=236 survived=185 out=runs/kgb_ext_s2
==== RQ-KGB-2 (EMD) ====
2026-06-04 03:28:31,056 [INFO] run_kgb_emd: === rmsnorm__bfloat16__512x1024 (P14): 13 survived ===
2026-06-04 03:28:33,648 [INFO] run_kgb_emd: === softmax__bfloat16__128x512 (P2): 18 survived ===
2026-06-04 03:28:34,468 [INFO] run_kgb_emd: === layernorm__bfloat16__128x512 (P20): 24 survived ===
2026-06-04 03:28:35,313 [INFO] run_kgb_emd: === layernorm__bfloat16__2048x256 (P26): 24 survived ===
2026-06-04 03:28:36,531 [INFO] run_kgb_emd: === reduce__bfloat16__256x4096 (P32): 11 survived ===
2026-06-04 03:28:37,680 [INFO] run_kgb_emd: === matmul__bfloat16__256x256x256 (P38): 7 survived ===
2026-06-04 03:28:38,150 [INFO] run_kgb_emd: === cross_entropy__bfloat16__256x512 (P44): 30 survived ===
2026-06-04 03:28:39,408 [INFO] run_kgb_emd: === flash_attention__bfloat16__1x2x128x64 (P62): 40 survived ===
2026-06-04 03:28:41,789 [INFO] run_kgb_emd: === softmax__bfloat16__2048x256 (P8): 18 survived ===
2026-06-04 03:28:42,975 [INFO] run_kgb_emd: EMD done: survived=185 strict_eq=31 cand_eq=118 true_escape=36 errors=0
KGB_EMD_DONE survived=185 true_escape=36 equivalent=149 faults={'tolerance_too_loose': 17, 'dtype_or_numerics_gap': 19}
==== RQ-KGB-3 (five-dim stress) ====
2026-06-04 03:28:44,546 [INFO] run_kgb_stress: true-escape mutants to enhance: 36 | policies=21 mode=ext
2026-06-04 03:28:44,546 [INFO] run_kgb_stress: === [1/36] rmsnorm__bfloat16__512x1024 arith_replace@L32 ===
2026-06-04 03:28:47,688 [INFO] run_kgb_stress:     rescued=True by=['value_stress']
2026-06-04 03:28:47,689 [INFO] run_kgb_stress: === [2/36] rmsnorm__bfloat16__512x1024 const_perturb@L45 ===
2026-06-04 03:28:47,981 [INFO] run_kgb_stress:     rescued=False by=[]
2026-06-04 03:28:47,984 [INFO] run_kgb_stress: === [3/36] rmsnorm__bfloat16__512x1024 const_perturb@L45 ===
2026-06-04 03:28:48,278 [INFO] run_kgb_stress:     rescued=False by=[]
2026-06-04 03:28:48,299 [INFO] run_kgb_stress: === [4/36] rmsnorm__bfloat16__512x1024 const_perturb@L45 ===
2026-06-04 03:28:48,481 [INFO] run_kgb_stress:     rescued=True by=['value_stress']
2026-06-04 03:28:48,484 [INFO] run_kgb_stress: === [5/36] rmsnorm__bfloat16__512x1024 const_perturb@L45 ===
2026-06-04 03:28:48,666 [INFO] run_kgb_stress:     rescued=True by=['value_stress']
2026-06-04 03:28:48,669 [INFO] run_kgb_stress: === [6/36] rmsnorm__bfloat16__512x1024 acc_downgrade@L28 ===
2026-06-04 03:28:48,927 [INFO] run_kgb_stress:     rescued=True by=['value_stress']
2026-06-04 03:28:48,930 [INFO] run_kgb_stress: === [7/36] rmsnorm__bfloat16__512x1024 acc_downgrade@L38 ===
2026-06-04 03:28:49,195 [INFO] run_kgb_stress:     rescued=True by=['value_stress']
2026-06-04 03:28:49,199 [INFO] run_kgb_stress: === [8/36] rmsnorm__bfloat16__512x1024 epsilon_modify@L45 ===
2026-06-04 03:28:49,377 [INFO] run_kgb_stress:     rescued=True by=['value_stress']
2026-06-04 03:28:49,380 [INFO] run_kgb_stress: === [9/36] rmsnorm__bfloat16__512x1024 epsilon_modify@L45 ===
2026-06-04 03:28:49,805 [INFO] run_kgb_stress:     rescued=True by=['value_stress']
2026-06-04 03:28:49,809 [INFO] run_kgb_stress: === [10/36] rmsnorm__bfloat16__512x1024 cast_remove@L28 ===
2026-06-04 03:28:50,284 [INFO] run_kgb_stress:     rescued=False by=[]
2026-06-04 03:28:50,287 [INFO] run_kgb_stress: === [11/36] softmax__bfloat16__128x512 arith_replace@L42 ===
2026-06-04 03:28:50,357 [INFO] run_kgb_stress:     rescued=True by=['value_stress']
2026-06-04 03:28:50,360 [INFO] run_kgb_stress: === [12/36] layernorm__bfloat16__128x512 arith_replace@L51 ===
2026-06-04 03:28:50,437 [INFO] run_kgb_stress:     rescued=True by=['value_stress']
2026-06-04 03:28:50,440 [INFO] run_kgb_stress: === [13/36] layernorm__bfloat16__128x512 const_perturb@L69 ===
2026-06-04 03:28:50,554 [INFO] run_kgb_stress:     rescued=True by=['value_stress']
2026-06-04 03:28:50,557 [INFO] run_kgb_stress: === [14/36] layernorm__bfloat16__128x512 const_perturb@L69 ===
2026-06-04 03:28:50,669 [INFO] run_kgb_stress:     rescued=True by=['value_stress']
2026-06-04 03:28:50,673 [INFO] run_kgb_stress: === [15/36] layernorm__bfloat16__128x512 const_perturb@L69 ===
2026-06-04 03:28:50,780 [INFO] run_kgb_stress:     rescued=True by=['value_stress']
2026-06-04 03:28:50,783 [INFO] run_kgb_stress: === [16/36] layernorm__bfloat16__128x512 const_perturb@L69 ===
2026-06-04 03:28:50,890 [INFO] run_kgb_stress:     rescued=True by=['value_stress']
2026-06-04 03:28:50,893 [INFO] run_kgb_stress: === [17/36] layernorm__bfloat16__128x512 acc_downgrade@L41 ===
2026-06-04 03:28:50,959 [INFO] run_kgb_stress:     rescued=True by=['value_stress']
2026-06-04 03:28:50,962 [INFO] run_kgb_stress: === [18/36] layernorm__bfloat16__128x512 acc_downgrade@L55 ===
2026-06-04 03:28:51,033 [INFO] run_kgb_stress:     rescued=True by=['value_stress']
2026-06-04 03:28:51,036 [INFO] run_kgb_stress: === [19/36] layernorm__bfloat16__128x512 acc_downgrade@L56 ===
2026-06-04 03:28:51,106 [INFO] run_kgb_stress:     rescued=True by=['value_stress']
2026-06-04 03:28:51,109 [INFO] run_kgb_stress: === [20/36] layernorm__bfloat16__128x512 epsilon_modify@L69 ===
2026-06-04 03:28:51,218 [INFO] run_kgb_stress:     rescued=True by=['value_stress']
2026-06-04 03:28:51,222 [INFO] run_kgb_stress: === [21/36] layernorm__bfloat16__128x512 epsilon_modify@L69 ===
2026-06-04 03:28:51,378 [INFO] run_kgb_stress:     rescued=True by=['value_stress']
2026-06-04 03:28:51,382 [INFO] run_kgb_stress: === [22/36] layernorm__bfloat16__128x512 cast_remove@L41 ===
2026-06-04 03:28:51,449 [INFO] run_kgb_stress:     rescued=True by=['value_stress']
2026-06-04 03:28:51,452 [INFO] run_kgb_stress: === [23/36] layernorm__bfloat16__2048x256 arith_replace@L51 ===
2026-06-04 03:28:51,733 [INFO] run_kgb_stress:     rescued=True by=['value_stress']
2026-06-04 03:28:51,737 [INFO] run_kgb_stress: === [24/36] layernorm__bfloat16__2048x256 const_perturb@L69 ===
2026-06-04 03:28:51,944 [INFO] run_kgb_stress:     rescued=True by=['value_stress']
2026-06-04 03:28:51,947 [INFO] run_kgb_stress: === [25/36] layernorm__bfloat16__2048x256 const_perturb@L69 ===
2026-06-04 03:28:52,162 [INFO] run_kgb_stress:     rescued=True by=['value_stress']
2026-06-04 03:28:52,166 [INFO] run_kgb_stress: === [26/36] layernorm__bfloat16__2048x256 const_perturb@L69 ===
2026-06-04 03:28:52,360 [INFO] run_kgb_stress:     rescued=True by=['value_stress']
2026-06-04 03:28:52,364 [INFO] run_kgb_stress: === [27/36] layernorm__bfloat16__2048x256 const_perturb@L69 ===
2026-06-04 03:28:52,554 [INFO] run_kgb_stress:     rescued=True by=['value_stress']
2026-06-04 03:28:52,557 [INFO] run_kgb_stress: === [28/36] layernorm__bfloat16__2048x256 acc_downgrade@L41 ===
2026-06-04 03:28:52,726 [INFO] run_kgb_stress:     rescued=True by=['value_stress']
2026-06-04 03:28:52,729 [INFO] run_kgb_stress: === [29/36] layernorm__bfloat16__2048x256 acc_downgrade@L55 ===
2026-06-04 03:28:52,909 [INFO] run_kgb_stress:     rescued=True by=['value_stress']
2026-06-04 03:28:52,912 [INFO] run_kgb_stress: === [30/36] layernorm__bfloat16__2048x256 acc_downgrade@L56 ===
2026-06-04 03:28:53,293 [INFO] run_kgb_stress:     rescued=True by=['value_stress']
2026-06-04 03:28:53,297 [INFO] run_kgb_stress: === [31/36] layernorm__bfloat16__2048x256 epsilon_modify@L69 ===
2026-06-04 03:28:53,482 [INFO] run_kgb_stress:     rescued=True by=['value_stress', 'dtype_stress']
2026-06-04 03:28:53,486 [INFO] run_kgb_stress: === [32/36] layernorm__bfloat16__2048x256 epsilon_modify@L69 ===
2026-06-04 03:28:53,681 [INFO] run_kgb_stress:     rescued=True by=['value_stress']
2026-06-04 03:28:53,686 [INFO] run_kgb_stress: === [33/36] layernorm__bfloat16__2048x256 cast_remove@L41 ===
2026-06-04 03:28:53,857 [INFO] run_kgb_stress:     rescued=True by=['value_stress']
2026-06-04 03:28:53,861 [INFO] run_kgb_stress: === [34/36] flash_attention__bfloat16__1x2x128x64 acc_downgrade@L117 ===
2026-06-04 03:28:56,495 [INFO] run_kgb_stress:     rescued=True by=['value_stress']
2026-06-04 03:28:56,499 [INFO] run_kgb_stress: === [35/36] flash_attention__bfloat16__1x2x128x64 init_modify@L64 ===
2026-06-04 03:28:57,690 [INFO] run_kgb_stress:     rescued=True by=['value_stress']
2026-06-04 03:28:57,694 [INFO] run_kgb_stress: === [36/36] softmax__bfloat16__2048x256 arith_replace@L42 ===
2026-06-04 03:28:57,933 [INFO] run_kgb_stress:     rescued=True by=['value_stress']
2026-06-04 03:28:57,937 [INFO] run_kgb_stress: STRESS done: rescued 33/36 (91.7%) by_dim={'value_stress': 33, 'dtype_stress': 1}
KGB_STRESS_DONE rescued=33/36 rate=0.917 by_dim={'value_stress': 33, 'dtype_stress': 1}
EXT_SHARD_DONE 2 Thu Jun  4 03:28:58 AM 2026
