==== KGB smoke chain start Thu Jun  4 03:18:44 2026 on <node> ====
GPU 0: NVIDIA H20 (UUID: GPU-<redacted>)
==== RQ-KGB-1 (mutation) ====
2026-06-04 03:18:45,428 [INFO] run_kgb_mutation_test: KGB oracle available: True | mode=smoke shard=0/1 cats=['A', 'B', 'C', 'D'] out=runs/kgb_smoke
2026-06-04 03:18:45,429 [INFO] run_kgb_mutation_test: subjects in shard: 18
2026-06-04 03:18:45,429 [INFO] run_kgb_mutation_test: === [1/18] softmax/float16/(128, 512) (P0) ===
2026-06-04 03:18:49,814 [INFO] src.mutengine.mutant_runner: Generated 31 mutants for L0_P0 (A:24, B:2, C:4, D:1)
2026-06-04 03:18:49,815 [INFO] src.mutengine.report: Saved result to runs/kgb_smoke/details/L0_P0.json
2026-06-04 03:18:49,815 [INFO] run_kgb_mutation_test:   done: total=31 killed=12 survived=18 stillborn=1 crashes=0 (applied 31/31)
2026-06-04 03:18:49,816 [INFO] src.mutengine.report: Summary saved to runs/kgb_smoke/summary.json and runs/kgb_smoke/summary.md
2026-06-04 03:18:49,816 [INFO] run_kgb_mutation_test: === [2/18] softmax/float32/(128, 512) (P1) ===
2026-06-04 03:18:53,185 [WARNING] run_kgb_mutation_test:   worker crashed at mutant #10 (cuda_crash/illegal_memory_access); mark killed, restart at 11
2026-06-04 03:18:56,567 [INFO] src.mutengine.mutant_runner: Generated 31 mutants for L0_P1 (A:24, B:2, C:4, D:1)
2026-06-04 03:18:56,569 [INFO] src.mutengine.report: Saved result to runs/kgb_smoke/details/L0_P1.json
2026-06-04 03:18:56,569 [INFO] run_kgb_mutation_test:   done: total=31 killed=12 survived=18 stillborn=1 crashes=1 (applied 31/31)
2026-06-04 03:18:56,572 [INFO] src.mutengine.report: Summary saved to runs/kgb_smoke/summary.json and runs/kgb_smoke/summary.md
2026-06-04 03:18:56,572 [INFO] run_kgb_mutation_test: === [3/18] rmsnorm/float16/(128, 512) (P2) ===
2026-06-04 03:19:01,657 [INFO] src.mutengine.mutant_runner: Generated 30 mutants for L0_P2 (A:22, B:2, C:6, D:0)
2026-06-04 03:19:01,658 [INFO] src.mutengine.report: Saved result to runs/kgb_smoke/details/L0_P2.json
2026-06-04 03:19:01,658 [INFO] run_kgb_mutation_test:   done: total=30 killed=17 survived=12 stillborn=1 crashes=0 (applied 30/30)
2026-06-04 03:19:01,662 [INFO] src.mutengine.report: Summary saved to runs/kgb_smoke/summary.json and runs/kgb_smoke/summary.md
2026-06-04 03:19:01,662 [INFO] run_kgb_mutation_test: === [4/18] rmsnorm/float32/(128, 512) (P3) ===
2026-06-04 03:19:05,381 [WARNING] run_kgb_mutation_test:   worker crashed at mutant #12 (cuda_crash/illegal_memory_access); mark killed, restart at 13
2026-06-04 03:19:08,965 [INFO] src.mutengine.mutant_runner: Generated 30 mutants for L0_P3 (A:22, B:2, C:6, D:0)
2026-06-04 03:19:08,967 [INFO] src.mutengine.report: Saved result to runs/kgb_smoke/details/L0_P3.json
2026-06-04 03:19:08,967 [INFO] run_kgb_mutation_test:   done: total=30 killed=17 survived=12 stillborn=1 crashes=1 (applied 30/30)
2026-06-04 03:19:08,970 [INFO] src.mutengine.report: Summary saved to runs/kgb_smoke/summary.json and runs/kgb_smoke/summary.md
2026-06-04 03:19:08,970 [INFO] run_kgb_mutation_test: === [5/18] layernorm/float16/(128, 512) (P4) ===
2026-06-04 03:19:15,065 [INFO] src.mutengine.mutant_runner: Generated 49 mutants for L0_P4 (A:36, B:2, C:10, D:1)
2026-06-04 03:19:15,067 [INFO] src.mutengine.report: Saved result to runs/kgb_smoke/details/L0_P4.json
2026-06-04 03:19:15,067 [INFO] run_kgb_mutation_test:   done: total=49 killed=24 survived=24 stillborn=1 crashes=0 (applied 49/49)
2026-06-04 03:19:15,071 [INFO] src.mutengine.report: Summary saved to runs/kgb_smoke/summary.json and runs/kgb_smoke/summary.md
2026-06-04 03:19:15,071 [INFO] run_kgb_mutation_test: === [6/18] layernorm/float32/(128, 512) (P5) ===
2026-06-04 03:19:19,391 [WARNING] run_kgb_mutation_test:   worker crashed at mutant #20 (cuda_crash/illegal_memory_access); mark killed, restart at 21
2026-06-04 03:19:23,481 [INFO] src.mutengine.mutant_runner: Generated 49 mutants for L0_P5 (A:36, B:2, C:10, D:1)
2026-06-04 03:19:23,484 [INFO] src.mutengine.report: Saved result to runs/kgb_smoke/details/L0_P5.json
2026-06-04 03:19:23,484 [INFO] run_kgb_mutation_test:   done: total=49 killed=25 survived=23 stillborn=1 crashes=1 (applied 49/49)
2026-06-04 03:19:23,489 [INFO] src.mutengine.report: Summary saved to runs/kgb_smoke/summary.json and runs/kgb_smoke/summary.md
2026-06-04 03:19:23,489 [INFO] run_kgb_mutation_test: === [7/18] reduce/float16/(128, 1024) (P6) ===
2026-06-04 03:19:27,384 [INFO] src.mutengine.mutant_runner: Generated 26 mutants for L0_P6 (A:19, B:2, C:4, D:1)
2026-06-04 03:19:27,386 [INFO] src.mutengine.report: Saved result to runs/kgb_smoke/details/L0_P6.json
2026-06-04 03:19:27,386 [INFO] run_kgb_mutation_test:   done: total=26 killed=14 survived=11 stillborn=1 crashes=0 (applied 26/26)
2026-06-04 03:19:27,389 [INFO] src.mutengine.report: Summary saved to runs/kgb_smoke/summary.json and runs/kgb_smoke/summary.md
2026-06-04 03:19:27,389 [INFO] run_kgb_mutation_test: === [8/18] reduce/float32/(128, 1024) (P7) ===
2026-06-04 03:19:30,408 [WARNING] run_kgb_mutation_test:   worker crashed at mutant #5 (cuda_crash/illegal_memory_access); mark killed, restart at 6
2026-06-04 03:19:33,750 [INFO] src.mutengine.mutant_runner: Generated 26 mutants for L0_P7 (A:19, B:2, C:4, D:1)
2026-06-04 03:19:33,752 [INFO] src.mutengine.report: Saved result to runs/kgb_smoke/details/L0_P7.json
2026-06-04 03:19:33,752 [INFO] run_kgb_mutation_test:   done: total=26 killed=14 survived=11 stillborn=1 crashes=1 (applied 26/26)
2026-06-04 03:19:33,756 [INFO] src.mutengine.report: Summary saved to runs/kgb_smoke/summary.json and runs/kgb_smoke/summary.md
2026-06-04 03:19:33,756 [INFO] run_kgb_mutation_test: === [9/18] matmul/float16/(256, 256, 256) (P8) ===
2026-06-04 03:19:40,303 [INFO] src.mutengine.mutant_runner: Generated 42 mutants for L0_P8 (A:33, B:8, C:1, D:0)
2026-06-04 03:19:40,305 [INFO] src.mutengine.report: Saved result to runs/kgb_smoke/details/L0_P8.json
2026-06-04 03:19:40,305 [INFO] run_kgb_mutation_test:   done: total=42 killed=34 survived=7 stillborn=1 crashes=0 (applied 42/42)
2026-06-04 03:19:40,309 [INFO] src.mutengine.report: Summary saved to runs/kgb_smoke/summary.json and runs/kgb_smoke/summary.md
2026-06-04 03:19:40,309 [INFO] run_kgb_mutation_test: === [10/18] matmul/float32/(256, 256, 256) (P9) ===
2026-06-04 03:19:43,280 [WARNING] run_kgb_mutation_test:   seed INVALID (killed: ); skip
2026-06-04 03:19:43,280 [INFO] run_kgb_mutation_test: === [11/18] cross_entropy/float16/(256, 512) (P10) ===
2026-06-04 03:19:46,399 [WARNING] run_kgb_mutation_test:   worker crashed at mutant #10 (cuda_crash/illegal_memory_access); mark killed, restart at 11
2026-06-04 03:19:49,667 [WARNING] run_kgb_mutation_test:   worker crashed at mutant #14 (cuda_crash/illegal_memory_access); mark killed, restart at 15
2026-06-04 03:19:52,535 [WARNING] run_kgb_mutation_test:   worker crashed at mutant #18 (cuda_crash/illegal_memory_access); mark killed, restart at 19
2026-06-04 03:19:56,972 [INFO] src.mutengine.mutant_runner: Generated 48 mutants for L0_P10 (A:32, B:2, C:14, D:0)
2026-06-04 03:19:56,975 [INFO] src.mutengine.report: Saved result to runs/kgb_smoke/details/L0_P10.json
2026-06-04 03:19:56,975 [INFO] run_kgb_mutation_test:   done: total=48 killed=17 survived=30 stillborn=1 crashes=3 (applied 48/48)
2026-06-04 03:19:56,979 [INFO] src.mutengine.report: Summary saved to runs/kgb_smoke/summary.json and runs/kgb_smoke/summary.md
2026-06-04 03:19:56,979 [INFO] run_kgb_mutation_test: === [12/18] cross_entropy/float32/(256, 512) (P11) ===
2026-06-04 03:20:00,348 [WARNING] run_kgb_mutation_test:   worker crashed at mutant #14 (cuda_crash/illegal_memory_access); mark killed, restart at 15
2026-06-04 03:20:03,116 [WARNING] run_kgb_mutation_test:   worker crashed at mutant #18 (cuda_crash/illegal_memory_access); mark killed, restart at 19
2026-06-04 03:20:05,734 [WARNING] run_kgb_mutation_test:   worker crashed at mutant #22 (cuda_crash/illegal_memory_access); mark killed, restart at 23
2026-06-04 03:20:10,021 [INFO] src.mutengine.mutant_runner: Generated 48 mutants for L0_P11 (A:32, B:2, C:14, D:0)
2026-06-04 03:20:10,024 [INFO] src.mutengine.report: Saved result to runs/kgb_smoke/details/L0_P11.json
2026-06-04 03:20:10,024 [INFO] run_kgb_mutation_test:   done: total=48 killed=16 survived=31 stillborn=1 crashes=3 (applied 48/48)
2026-06-04 03:20:10,028 [INFO] src.mutengine.report: Summary saved to runs/kgb_smoke/summary.json and runs/kgb_smoke/summary.md
2026-06-04 03:20:10,028 [INFO] run_kgb_mutation_test: === [13/18] rotary_embedding/float16/(1024, 64) (P12) ===
2026-06-04 03:20:12,948 [WARNING] run_kgb_mutation_test:   seed INVALID (killed: ); skip
2026-06-04 03:20:12,948 [INFO] run_kgb_mutation_test: === [14/18] rotary_embedding/float32/(1024, 64) (P13) ===
2026-06-04 03:20:22,108 [INFO] src.mutengine.mutant_runner: Generated 120 mutants for L0_P13 (A:107, B:5, C:8, D:0)
2026-06-04 03:20:22,116 [INFO] src.mutengine.report: Saved result to runs/kgb_smoke/details/L0_P13.json
2026-06-04 03:20:22,118 [INFO] run_kgb_mutation_test:   done: total=120 killed=47 survived=72 stillborn=1 crashes=0 (applied 120/120)
2026-06-04 03:20:22,124 [INFO] src.mutengine.report: Summary saved to runs/kgb_smoke/summary.json and runs/kgb_smoke/summary.md
2026-06-04 03:20:22,127 [INFO] run_kgb_mutation_test: === [15/18] fused_mlp/float16/(128, 256, 512) (P14) ===
2026-06-04 03:20:24,898 [WARNING] run_kgb_mutation_test:   seed INVALID (killed: Runtime trial 0: module 'triton.language.math' has no attribute 'tanh'); skip
2026-06-04 03:20:24,900 [INFO] run_kgb_mutation_test: === [16/18] fused_mlp/float32/(128, 256, 512) (P15) ===
2026-06-04 03:20:27,421 [WARNING] run_kgb_mutation_test:   seed INVALID (killed: Runtime trial 0: module 'triton.language.math' has no attribute 'tanh'); skip
2026-06-04 03:20:27,422 [INFO] run_kgb_mutation_test: === [17/18] flash_attention/float16/(1, 2, 128, 64) (P16) ===
2026-06-04 03:20:53,533 [INFO] src.mutengine.mutant_runner: Generated 124 mutants for L0_P16 (A:97, B:8, C:19, D:0)
2026-06-04 03:20:53,543 [INFO] src.mutengine.report: Saved result to runs/kgb_smoke/details/L0_P16.json
2026-06-04 03:20:53,545 [INFO] run_kgb_mutation_test:   done: total=124 killed=83 survived=40 stillborn=1 crashes=0 (applied 124/124)
2026-06-04 03:20:53,550 [INFO] src.mutengine.report: Summary saved to runs/kgb_smoke/summary.json and runs/kgb_smoke/summary.md
2026-06-04 03:20:53,552 [INFO] run_kgb_mutation_test: === [18/18] flash_attention/float32/(1, 2, 128, 64) (P17) ===
2026-06-04 03:21:24,221 [INFO] src.mutengine.mutant_runner: Generated 124 mutants for L0_P17 (A:97, B:8, C:19, D:0)
2026-06-04 03:21:24,231 [INFO] src.mutengine.report: Saved result to runs/kgb_smoke/details/L0_P17.json
2026-06-04 03:21:24,233 [INFO] run_kgb_mutation_test:   done: total=124 killed=81 survived=42 stillborn=1 crashes=0 (applied 124/124)
2026-06-04 03:21:24,240 [INFO] src.mutengine.report: Summary saved to runs/kgb_smoke/summary.json and runs/kgb_smoke/summary.md
2026-06-04 03:21:24,247 [INFO] src.mutengine.report: Summary saved to runs/kgb_smoke/summary.json and runs/kgb_smoke/summary.md
2026-06-04 03:21:24,250 [INFO] run_kgb_mutation_test: ALL DONE in 159s | valid_seeds=14/18 | mutants=778 killed=413 survived=351
KGB_RQ1_DONE valid_seeds=14/18 mutants=778 killed=413 survived=351 out=runs/kgb_smoke
==== RQ-KGB-2 (EMD) ====
2026-06-04 03:21:25,913 [INFO] run_kgb_emd: === softmax__float16__128x512 (P0): 18 survived ===
2026-06-04 03:21:27,959 [INFO] run_kgb_emd: === softmax__float32__128x512 (P1): 18 survived ===
2026-06-04 03:21:28,732 [INFO] run_kgb_emd: === cross_entropy__float16__256x512 (P10): 30 survived ===
2026-06-04 03:21:29,935 [INFO] run_kgb_emd: === cross_entropy__float32__256x512 (P11): 31 survived ===
2026-06-04 03:21:30,953 [INFO] run_kgb_emd: === rotary_embedding__float32__1024x64 (P13): 72 survived ===
2026-06-04 03:21:34,377 [INFO] run_kgb_emd: === flash_attention__float16__1x2x128x64 (P16): 40 survived ===
2026-06-04 03:21:36,693 [INFO] run_kgb_emd: === flash_attention__float32__1x2x128x64 (P17): 42 survived ===
2026-06-04 03:21:39,169 [INFO] run_kgb_emd: === rmsnorm__float16__128x512 (P2): 12 survived ===
2026-06-04 03:21:39,562 [INFO] run_kgb_emd: === rmsnorm__float32__128x512 (P3): 12 survived ===
2026-06-04 03:21:39,940 [INFO] run_kgb_emd: === layernorm__float16__128x512 (P4): 24 survived ===
2026-06-04 03:21:40,768 [INFO] run_kgb_emd: === layernorm__float32__128x512 (P5): 23 survived ===
2026-06-04 03:21:41,531 [INFO] run_kgb_emd: === reduce__float16__128x1024 (P6): 11 survived ===
2026-06-04 03:21:42,148 [INFO] run_kgb_emd: === reduce__float32__128x1024 (P7): 11 survived ===
2026-06-04 03:21:42,672 [INFO] run_kgb_emd: === matmul__float16__256x256x256 (P8): 7 survived ===
2026-06-04 03:21:43,122 [INFO] run_kgb_emd: EMD done: survived=351 strict_eq=70 cand_eq=236 true_escape=45 errors=0
KGB_EMD_DONE survived=351 true_escape=45 equivalent=306 faults={'tolerance_too_loose': 26, 'dtype_or_numerics_gap': 19}
==== RQ-KGB-3 (five-dim stress) ====
2026-06-04 03:21:44,624 [INFO] run_kgb_stress: true-escape mutants to enhance: 45 | policies=8 mode=smoke
2026-06-04 03:21:44,626 [INFO] run_kgb_stress: === [1/45] softmax__float16__128x512 arith_replace@L42 ===
2026-06-04 03:21:46,067 [INFO] run_kgb_stress:     rescued=True by=['value_stress']
2026-06-04 03:21:46,069 [INFO] run_kgb_stress: === [2/45] softmax__float32__128x512 arith_replace@L42 ===
2026-06-04 03:21:46,133 [INFO] run_kgb_stress:     rescued=True by=['value_stress']
2026-06-04 03:21:46,138 [INFO] run_kgb_stress: === [3/45] softmax__float32__128x512 stab_remove@L42 ===
2026-06-04 03:21:46,229 [INFO] run_kgb_stress:     rescued=True by=['value_stress']
2026-06-04 03:21:46,235 [INFO] run_kgb_stress: === [4/45] cross_entropy__float32__256x512 arith_replace@L40 ===
2026-06-04 03:21:46,285 [INFO] run_kgb_stress:     rescued=True by=['value_stress', 'config_stress', 'dtype_stress']
2026-06-04 03:21:46,289 [INFO] run_kgb_stress: === [5/45] cross_entropy__float32__256x512 acc_downgrade@L40 ===
2026-06-04 03:21:46,591 [INFO] run_kgb_stress:     rescued=False by=[]
2026-06-04 03:21:46,595 [INFO] run_kgb_stress: === [6/45] cross_entropy__float32__256x512 acc_downgrade@L60 ===
2026-06-04 03:21:46,793 [INFO] run_kgb_stress:     rescued=False by=[]
2026-06-04 03:21:46,797 [INFO] run_kgb_stress: === [7/45] flash_attention__float16__1x2x128x64 acc_downgrade@L117 ===
2026-06-04 03:21:48,598 [INFO] run_kgb_stress:     rescued=False by=[]
2026-06-04 03:21:48,603 [INFO] run_kgb_stress: === [8/45] flash_attention__float16__1x2x128x64 init_modify@L64 ===
2026-06-04 03:21:49,409 [INFO] run_kgb_stress:     rescued=False by=[]
2026-06-04 03:21:49,415 [INFO] run_kgb_stress: === [9/45] flash_attention__float32__1x2x128x64 acc_downgrade@L117 ===
2026-06-04 03:21:50,400 [INFO] run_kgb_stress:     rescued=False by=[]
2026-06-04 03:21:50,406 [INFO] run_kgb_stress: === [10/45] flash_attention__float32__1x2x128x64 init_modify@L64 ===
2026-06-04 03:21:50,972 [INFO] run_kgb_stress:     rescued=False by=[]
2026-06-04 03:21:50,976 [INFO] run_kgb_stress: === [11/45] rmsnorm__float16__128x512 arith_replace@L32 ===
2026-06-04 03:21:51,744 [INFO] run_kgb_stress:     rescued=True by=['value_stress']
2026-06-04 03:21:51,748 [INFO] run_kgb_stress: === [12/45] rmsnorm__float16__128x512 const_perturb@L45 ===
2026-06-04 03:21:51,851 [INFO] run_kgb_stress:     rescued=False by=[]
2026-06-04 03:21:51,855 [INFO] run_kgb_stress: === [13/45] rmsnorm__float16__128x512 const_perturb@L45 ===
2026-06-04 03:21:51,957 [INFO] run_kgb_stress:     rescued=False by=[]
2026-06-04 03:21:51,961 [INFO] run_kgb_stress: === [14/45] rmsnorm__float16__128x512 const_perturb@L45 ===
2026-06-04 03:21:52,063 [INFO] run_kgb_stress:     rescued=False by=[]
2026-06-04 03:21:52,068 [INFO] run_kgb_stress: === [15/45] rmsnorm__float16__128x512 const_perturb@L45 ===
2026-06-04 03:21:52,230 [INFO] run_kgb_stress:     rescued=True by=['value_stress']
2026-06-04 03:21:52,234 [INFO] run_kgb_stress: === [16/45] rmsnorm__float16__128x512 acc_downgrade@L28 ===
2026-06-04 03:21:52,607 [INFO] run_kgb_stress:     rescued=False by=[]
2026-06-04 03:21:52,611 [INFO] run_kgb_stress: === [17/45] rmsnorm__float16__128x512 epsilon_modify@L45 ===
2026-06-04 03:21:53,087 [INFO] run_kgb_stress:     rescued=False by=[]
2026-06-04 03:21:53,092 [INFO] run_kgb_stress: === [18/45] rmsnorm__float16__128x512 cast_remove@L28 ===
2026-06-04 03:21:53,458 [INFO] run_kgb_stress:     rescued=False by=[]
2026-06-04 03:21:53,462 [INFO] run_kgb_stress: === [19/45] rmsnorm__float32__128x512 arith_replace@L32 ===
2026-06-04 03:21:53,866 [INFO] run_kgb_stress:     rescued=True by=['value_stress']
2026-06-04 03:21:53,870 [INFO] run_kgb_stress: === [20/45] rmsnorm__float32__128x512 const_perturb@L45 ===
2026-06-04 03:21:53,965 [INFO] run_kgb_stress:     rescued=False by=[]
2026-06-04 03:21:53,969 [INFO] run_kgb_stress: === [21/45] rmsnorm__float32__128x512 const_perturb@L45 ===
2026-06-04 03:21:54,066 [INFO] run_kgb_stress:     rescued=False by=[]
2026-06-04 03:21:54,071 [INFO] run_kgb_stress: === [22/45] rmsnorm__float32__128x512 const_perturb@L45 ===
2026-06-04 03:21:54,166 [INFO] run_kgb_stress:     rescued=False by=[]
2026-06-04 03:21:54,170 [INFO] run_kgb_stress: === [23/45] rmsnorm__float32__128x512 const_perturb@L45 ===
2026-06-04 03:21:54,266 [INFO] run_kgb_stress:     rescued=True by=['value_stress']
2026-06-04 03:21:54,271 [INFO] run_kgb_stress: === [24/45] rmsnorm__float32__128x512 acc_downgrade@L28 ===
2026-06-04 03:21:54,521 [INFO] run_kgb_stress:     rescued=True by=['value_stress']
2026-06-04 03:21:54,526 [INFO] run_kgb_stress: === [25/45] rmsnorm__float32__128x512 acc_downgrade@L38 ===
2026-06-04 03:21:54,853 [INFO] run_kgb_stress:     rescued=True by=['value_stress']
2026-06-04 03:21:54,858 [INFO] run_kgb_stress: === [26/45] rmsnorm__float32__128x512 epsilon_modify@L45 ===
2026-06-04 03:21:55,116 [INFO] run_kgb_stress:     rescued=False by=[]
2026-06-04 03:21:55,121 [INFO] run_kgb_stress: === [27/45] layernorm__float16__128x512 arith_replace@L51 ===
2026-06-04 03:21:55,446 [INFO] run_kgb_stress:     rescued=True by=['value_stress']
2026-06-04 03:21:55,451 [INFO] run_kgb_stress: === [28/45] layernorm__float16__128x512 const_perturb@L69 ===
2026-06-04 03:21:55,553 [INFO] run_kgb_stress:     rescued=False by=[]
2026-06-04 03:21:55,558 [INFO] run_kgb_stress: === [29/45] layernorm__float16__128x512 const_perturb@L69 ===
2026-06-04 03:21:55,657 [INFO] run_kgb_stress:     rescued=False by=[]
2026-06-04 03:21:55,662 [INFO] run_kgb_stress: === [30/45] layernorm__float16__128x512 const_perturb@L69 ===
2026-06-04 03:21:55,762 [INFO] run_kgb_stress:     rescued=True by=['value_stress']
2026-06-04 03:21:55,766 [INFO] run_kgb_stress: === [31/45] layernorm__float16__128x512 const_perturb@L69 ===
2026-06-04 03:21:55,861 [INFO] run_kgb_stress:     rescued=True by=['value_stress']
2026-06-04 03:21:55,866 [INFO] run_kgb_stress: === [32/45] layernorm__float16__128x512 acc_downgrade@L41 ===
2026-06-04 03:21:56,041 [INFO] run_kgb_stress:     rescued=True by=['value_stress']
2026-06-04 03:21:56,045 [INFO] run_kgb_stress: === [33/45] layernorm__float16__128x512 epsilon_modify@L69 ===
2026-06-04 03:21:56,153 [INFO] run_kgb_stress:     rescued=True by=['value_stress']
2026-06-04 03:21:56,158 [INFO] run_kgb_stress: === [34/45] layernorm__float16__128x512 epsilon_modify@L69 ===
2026-06-04 03:21:56,358 [INFO] run_kgb_stress:     rescued=True by=['value_stress']
2026-06-04 03:21:56,363 [INFO] run_kgb_stress: === [35/45] layernorm__float16__128x512 cast_remove@L41 ===
2026-06-04 03:21:56,597 [INFO] run_kgb_stress:     rescued=True by=['value_stress']
2026-06-04 03:21:56,601 [INFO] run_kgb_stress: === [36/45] layernorm__float32__128x512 arith_replace@L51 ===
2026-06-04 03:21:56,674 [INFO] run_kgb_stress:     rescued=True by=['value_stress']
2026-06-04 03:21:56,679 [INFO] run_kgb_stress: === [37/45] layernorm__float32__128x512 const_perturb@L69 ===
2026-06-04 03:21:56,776 [INFO] run_kgb_stress:     rescued=False by=[]
2026-06-04 03:21:56,780 [INFO] run_kgb_stress: === [38/45] layernorm__float32__128x512 const_perturb@L69 ===
2026-06-04 03:21:56,879 [INFO] run_kgb_stress:     rescued=False by=[]
2026-06-04 03:21:56,884 [INFO] run_kgb_stress: === [39/45] layernorm__float32__128x512 const_perturb@L69 ===
2026-06-04 03:21:56,979 [INFO] run_kgb_stress:     rescued=True by=['value_stress']
2026-06-04 03:21:56,984 [INFO] run_kgb_stress: === [40/45] layernorm__float32__128x512 const_perturb@L69 ===
2026-06-04 03:21:57,079 [INFO] run_kgb_stress:     rescued=True by=['value_stress']
2026-06-04 03:21:57,084 [INFO] run_kgb_stress: === [41/45] layernorm__float32__128x512 acc_downgrade@L41 ===
2026-06-04 03:21:57,155 [INFO] run_kgb_stress:     rescued=True by=['value_stress']
2026-06-04 03:21:57,160 [INFO] run_kgb_stress: === [42/45] layernorm__float32__128x512 acc_downgrade@L55 ===
2026-06-04 03:21:57,327 [INFO] run_kgb_stress:     rescued=True by=['value_stress']
2026-06-04 03:21:57,331 [INFO] run_kgb_stress: === [43/45] layernorm__float32__128x512 acc_downgrade@L56 ===
2026-06-04 03:21:57,497 [INFO] run_kgb_stress:     rescued=True by=['value_stress']
2026-06-04 03:21:57,501 [INFO] run_kgb_stress: === [44/45] layernorm__float32__128x512 epsilon_modify@L69 ===
2026-06-04 03:21:57,599 [INFO] run_kgb_stress:     rescued=True by=['value_stress']
2026-06-04 03:21:57,604 [INFO] run_kgb_stress: === [45/45] reduce__float32__128x1024 acc_downgrade@L44 ===
2026-06-04 03:21:57,853 [INFO] run_kgb_stress:     rescued=True by=['value_stress']
2026-06-04 03:21:57,858 [INFO] run_kgb_stress: STRESS done: rescued 25/45 (55.6%) by_dim={'value_stress': 25, 'config_stress': 1, 'dtype_stress': 1}
KGB_STRESS_DONE rescued=25/45 rate=0.556 by_dim={'value_stress': 25, 'config_stress': 1, 'dtype_stress': 1}
==== report ====
SMOKE_CHAIN_DONE Thu Jun  4 03:21:58 2026
