==== KGB ext shard 0/6 start Thu Jun  4 03:26:25 AM 2026 on <node> ====
GPU 0: NVIDIA H20 (UUID: GPU-<redacted>)
==== RQ-KGB-1 ====
2026-06-04 03:26:27,239 [INFO] run_kgb_mutation_test: KGB oracle available: True | mode=ext shard=0/6 cats=['A', 'B', 'C', 'D'] out=runs/kgb_ext_s0
2026-06-04 03:26:27,239 [INFO] run_kgb_mutation_test: subjects in shard: 11
2026-06-04 03:26:27,240 [INFO] run_kgb_mutation_test: === [1/11] softmax/float16/(128, 512) (P0) ===
2026-06-04 03:26:35,280 [INFO] src.mutengine.mutant_runner: Generated 31 mutants for L0_P0 (A:24, B:2, C:4, D:1)
2026-06-04 03:26:35,282 [INFO] src.mutengine.report: Saved result to runs/kgb_ext_s0/details/L0_P0.json
2026-06-04 03:26:35,282 [INFO] run_kgb_mutation_test:   done: total=31 killed=12 survived=18 stillborn=1 crashes=0 (applied 31/31)
2026-06-04 03:26:35,283 [INFO] src.mutengine.report: Summary saved to runs/kgb_ext_s0/summary.json and runs/kgb_ext_s0/summary.md
2026-06-04 03:26:35,283 [INFO] run_kgb_mutation_test: === [2/11] softmax/float16/(2048, 256) (P6) ===
2026-06-04 03:26:42,220 [INFO] src.mutengine.mutant_runner: Generated 31 mutants for L0_P6 (A:24, B:2, C:4, D:1)
2026-06-04 03:26:42,221 [INFO] src.mutengine.report: Saved result to runs/kgb_ext_s0/details/L0_P6.json
2026-06-04 03:26:42,222 [INFO] run_kgb_mutation_test:   done: total=31 killed=12 survived=18 stillborn=1 crashes=0 (applied 31/31)
2026-06-04 03:26:42,224 [INFO] src.mutengine.report: Summary saved to runs/kgb_ext_s0/summary.json and runs/kgb_ext_s0/summary.md
2026-06-04 03:26:42,224 [INFO] run_kgb_mutation_test: === [3/11] rmsnorm/float16/(512, 1024) (P12) ===
2026-06-04 03:26:47,346 [WARNING] run_kgb_mutation_test:   worker crashed at mutant #12 (cuda_crash/illegal_memory_access); mark killed, restart at 13
2026-06-04 03:26:50,414 [WARNING] run_kgb_mutation_test:   worker crashed at mutant #14 (cuda_crash/illegal_memory_access); mark killed, restart at 15
2026-06-04 03:26:56,348 [INFO] src.mutengine.mutant_runner: Generated 30 mutants for L0_P12 (A:22, B:2, C:6, D:0)
2026-06-04 03:26:56,350 [INFO] src.mutengine.report: Saved result to runs/kgb_ext_s0/details/L0_P12.json
2026-06-04 03:26:56,350 [INFO] run_kgb_mutation_test:   done: total=30 killed=16 survived=13 stillborn=1 crashes=2 (applied 30/30)
2026-06-04 03:26:56,352 [INFO] src.mutengine.report: Summary saved to runs/kgb_ext_s0/summary.json and runs/kgb_ext_s0/summary.md
2026-06-04 03:26:56,352 [INFO] run_kgb_mutation_test: === [4/11] layernorm/float16/(128, 512) (P18) ===
2026-06-04 03:27:02,949 [INFO] src.mutengine.mutant_runner: Generated 49 mutants for L0_P18 (A:36, B:2, C:10, D:1)
2026-06-04 03:27:02,952 [INFO] src.mutengine.report: Saved result to runs/kgb_ext_s0/details/L0_P18.json
2026-06-04 03:27:02,952 [INFO] run_kgb_mutation_test:   done: total=49 killed=24 survived=24 stillborn=1 crashes=0 (applied 49/49)
2026-06-04 03:27:02,955 [INFO] src.mutengine.report: Summary saved to runs/kgb_ext_s0/summary.json and runs/kgb_ext_s0/summary.md
2026-06-04 03:27:02,955 [INFO] run_kgb_mutation_test: === [5/11] layernorm/float16/(2048, 256) (P24) ===
2026-06-04 03:27:08,878 [WARNING] run_kgb_mutation_test:   worker crashed at mutant #20 (cuda_crash/illegal_memory_access); mark killed, restart at 21
2026-06-04 03:27:14,820 [INFO] src.mutengine.mutant_runner: Generated 49 mutants for L0_P24 (A:36, B:2, C:10, D:1)
2026-06-04 03:27:14,822 [INFO] src.mutengine.report: Saved result to runs/kgb_ext_s0/details/L0_P24.json
2026-06-04 03:27:14,822 [INFO] run_kgb_mutation_test:   done: total=49 killed=25 survived=23 stillborn=1 crashes=1 (applied 49/49)
2026-06-04 03:27:14,825 [INFO] src.mutengine.report: Summary saved to runs/kgb_ext_s0/summary.json and runs/kgb_ext_s0/summary.md
2026-06-04 03:27:14,825 [INFO] run_kgb_mutation_test: === [6/11] reduce/float16/(256, 4096) (P30) ===
2026-06-04 03:27:19,269 [INFO] src.mutengine.mutant_runner: Generated 26 mutants for L0_P30 (A:19, B:2, C:4, D:1)
2026-06-04 03:27:19,271 [INFO] src.mutengine.report: Saved result to runs/kgb_ext_s0/details/L0_P30.json
2026-06-04 03:27:19,271 [INFO] run_kgb_mutation_test:   done: total=26 killed=14 survived=11 stillborn=1 crashes=0 (applied 26/26)
2026-06-04 03:27:19,275 [INFO] src.mutengine.report: Summary saved to runs/kgb_ext_s0/summary.json and runs/kgb_ext_s0/summary.md
2026-06-04 03:27:19,275 [INFO] run_kgb_mutation_test: === [7/11] matmul/float16/(256, 256, 256) (P36) ===
2026-06-04 03:27:26,473 [INFO] src.mutengine.mutant_runner: Generated 42 mutants for L0_P36 (A:33, B:8, C:1, D:0)
2026-06-04 03:27:26,475 [INFO] src.mutengine.report: Saved result to runs/kgb_ext_s0/details/L0_P36.json
2026-06-04 03:27:26,475 [INFO] run_kgb_mutation_test:   done: total=42 killed=34 survived=7 stillborn=1 crashes=0 (applied 42/42)
2026-06-04 03:27:26,479 [INFO] src.mutengine.report: Summary saved to runs/kgb_ext_s0/summary.json and runs/kgb_ext_s0/summary.md
2026-06-04 03:27:26,479 [INFO] run_kgb_mutation_test: === [8/11] cross_entropy/float16/(256, 512) (P42) ===
2026-06-04 03:27:30,749 [WARNING] run_kgb_mutation_test:   worker crashed at mutant #10 (cuda_crash/illegal_memory_access); mark killed, restart at 11
2026-06-04 03:27:35,819 [WARNING] run_kgb_mutation_test:   worker crashed at mutant #14 (cuda_crash/illegal_memory_access); mark killed, restart at 15
2026-06-04 03:27:41,992 [WARNING] run_kgb_mutation_test:   worker crashed at mutant #18 (cuda_crash/illegal_memory_access); mark killed, restart at 19
2026-06-04 03:27:50,036 [INFO] src.mutengine.mutant_runner: Generated 48 mutants for L0_P42 (A:32, B:2, C:14, D:0)
2026-06-04 03:27:50,039 [INFO] src.mutengine.report: Saved result to runs/kgb_ext_s0/details/L0_P42.json
2026-06-04 03:27:50,039 [INFO] run_kgb_mutation_test:   done: total=48 killed=17 survived=30 stillborn=1 crashes=3 (applied 48/48)
2026-06-04 03:27:50,043 [INFO] src.mutengine.report: Summary saved to runs/kgb_ext_s0/summary.json and runs/kgb_ext_s0/summary.md
2026-06-04 03:27:50,043 [INFO] run_kgb_mutation_test: === [9/11] rotary_embedding/float16/(1024, 64) (P48) ===
2026-06-04 03:27:54,515 [WARNING] run_kgb_mutation_test:   seed INVALID (killed: ); skip
2026-06-04 03:27:54,515 [INFO] run_kgb_mutation_test: === [10/11] fused_mlp/float16/(128, 256, 512) (P54) ===
2026-06-04 03:27:59,238 [WARNING] run_kgb_mutation_test:   seed INVALID (killed: ); skip
2026-06-04 03:27:59,238 [INFO] run_kgb_mutation_test: === [11/11] flash_attention/float16/(1, 2, 128, 64) (P60) ===
2026-06-04 03:28:26,299 [INFO] src.mutengine.mutant_runner: Generated 124 mutants for L0_P60 (A:97, B:8, C:19, D:0)
2026-06-04 03:28:26,307 [INFO] src.mutengine.report: Saved result to runs/kgb_ext_s0/details/L0_P60.json
2026-06-04 03:28:26,307 [INFO] run_kgb_mutation_test:   done: total=124 killed=83 survived=40 stillborn=1 crashes=0 (applied 124/124)
2026-06-04 03:28:26,314 [INFO] src.mutengine.report: Summary saved to runs/kgb_ext_s0/summary.json and runs/kgb_ext_s0/summary.md
2026-06-04 03:28:26,318 [INFO] src.mutengine.report: Summary saved to runs/kgb_ext_s0/summary.json and runs/kgb_ext_s0/summary.md
2026-06-04 03:28:26,320 [INFO] run_kgb_mutation_test: ALL DONE in 119s | valid_seeds=9/11 | mutants=430 killed=237 survived=184
KGB_RQ1_DONE valid_seeds=9/11 mutants=430 killed=237 survived=184 out=runs/kgb_ext_s0
==== RQ-KGB-2 (EMD) ====
2026-06-04 03:28:27,672 [INFO] run_kgb_emd: === softmax__float16__128x512 (P0): 18 survived ===
2026-06-04 03:28:30,993 [INFO] run_kgb_emd: === rmsnorm__float16__512x1024 (P12): 13 survived ===
2026-06-04 03:28:31,825 [INFO] run_kgb_emd: === layernorm__float16__128x512 (P18): 24 survived ===
2026-06-04 03:28:32,666 [INFO] run_kgb_emd: === layernorm__float16__2048x256 (P24): 23 survived ===
2026-06-04 03:28:33,946 [INFO] run_kgb_emd: === reduce__float16__256x4096 (P30): 11 survived ===
2026-06-04 03:28:35,078 [INFO] run_kgb_emd: === matmul__float16__256x256x256 (P36): 7 survived ===
2026-06-04 03:28:35,542 [INFO] run_kgb_emd: === cross_entropy__float16__256x512 (P42): 30 survived ===
2026-06-04 03:28:36,755 [INFO] run_kgb_emd: === softmax__float16__2048x256 (P6): 18 survived ===
2026-06-04 03:28:37,850 [INFO] run_kgb_emd: === flash_attention__float16__1x2x128x64 (P60): 40 survived ===
2026-06-04 03:28:40,249 [INFO] run_kgb_emd: EMD done: survived=184 strict_eq=31 cand_eq=123 true_escape=30 errors=0
KGB_EMD_DONE survived=184 true_escape=30 equivalent=154 faults={'tolerance_too_loose': 17, 'dtype_or_numerics_gap': 13}
==== RQ-KGB-3 (five-dim stress) ====
2026-06-04 03:28:41,787 [INFO] run_kgb_stress: true-escape mutants to enhance: 30 | policies=21 mode=ext
2026-06-04 03:28:41,787 [INFO] run_kgb_stress: === [1/30] softmax__float16__128x512 arith_replace@L42 ===
2026-06-04 03:28:43,615 [INFO] run_kgb_stress:     rescued=True by=['value_stress']
2026-06-04 03:28:43,615 [INFO] run_kgb_stress: === [2/30] rmsnorm__float16__512x1024 arith_replace@L32 ===
2026-06-04 03:28:44,663 [INFO] run_kgb_stress:     rescued=True by=['value_stress']
2026-06-04 03:28:44,666 [INFO] run_kgb_stress: === [3/30] rmsnorm__float16__512x1024 const_perturb@L45 ===
2026-06-04 03:28:45,021 [INFO] run_kgb_stress:     rescued=False by=[]
2026-06-04 03:28:45,024 [INFO] run_kgb_stress: === [4/30] rmsnorm__float16__512x1024 const_perturb@L45 ===
2026-06-04 03:28:45,402 [INFO] run_kgb_stress:     rescued=False by=[]
2026-06-04 03:28:45,405 [INFO] run_kgb_stress: === [5/30] rmsnorm__float16__512x1024 const_perturb@L45 ===
2026-06-04 03:28:45,596 [INFO] run_kgb_stress:     rescued=True by=['value_stress']
2026-06-04 03:28:45,600 [INFO] run_kgb_stress: === [6/30] rmsnorm__float16__512x1024 const_perturb@L45 ===
2026-06-04 03:28:45,881 [INFO] run_kgb_stress:     rescued=True by=['value_stress']
2026-06-04 03:28:45,883 [INFO] run_kgb_stress: === [7/30] rmsnorm__float16__512x1024 acc_downgrade@L28 ===
2026-06-04 03:28:46,454 [INFO] run_kgb_stress:     rescued=True by=['value_stress']
2026-06-04 03:28:46,458 [INFO] run_kgb_stress: === [8/30] rmsnorm__float16__512x1024 epsilon_modify@L45 ===
2026-06-04 03:28:46,649 [INFO] run_kgb_stress:     rescued=True by=['value_stress']
2026-06-04 03:28:46,652 [INFO] run_kgb_stress: === [9/30] rmsnorm__float16__512x1024 epsilon_modify@L45 ===
2026-06-04 03:28:47,257 [INFO] run_kgb_stress:     rescued=True by=['value_stress']
2026-06-04 03:28:47,260 [INFO] run_kgb_stress: === [10/30] rmsnorm__float16__512x1024 cast_remove@L28 ===
2026-06-04 03:28:47,837 [INFO] run_kgb_stress:     rescued=True by=['value_stress']
2026-06-04 03:28:47,840 [INFO] run_kgb_stress: === [11/30] layernorm__float16__128x512 arith_replace@L51 ===
2026-06-04 03:28:48,338 [INFO] run_kgb_stress:     rescued=True by=['value_stress']
2026-06-04 03:28:48,350 [INFO] run_kgb_stress: === [12/30] layernorm__float16__128x512 const_perturb@L69 ===
2026-06-04 03:28:48,471 [INFO] run_kgb_stress:     rescued=True by=['value_stress']
2026-06-04 03:28:48,475 [INFO] run_kgb_stress: === [13/30] layernorm__float16__128x512 const_perturb@L69 ===
2026-06-04 03:28:48,592 [INFO] run_kgb_stress:     rescued=True by=['value_stress']
2026-06-04 03:28:48,595 [INFO] run_kgb_stress: === [14/30] layernorm__float16__128x512 const_perturb@L69 ===
2026-06-04 03:28:48,706 [INFO] run_kgb_stress:     rescued=True by=['value_stress']
2026-06-04 03:28:48,709 [INFO] run_kgb_stress: === [15/30] layernorm__float16__128x512 const_perturb@L69 ===
2026-06-04 03:28:48,823 [INFO] run_kgb_stress:     rescued=True by=['value_stress']
2026-06-04 03:28:48,827 [INFO] run_kgb_stress: === [16/30] layernorm__float16__128x512 acc_downgrade@L41 ===
2026-06-04 03:28:49,093 [INFO] run_kgb_stress:     rescued=True by=['value_stress']
2026-06-04 03:28:49,097 [INFO] run_kgb_stress: === [17/30] layernorm__float16__128x512 epsilon_modify@L69 ===
2026-06-04 03:28:49,212 [INFO] run_kgb_stress:     rescued=True by=['value_stress']
2026-06-04 03:28:49,215 [INFO] run_kgb_stress: === [18/30] layernorm__float16__128x512 epsilon_modify@L69 ===
2026-06-04 03:28:49,578 [INFO] run_kgb_stress:     rescued=True by=['value_stress']
2026-06-04 03:28:49,581 [INFO] run_kgb_stress: === [19/30] layernorm__float16__128x512 cast_remove@L41 ===
2026-06-04 03:28:49,854 [INFO] run_kgb_stress:     rescued=True by=['value_stress']
2026-06-04 03:28:49,856 [INFO] run_kgb_stress: === [20/30] layernorm__float16__2048x256 arith_replace@L51 ===
2026-06-04 03:28:50,320 [INFO] run_kgb_stress:     rescued=True by=['value_stress']
2026-06-04 03:28:50,323 [INFO] run_kgb_stress: === [21/30] layernorm__float16__2048x256 const_perturb@L69 ===
2026-06-04 03:28:50,537 [INFO] run_kgb_stress:     rescued=True by=['value_stress']
2026-06-04 03:28:50,540 [INFO] run_kgb_stress: === [22/30] layernorm__float16__2048x256 const_perturb@L69 ===
2026-06-04 03:28:50,748 [INFO] run_kgb_stress:     rescued=True by=['value_stress']
2026-06-04 03:28:50,751 [INFO] run_kgb_stress: === [23/30] layernorm__float16__2048x256 const_perturb@L69 ===
2026-06-04 03:28:50,946 [INFO] run_kgb_stress:     rescued=True by=['value_stress']
2026-06-04 03:28:50,949 [INFO] run_kgb_stress: === [24/30] layernorm__float16__2048x256 const_perturb@L69 ===
2026-06-04 03:28:51,171 [INFO] run_kgb_stress:     rescued=True by=['value_stress']
2026-06-04 03:28:51,174 [INFO] run_kgb_stress: === [25/30] layernorm__float16__2048x256 acc_downgrade@L41 ===
2026-06-04 03:28:51,461 [INFO] run_kgb_stress:     rescued=True by=['value_stress']
2026-06-04 03:28:51,464 [INFO] run_kgb_stress: === [26/30] layernorm__float16__2048x256 epsilon_modify@L69 ===
2026-06-04 03:28:51,757 [INFO] run_kgb_stress:     rescued=True by=['value_stress']
2026-06-04 03:28:51,761 [INFO] run_kgb_stress: === [27/30] layernorm__float16__2048x256 cast_remove@L41 ===
2026-06-04 03:28:52,023 [INFO] run_kgb_stress:     rescued=True by=['value_stress']
2026-06-04 03:28:52,027 [INFO] run_kgb_stress: === [28/30] softmax__float16__2048x256 arith_replace@L42 ===
2026-06-04 03:28:52,454 [INFO] run_kgb_stress:     rescued=True by=['value_stress']
2026-06-04 03:28:52,457 [INFO] run_kgb_stress: === [29/30] flash_attention__float16__1x2x128x64 acc_downgrade@L117 ===
2026-06-04 03:28:55,214 [INFO] run_kgb_stress:     rescued=False by=[]
2026-06-04 03:28:55,217 [INFO] run_kgb_stress: === [30/30] flash_attention__float16__1x2x128x64 init_modify@L64 ===
2026-06-04 03:28:56,840 [INFO] run_kgb_stress:     rescued=False by=[]
2026-06-04 03:28:56,845 [INFO] run_kgb_stress: STRESS done: rescued 26/30 (86.7%) by_dim={'value_stress': 26}
KGB_STRESS_DONE rescued=26/30 rate=0.867 by_dim={'value_stress': 26}
EXT_SHARD_DONE 0 Thu Jun  4 03:28:57 AM 2026
