[2026-07-22T03:12:43.911778+00:00] E0 pilot: 180 probes planned, 27 already completed
[2026-07-22T03:17:46.824399+00:00] control L1_P19: legacy=survived corrected=survived
[2026-07-22T03:25:15.250764+00:00] control L1_P37: legacy=survived corrected=survived
[2026-07-22T03:30:08.201063+00:00] 3/180 L1_P37__index_replace__0: hist=killed legacy=survived corrected=killed paired_flip=True | GPU 4 MiB, 81920 MiB, 37
[2026-07-22T03:36:57.700256+00:00] control L1_P39: legacy=survived corrected=survived
[2026-07-22T03:46:39.830066+00:00] control L1_P25: legacy=survived corrected=survived
[2026-07-22T03:48:29.291918+00:00] control L1_P42: legacy=killed corrected=unknown
[2026-07-22T03:49:47.912134+00:00] control L1_P100: legacy=killed corrected=killed
[2026-07-22T03:50:22.620078+00:00] 10/180 L1_P100__launch_config_mutate__0: hist=killed legacy=killed corrected=killed paired_flip=None | GPU 4 MiB, 81920 MiB, 36
[2026-07-22T03:55:33.695904+00:00] control L1_P21: legacy=survived corrected=survived
[2026-07-22T03:58:24.475012+00:00] control L1_P38: legacy=killed corrected=killed
[2026-07-22T03:59:24.394737+00:00] 20/180 L1_P38__arith_replace__34: hist=killed legacy=killed corrected=killed paired_flip=None | GPU 4 MiB, 81920 MiB, 36
[2026-07-22T04:04:40.619393+00:00] control L1_P51: legacy=survived corrected=survived
[2026-07-22T04:11:48.745928+00:00] 25/180 L1_P37__const_perturb__2: hist=killed legacy=survived corrected=survived paired_flip=False | GPU 4 MiB, 81920 MiB, 37
[2026-07-22T04:17:05.028946+00:00] control L1_P27: legacy=survived corrected=survived
[2026-07-22T04:23:21.940197+00:00] control L1_P46: legacy=survived corrected=survived
[2026-07-22T04:29:48.207336+00:00] control L1_P48: legacy=survived corrected=survived
[2026-07-22T04:36:58.557463+00:00] control L1_P23: legacy=survived corrected=survived
[2026-07-22T04:57:45.714785+00:00] control L1_P24: legacy=survived corrected=survived
[2026-07-22T05:08:46.107143+00:00] control L1_P34: legacy=survived corrected=unknown
[2026-07-22T05:19:34.541213+00:00] control L1_P52: legacy=survived corrected=survived
[2026-07-22T05:24:54.133873+00:00] 45/180 L1_P100__const_perturb__1: hist=survived legacy=killed corrected=killed paired_flip=None | GPU 4 MiB, 81920 MiB, 36
[2026-07-22T05:25:59.624620+00:00] control L1_P31: legacy=killed corrected=killed
[2026-07-22T05:32:03.726976+00:00] control L1_P49: legacy=survived corrected=survived
[2026-07-22T05:41:45.999138+00:00] control L1_P53: legacy=survived corrected=survived
[2026-07-22T05:52:27.213291+00:00] control L1_P29: legacy=survived corrected=survived
[2026-07-22T05:57:43.684988+00:00] 50/180 L1_P29__relop_replace__9: hist=candidate_equivalent legacy=survived corrected=survived paired_flip=False | GPU 4 MiB, 81920 MiB, 37
[2026-07-22T06:06:19.799958+00:00] 55/180 L1_P52__const_perturb__7: hist=candidate_equivalent legacy=survived corrected=survived paired_flip=False | GPU 4 MiB, 81920 MiB, 36
[2026-07-22T06:11:08.855472+00:00] control L1_P47: legacy=survived corrected=survived
[2026-07-22T06:21:22.147205+00:00] control L1_P65: legacy=killed corrected=survived
[2026-07-22T06:21:47.152316+00:00] control L1_P50: legacy=killed corrected=unknown
[2026-07-22T06:22:05.746026+00:00] control L1_P80: legacy=killed corrected=survived
[2026-07-22T06:28:19.981985+00:00] control L1_P35: legacy=survived corrected=survived
[2026-07-22T06:29:42.560382+00:00] control L1_P69: legacy=killed corrected=survived
[2026-07-22T06:30:11.518460+00:00] 65/180 L1_P69__mask_boundary__0: hist=killed legacy=killed corrected=survived paired_flip=None | GPU 4 MiB, 81920 MiB, 42
[2026-07-22T06:30:28.546458+00:00] control L1_P74: legacy=killed corrected=survived
[2026-07-22T06:32:30.453799+00:00] 70/180 L1_P69__index_replace__1: hist=killed legacy=killed corrected=killed paired_flip=None | GPU 4 MiB, 81920 MiB, 40
[2026-07-22T06:35:53.538823+00:00] control L1_P33: legacy=survived corrected=unknown
[2026-07-22T06:39:23.704992+00:00] 75/180 L1_P69__relop_replace__3: hist=killed legacy=killed corrected=killed paired_flip=None | GPU 4 MiB, 81920 MiB, 39
[2026-07-22T06:39:52.721114+00:00] control L1_P40: legacy=survived corrected=unknown
[2026-07-22T06:40:42.502942+00:00] 80/180 L1_P74__relop_replace__10: hist=killed legacy=killed corrected=survived paired_flip=None | GPU 4 MiB, 81920 MiB, 38
[2026-07-22T06:41:44.676315+00:00] 85/180 L1_P69__relop_replace__6: hist=killed legacy=killed corrected=killed paired_flip=None | GPU 4 MiB, 81920 MiB, 38
[2026-07-22T06:42:42.302115+00:00] 90/180 L1_P80__relop_replace__5: hist=killed legacy=killed corrected=killed paired_flip=None | GPU 4 MiB, 81920 MiB, 38
[2026-07-22T06:49:53.010689+00:00] 95/180 L1_P50__arith_replace__16: hist=survived legacy=killed corrected=unknown paired_flip=None | GPU 4 MiB, 81920 MiB, 36
[2026-07-22T06:57:13.202554+00:00] 100/180 L1_P50__mask_boundary__4: hist=candidate_equivalent legacy=killed corrected=unknown paired_flip=None | GPU 4 MiB, 81920 MiB, 36
[2026-07-22T07:11:27.195505+00:00] 105/180 L1_P50__arith_replace__18: hist=survived legacy=killed corrected=unknown paired_flip=None | GPU 4 MiB, 81920 MiB, 36
[2026-07-22T07:25:17.940535+00:00] 110/180 L1_P33__sync_remove__0: hist=candidate_equivalent legacy=survived corrected=unknown paired_flip=None | GPU 4 MiB, 81920 MiB, 36
[2026-07-22T07:40:25.034904+00:00] 115/180 L1_P50__index_replace__4: hist=candidate_equivalent legacy=killed corrected=unknown paired_flip=None | GPU 4 MiB, 81920 MiB, 36
[2026-07-22T07:59:38.698952+00:00] 120/180 L1_P33__relop_replace__0: hist=candidate_equivalent legacy=survived corrected=unknown paired_flip=None | GPU 4 MiB, 81920 MiB, 36
[2026-07-22T07:59:48.157917+00:00] control L2_P53: legacy=killed corrected=survived
[2026-07-22T08:00:05.312821+00:00] control L2_P84: legacy=survived corrected=unknown
[2026-07-22T08:00:25.387444+00:00] control L2_P28: legacy=killed corrected=unknown
[2026-07-22T08:02:48.631394+00:00] control L2_P73: legacy=killed corrected=unknown
[2026-07-22T08:03:08.205095+00:00] control L2_P40: legacy=killed corrected=survived
[2026-07-22T08:03:16.448166+00:00] 125/180 L2_P40__mask_boundary__4: hist=killed legacy=killed corrected=killed paired_flip=None | GPU 4 MiB, 81920 MiB, 41
[2026-07-22T08:03:23.950221+00:00] control L2_P64: legacy=killed corrected=killed
[2026-07-22T08:03:37.487760+00:00] control L2_P58: legacy=killed corrected=killed
[2026-07-22T08:04:44.102756+00:00] control L2_P56: legacy=survived corrected=survived
[2026-07-22T08:06:27.531181+00:00] 129/180 L2_P56__arith_replace__11: hist=killed legacy=killed corrected=survived paired_flip=True | GPU 4 MiB, 81920 MiB, 38
[2026-07-22T08:08:41.719043+00:00] 130/180 L2_P28__index_replace__13: hist=killed legacy=killed corrected=unknown paired_flip=None | GPU 4 MiB, 81920 MiB, 46
[2026-07-22T08:08:47.348173+00:00] control L2_P24: legacy=killed corrected=survived
[2026-07-22T08:09:04.570078+00:00] control L2_P98: legacy=killed corrected=survived
[2026-07-22T08:09:37.598334+00:00] control L2_P87: legacy=killed corrected=survived
[2026-07-22T08:10:01.869464+00:00] control L2_P63: legacy=killed corrected=survived
[2026-07-22T08:10:10.689124+00:00] 135/180 L2_P63__const_perturb__8: hist=killed legacy=killed corrected=survived paired_flip=None | GPU 4 MiB, 81920 MiB, 39
[2026-07-22T08:10:33.988259+00:00] control L2_P32: legacy=killed corrected=survived
[2026-07-22T08:11:41.576711+00:00] control L2_P59: legacy=killed corrected=survived
[2026-07-22T08:12:47.075265+00:00] control L2_P17: legacy=killed corrected=survived
[2026-07-22T08:13:09.699453+00:00] 140/180 L2_P28__const_perturb__1: hist=killed legacy=killed corrected=unknown paired_flip=None | GPU 4 MiB, 81920 MiB, 39
[2026-07-22T08:13:14.508128+00:00] control L2_P41: legacy=stillborn corrected=stillborn
[2026-07-22T08:13:27.683877+00:00] control L2_P86: legacy=killed corrected=survived
[2026-07-22T08:14:50.965581+00:00] control L2_P46: legacy=killed corrected=survived
[2026-07-22T08:15:00.373400+00:00] 145/180 L2_P46__launch_config_mutate__1: hist=killed legacy=killed corrected=killed paired_flip=None | GPU 4 MiB, 81920 MiB, 38
[2026-07-22T08:15:21.708020+00:00] control L2_P9: legacy=survived corrected=survived
[2026-07-22T08:15:48.167512+00:00] control L2_P44: legacy=killed corrected=killed
[2026-07-22T08:16:06.936918+00:00] 150/180 L2_P17__launch_config_mutate__0: hist=killed legacy=killed corrected=killed paired_flip=None | GPU 4 MiB, 81920 MiB, 39
[2026-07-22T08:16:21.584860+00:00] control L2_P66: legacy=killed corrected=killed
[2026-07-22T08:16:56.962507+00:00] 155/180 L2_P41__const_perturb__6: hist=survived legacy=stillborn corrected=stillborn paired_flip=None | GPU 4 MiB, 81920 MiB, 37
[2026-07-22T08:17:31.255092+00:00] 160/180 L2_P66__const_perturb__0: hist=candidate_equivalent legacy=killed corrected=killed paired_flip=None | GPU 4 MiB, 81920 MiB, 36
[2026-07-22T08:18:09.178112+00:00] 165/180 L2_P58__mask_boundary__2: hist=candidate_equivalent legacy=killed corrected=killed paired_flip=None | GPU 4 MiB, 81920 MiB, 36
[2026-07-22T08:19:04.162209+00:00] 170/180 L2_P66__sync_remove__0: hist=survived legacy=killed corrected=killed paired_flip=None | GPU 4 MiB, 81920 MiB, 36
[2026-07-22T08:19:58.411817+00:00] 175/180 L2_P66__mask_boundary__3: hist=candidate_equivalent legacy=killed corrected=killed paired_flip=None | GPU 4 MiB, 81920 MiB, 36
[2026-07-22T08:20:35.356563+00:00] 180/180 L2_P66__relop_replace__4: hist=candidate_equivalent legacy=killed corrected=killed paired_flip=None | GPU 4 MiB, 81920 MiB, 36
[2026-07-22T08:20:35.390979+00:00] DONE: {'finished_at': '2026-07-22T08:20:35.390740+00:00', 'completed': 180, 'flip_counts': {'paired=False': 33, 'paired=None': 118, 'paired=True': 2, 'vs_hist=False': 30, 'vs_hist=None': 118, 'vs_hist=True': 5}}
